Archive member included because of file (symbol)

/home/reglisse/opt/gcc-arm-none-eabi-4_9-2015q3/bin/../lib/gcc/arm-none-eabi/4.9.3/../../../../arm-none-eabi/lib/cortex-m7/fpu/fpv5-d16/libc_nano.a(lib_a-atoi.o)
                              build/main.o (atoi)
/home/reglisse/opt/gcc-arm-none-eabi-4_9-2015q3/bin/../lib/gcc/arm-none-eabi/4.9.3/../../../../arm-none-eabi/lib/cortex-m7/fpu/fpv5-d16/libc_nano.a(lib_a-exit.o)
                              /home/reglisse/opt/gcc-arm-none-eabi-4_9-2015q3/bin/../lib/gcc/arm-none-eabi/4.9.3/../../../../arm-none-eabi/lib/cortex-m7/fpu/fpv5-d16/crt0.o (exit)
/home/reglisse/opt/gcc-arm-none-eabi-4_9-2015q3/bin/../lib/gcc/arm-none-eabi/4.9.3/../../../../arm-none-eabi/lib/cortex-m7/fpu/fpv5-d16/libc_nano.a(lib_a-impure.o)
                              /home/reglisse/opt/gcc-arm-none-eabi-4_9-2015q3/bin/../lib/gcc/arm-none-eabi/4.9.3/../../../../arm-none-eabi/lib/cortex-m7/fpu/fpv5-d16/libc_nano.a(lib_a-exit.o) (_global_impure_ptr)
/home/reglisse/opt/gcc-arm-none-eabi-4_9-2015q3/bin/../lib/gcc/arm-none-eabi/4.9.3/../../../../arm-none-eabi/lib/cortex-m7/fpu/fpv5-d16/libc_nano.a(lib_a-init.o)
                              /home/reglisse/opt/gcc-arm-none-eabi-4_9-2015q3/bin/../lib/gcc/arm-none-eabi/4.9.3/../../../../arm-none-eabi/lib/cortex-m7/fpu/fpv5-d16/crt0.o (__libc_init_array)
/home/reglisse/opt/gcc-arm-none-eabi-4_9-2015q3/bin/../lib/gcc/arm-none-eabi/4.9.3/../../../../arm-none-eabi/lib/cortex-m7/fpu/fpv5-d16/libc_nano.a(lib_a-malloc.o)
                              build/main.o (malloc)
/home/reglisse/opt/gcc-arm-none-eabi-4_9-2015q3/bin/../lib/gcc/arm-none-eabi/4.9.3/../../../../arm-none-eabi/lib/cortex-m7/fpu/fpv5-d16/libc_nano.a(lib_a-memcpy.o)
                              build/queue.o (memcpy)
/home/reglisse/opt/gcc-arm-none-eabi-4_9-2015q3/bin/../lib/gcc/arm-none-eabi/4.9.3/../../../../arm-none-eabi/lib/cortex-m7/fpu/fpv5-d16/libc_nano.a(lib_a-memset.o)
                              /home/reglisse/opt/gcc-arm-none-eabi-4_9-2015q3/bin/../lib/gcc/arm-none-eabi/4.9.3/../../../../arm-none-eabi/lib/cortex-m7/fpu/fpv5-d16/crt0.o (memset)
/home/reglisse/opt/gcc-arm-none-eabi-4_9-2015q3/bin/../lib/gcc/arm-none-eabi/4.9.3/../../../../arm-none-eabi/lib/cortex-m7/fpu/fpv5-d16/libc_nano.a(lib_a-nano-freer.o)
                              /home/reglisse/opt/gcc-arm-none-eabi-4_9-2015q3/bin/../lib/gcc/arm-none-eabi/4.9.3/../../../../arm-none-eabi/lib/cortex-m7/fpu/fpv5-d16/libc_nano.a(lib_a-malloc.o) (_free_r)
/home/reglisse/opt/gcc-arm-none-eabi-4_9-2015q3/bin/../lib/gcc/arm-none-eabi/4.9.3/../../../../arm-none-eabi/lib/cortex-m7/fpu/fpv5-d16/libc_nano.a(lib_a-nano-mallocr.o)
                              /home/reglisse/opt/gcc-arm-none-eabi-4_9-2015q3/bin/../lib/gcc/arm-none-eabi/4.9.3/../../../../arm-none-eabi/lib/cortex-m7/fpu/fpv5-d16/libc_nano.a(lib_a-malloc.o) (_malloc_r)
/home/reglisse/opt/gcc-arm-none-eabi-4_9-2015q3/bin/../lib/gcc/arm-none-eabi/4.9.3/../../../../arm-none-eabi/lib/cortex-m7/fpu/fpv5-d16/libc_nano.a(lib_a-perror.o)
                              build/main.o (perror)
/home/reglisse/opt/gcc-arm-none-eabi-4_9-2015q3/bin/../lib/gcc/arm-none-eabi/4.9.3/../../../../arm-none-eabi/lib/cortex-m7/fpu/fpv5-d16/libc_nano.a(lib_a-puts.o)
                              build/cureManager.o (puts)
/home/reglisse/opt/gcc-arm-none-eabi-4_9-2015q3/bin/../lib/gcc/arm-none-eabi/4.9.3/../../../../arm-none-eabi/lib/cortex-m7/fpu/fpv5-d16/libc_nano.a(lib_a-sbrkr.o)
                              /home/reglisse/opt/gcc-arm-none-eabi-4_9-2015q3/bin/../lib/gcc/arm-none-eabi/4.9.3/../../../../arm-none-eabi/lib/cortex-m7/fpu/fpv5-d16/libc_nano.a(lib_a-nano-mallocr.o) (_sbrk_r)
/home/reglisse/opt/gcc-arm-none-eabi-4_9-2015q3/bin/../lib/gcc/arm-none-eabi/4.9.3/../../../../arm-none-eabi/lib/cortex-m7/fpu/fpv5-d16/libc_nano.a(lib_a-sprintf.o)
                              build/main.o (sprintf)
/home/reglisse/opt/gcc-arm-none-eabi-4_9-2015q3/bin/../lib/gcc/arm-none-eabi/4.9.3/../../../../arm-none-eabi/lib/cortex-m7/fpu/fpv5-d16/libc_nano.a(lib_a-strcmp.o)
                              build/cureManager.o (strcmp)
/home/reglisse/opt/gcc-arm-none-eabi-4_9-2015q3/bin/../lib/gcc/arm-none-eabi/4.9.3/../../../../arm-none-eabi/lib/cortex-m7/fpu/fpv5-d16/libc_nano.a(lib_a-strcpy.o)
                              build/main.o (strcpy)
/home/reglisse/opt/gcc-arm-none-eabi-4_9-2015q3/bin/../lib/gcc/arm-none-eabi/4.9.3/../../../../arm-none-eabi/lib/cortex-m7/fpu/fpv5-d16/libc_nano.a(lib_a-strerror.o)
                              /home/reglisse/opt/gcc-arm-none-eabi-4_9-2015q3/bin/../lib/gcc/arm-none-eabi/4.9.3/../../../../arm-none-eabi/lib/cortex-m7/fpu/fpv5-d16/libc_nano.a(lib_a-perror.o) (_strerror_r)
/home/reglisse/opt/gcc-arm-none-eabi-4_9-2015q3/bin/../lib/gcc/arm-none-eabi/4.9.3/../../../../arm-none-eabi/lib/cortex-m7/fpu/fpv5-d16/libc_nano.a(lib_a-strlen.o)
                              build/main.o (strlen)
[...]
Memory Configuration

Name             Origin             Length             Attributes
RAM              0x20000000         0x00080000         xrw
FLASH            0x08000000         0x00200000         xr
*default*        0x00000000         0xffffffff

Linker script and memory map

LOAD /home/reglisse/opt/gcc-arm-none-eabi-4_9-2015q3/bin/../lib/gcc/arm-none-eabi/4.9.3/cortex-m7/fpu/fpv5-d16/crti.o
LOAD /home/reglisse/opt/gcc-arm-none-eabi-4_9-2015q3/bin/../lib/gcc/arm-none-eabi/4.9.3/cortex-m7/fpu/fpv5-d16/crtbegin.o
LOAD /home/reglisse/opt/gcc-arm-none-eabi-4_9-2015q3/bin/../lib/gcc/arm-none-eabi/4.9.3/../../../../arm-none-eabi/lib/cortex-m7/fpu/fpv5-d16/crt0.o
LOAD build/main.o
LOAD build/cureManager.o
LOAD build/freertos.o
LOAD build/stm32f7xx_it.o
LOAD build/stm32f7xx_hal_msp.o
LOAD build/stm32f7xx_hal_cortex.o
LOAD build/stm32f7xx_hal_tim.o
LOAD build/stm32f7xx_hal_tim_ex.o
LOAD build/stm32f7xx_hal_uart.o
LOAD build/stm32f7xx_hal_rcc.o
LOAD build/stm32f7xx_hal_rcc_ex.o
LOAD build/stm32f7xx_hal_flash.o
LOAD build/stm32f7xx_hal_flash_ex.o
LOAD build/stm32f7xx_hal_gpio.o
LOAD build/stm32f7xx_hal_dma.o
LOAD build/stm32f7xx_hal_dma_ex.o
LOAD build/stm32f7xx_hal_pwr.o
LOAD build/stm32f7xx_hal_pwr_ex.o
LOAD build/stm32f7xx_hal.o
LOAD build/stm32f7xx_hal_i2c.o
LOAD build/stm32f7xx_hal_i2c_ex.o
LOAD build/system_stm32f7xx.o
LOAD build/heap_4.o
LOAD build/port.o
LOAD build/tasks.o
LOAD build/queue.o
LOAD build/list.o
LOAD build/timers.o
LOAD build/event_groups.o
LOAD build/croutine.o
LOAD build/cmsis_os.o
LOAD build/startup_stm32f767xx.o
LOAD /home/reglisse/opt/gcc-arm-none-eabi-4_9-2015q3/bin/../lib/gcc/arm-none-eabi/4.9.3/../../../../arm-none-eabi/lib/cortex-m7/fpu/fpv5-d16/libc_nano.a
LOAD /home/reglisse/opt/gcc-arm-none-eabi-4_9-2015q3/bin/../lib/gcc/arm-none-eabi/4.9.3/../../../../arm-none-eabi/lib/cortex-m7/fpu/fpv5-d16/libm.a
LOAD /home/reglisse/opt/gcc-arm-none-eabi-4_9-2015q3/bin/../lib/gcc/arm-none-eabi/4.9.3/../../../../arm-none-eabi/lib/cortex-m7/fpu/fpv5-d16/libnosys.a
START GROUP
LOAD /home/reglisse/opt/gcc-arm-none-eabi-4_9-2015q3/bin/../lib/gcc/arm-none-eabi/4.9.3/cortex-m7/fpu/fpv5-d16/libgcc.a
LOAD /home/reglisse/opt/gcc-arm-none-eabi-4_9-2015q3/bin/../lib/gcc/arm-none-eabi/4.9.3/../../../../arm-none-eabi/lib/cortex-m7/fpu/fpv5-d16/libc_nano.a
END GROUP
START GROUP
LOAD /home/reglisse/opt/gcc-arm-none-eabi-4_9-2015q3/bin/../lib/gcc/arm-none-eabi/4.9.3/cortex-m7/fpu/fpv5-d16/libgcc.a
LOAD /home/reglisse/opt/gcc-arm-none-eabi-4_9-2015q3/bin/../lib/gcc/arm-none-eabi/4.9.3/../../../../arm-none-eabi/lib/cortex-m7/fpu/fpv5-d16/libc_nano.a
END GROUP
LOAD /home/reglisse/opt/gcc-arm-none-eabi-4_9-2015q3/bin/../lib/gcc/arm-none-eabi/4.9.3/cortex-m7/fpu/fpv5-d16/crtend.o
LOAD /home/reglisse/opt/gcc-arm-none-eabi-4_9-2015q3/bin/../lib/gcc/arm-none-eabi/4.9.3/cortex-m7/fpu/fpv5-d16/crtn.o
                0x20080000                _estack = 0x20080000
                0x00000200                _Min_Heap_Size = 0x200
                0x00000400                _Min_Stack_Size = 0x400

.isr_vector     0x08000000      0x1f8
                0x08000000                . = ALIGN (0x4)
 *(.isr_vector)
 .isr_vector    0x08000000      0x1f8 build/startup_stm32f767xx.o
                0x08000000                g_pfnVectors
                0x080001f8                . = ALIGN (0x4)

.text           0x08000200     0x59fc
                0x08000200                . = ALIGN (0x4)
 *(.text)
 .text          0x08000200       0x5c /home/reglisse/opt/gcc-arm-none-eabi-4_9-2015q3/bin/../lib/gcc/arm-none-eabi/4.9.3/cortex-m7/fpu/fpv5-d16/crtbegin.o
 .text          0x0800025c       0x14 /home/reglisse/opt/gcc-arm-none-eabi-4_9-2015q3/bin/../lib/gcc/arm-none-eabi/4.9.3/../../../../arm-none-eabi/lib/cortex-m7/fpu/fpv5-d16/libc_nano.a(lib_a-strcmp.o)
                0x0800025c                strcmp
 .text          0x08000270       0x30 /home/reglisse/opt/gcc-arm-none-eabi-4_9-2015q3/bin/../lib/gcc/arm-none-eabi/4.9.3/cortex-m7/fpu/fpv5-d16/libgcc.a(_aeabi_uldivmod.o)
                0x08000270                __aeabi_uldivmod
 .text          0x080002a0       0x60 /home/reglisse/opt/gcc-arm-none-eabi-4_9-2015q3/bin/../lib/gcc/arm-none-eabi/4.9.3/cortex-m7/fpu/fpv5-d16/libgcc.a(bpabi.o)
                0x080002a0                __gnu_ldivmod_helper
                0x080002d0                __gnu_uldivmod_helper
 .text          0x08000300        0x4 /home/reglisse/opt/gcc-arm-none-eabi-4_9-2015q3/bin/../lib/gcc/arm-none-eabi/4.9.3/cortex-m7/fpu/fpv5-d16/libgcc.a(_dvmd_tls.o)
                0x08000300                __aeabi_ldiv0
                0x08000300                __aeabi_idiv0
 .text          0x08000304      0x284 /home/reglisse/opt/gcc-arm-none-eabi-4_9-2015q3/bin/../lib/gcc/arm-none-eabi/4.9.3/cortex-m7/fpu/fpv5-d16/libgcc.a(_divdi3.o)
                0x08000304                __divdi3
 .text          0x08000588      0x248 /home/reglisse/opt/gcc-arm-none-eabi-4_9-2015q3/bin/../lib/gcc/arm-none-eabi/4.9.3/cortex-m7/fpu/fpv5-d16/libgcc.a(_udivdi3.o)
                0x08000588                __udivdi3
 *(.text*)
 .text.vMainTaskCode
                0x080007d0       0x3c build/main.o
 .text.idle     0x0800080c       0x18 build/main.o
 .text.MX_GPIO_Init
                0x08000824       0x80 build/main.o
 .text.parse    0x080008a4       0x74 build/main.o
                0x080008a4                parse
 .text.computeEntry
                0x08000918       0xa8 build/main.o
                0x08000918                computeEntry
 .text.concat   0x080009c0      0x11c build/main.o
                0x080009c0                concat
 .text.HAL_UART_RxCpltCallback
                0x08000adc       0x10 build/main.o
                0x08000adc                HAL_UART_RxCpltCallback
 .text.vCureTaskCodeA
                0x08000aec       0xb8 build/main.o
                0x08000aec                vCureTaskCodeA
 .text.vCureTaskCodeB
                0x08000ba4       0xbc build/main.o
                0x08000ba4                vCureTaskCodeB
 .text._Error_Handler
                0x08000c60        0x4 build/main.o
                0x08000c60                _Error_Handler
 .text.MX_USART3_UART_Init
                0x08000c64       0x40 build/main.o
 .text.SystemClock_Config
                0x08000ca4       0xec build/main.o
                0x08000ca4                SystemClock_Config
 .text.main     0x08000d90       0x58 build/main.o
                0x08000d90                main
 .text.InitDrugCureList
                0x08000de8        0x8 build/cureManager.o
                0x08000de8                InitDrugCureList
 .text.AddCureDrug
                0x08000df0       0xb4 build/cureManager.o
                0x08000df0                AddCureDrug
 .text.ModifyCure
                0x08000ea4       0x74 build/cureManager.o
                0x08000ea4                ModifyCure
 .text.RemoveCure
                0x08000f18       0x64 build/cureManager.o
                0x08000f18                RemoveCure
 .text.CheckName
                0x08000f7c       0x4c build/cureManager.o
                0x08000f7c                CheckName
 .text.LaunchCure
                0x08000fc8       0x84 build/cureManager.o
                0x08000fc8                LaunchCure
 .text.NMI_Handler
                0x0800104c        0x4 build/stm32f7xx_it.o
                0x0800104c                NMI_Handler
 .text.HardFault_Handler
                0x08001050        0x4 build/stm32f7xx_it.o
                0x08001050                HardFault_Handler
 .text.MemManage_Handler
                0x08001054        0x4 build/stm32f7xx_it.o
                0x08001054                MemManage_Handler
 .text.BusFault_Handler
                0x08001058        0x4 build/stm32f7xx_it.o
                0x08001058                BusFault_Handler
 .text.UsageFault_Handler
                0x0800105c        0x4 build/stm32f7xx_it.o
                0x0800105c                UsageFault_Handler
 .text.DebugMon_Handler
                0x08001060        0x4 build/stm32f7xx_it.o
                0x08001060                DebugMon_Handler
 .text.SysTick_Handler
                0x08001064        0xc build/stm32f7xx_it.o
                0x08001064                SysTick_Handler
 .text.USART3_IRQHandler
                0x08001070       0x10 build/stm32f7xx_it.o
                0x08001070                USART3_IRQHandler
 .text.HAL_MspInit
                0x08001080       0x90 build/stm32f7xx_hal_msp.o
                0x08001080                HAL_MspInit
 .text.HAL_UART_MspInit
                0x08001110       0x60 build/stm32f7xx_hal_msp.o
                0x08001110                HAL_UART_MspInit
 .text.HAL_NVIC_SetPriorityGrouping
                0x08001170       0x24 build/stm32f7xx_hal_cortex.o
                0x08001170                HAL_NVIC_SetPriorityGrouping
 .text.HAL_NVIC_SetPriority
                0x08001194       0x60 build/stm32f7xx_hal_cortex.o
                0x08001194                HAL_NVIC_SetPriority
 .text.HAL_NVIC_EnableIRQ
                0x080011f4       0x18 build/stm32f7xx_hal_cortex.o
                0x080011f4                HAL_NVIC_EnableIRQ
 .text.HAL_SYSTICK_Config
                0x0800120c       0x2c build/stm32f7xx_hal_cortex.o
                0x0800120c                HAL_SYSTICK_Config
 .text.HAL_SYSTICK_CLKSourceConfig
                0x08001238       0x20 build/stm32f7xx_hal_cortex.o
                0x08001238                HAL_SYSTICK_CLKSourceConfig
 .text.UART_Transmit_IT
                0x08001258       0x6c build/stm32f7xx_hal_uart.o
 .text.UART_EndRxTransfer
                0x080012c4       0x1c build/stm32f7xx_hal_uart.o
 .text.HAL_UART_Receive_IT
                0x080012e0       0xa8 build/stm32f7xx_hal_uart.o
                0x080012e0                HAL_UART_Receive_IT
 .text.UART_WaitOnFlagUntilTimeout
                0x08001388       0x68 build/stm32f7xx_hal_uart.o
                0x08001388                UART_WaitOnFlagUntilTimeout
 .text.HAL_UART_Transmit
                0x080013f0       0xcc build/stm32f7xx_hal_uart.o
                0x080013f0                HAL_UART_Transmit
 .text.HAL_UART_TxCpltCallback
                0x080014bc        0x4 build/stm32f7xx_hal_uart.o
                0x080014bc                HAL_UART_TxCpltCallback
 .text.UART_EndTransmit_IT
                0x080014c0       0x1c build/stm32f7xx_hal_uart.o
 .text.UART_Receive_IT
                0x080014dc       0x80 build/stm32f7xx_hal_uart.o
 .text.HAL_UART_ErrorCallback
                0x0800155c        0x4 build/stm32f7xx_hal_uart.o
                0x0800155c                HAL_UART_ErrorCallback
 .text.HAL_UART_IRQHandler
                0x08001560      0x134 build/stm32f7xx_hal_uart.o
                0x08001560                HAL_UART_IRQHandler
 .text.UART_DMAAbortOnError
                0x08001694       0x14 build/stm32f7xx_hal_uart.o
 .text.UART_SetConfig
                0x080016a8      0x364 build/stm32f7xx_hal_uart.o
                0x080016a8                UART_SetConfig
 .text.UART_AdvFeatureConfig
                0x08001a0c       0xc8 build/stm32f7xx_hal_uart.o
                0x08001a0c                UART_AdvFeatureConfig
 .text.UART_CheckIdleState
                0x08001ad4       0x48 build/stm32f7xx_hal_uart.o
                0x08001ad4                UART_CheckIdleState
 .text.HAL_UART_Init
                0x08001b1c       0x6c build/stm32f7xx_hal_uart.o
                0x08001b1c                HAL_UART_Init
 .text.HAL_RCC_OscConfig
                0x08001b88      0x400 build/stm32f7xx_hal_rcc.o
                0x08001b88                HAL_RCC_OscConfig
 .text.HAL_RCC_GetSysClockFreq
                0x08001f88       0xa0 build/stm32f7xx_hal_rcc.o
                0x08001f88                HAL_RCC_GetSysClockFreq
 .text.HAL_RCC_ClockConfig
                0x08002028      0x16c build/stm32f7xx_hal_rcc.o
                0x08002028                HAL_RCC_ClockConfig
 .text.HAL_RCC_GetHCLKFreq
                0x08002194        0xc build/stm32f7xx_hal_rcc.o
                0x08002194                HAL_RCC_GetHCLKFreq
 .text.HAL_RCC_GetPCLK1Freq
                0x080021a0       0x20 build/stm32f7xx_hal_rcc.o
                0x080021a0                HAL_RCC_GetPCLK1Freq
 .text.HAL_RCC_GetPCLK2Freq
                0x080021c0       0x20 build/stm32f7xx_hal_rcc.o
                0x080021c0                HAL_RCC_GetPCLK2Freq
 .text.HAL_RCCEx_PeriphCLKConfig
                0x080021e0      0x604 build/stm32f7xx_hal_rcc_ex.o
                0x080021e0                HAL_RCCEx_PeriphCLKConfig
 .text.HAL_GPIO_Init
                0x080027e4      0x1e4 build/stm32f7xx_hal_gpio.o
                0x080027e4                HAL_GPIO_Init
 .text.HAL_GPIO_WritePin
                0x080029c8        0xc build/stm32f7xx_hal_gpio.o
                0x080029c8                HAL_GPIO_WritePin
 .text.HAL_DMA_Abort_IT
                0x080029d4       0x28 build/stm32f7xx_hal_dma.o
                0x080029d4                HAL_DMA_Abort_IT
 .text.HAL_PWREx_EnableOverDrive
                0x080029fc       0x80 build/stm32f7xx_hal_pwr_ex.o
                0x080029fc                HAL_PWREx_EnableOverDrive
 .text.HAL_InitTick
                0x08002a7c       0x4c build/stm32f7xx_hal.o
                0x08002a7c                HAL_InitTick
 .text.HAL_Init
                0x08002ac8       0x18 build/stm32f7xx_hal.o
                0x08002ac8                HAL_Init
 .text.HAL_IncTick
                0x08002ae0       0x18 build/stm32f7xx_hal.o
                0x08002ae0                HAL_IncTick
 .text.HAL_GetTick
                0x08002af8        0xc build/stm32f7xx_hal.o
                0x08002af8                HAL_GetTick
 .text.HAL_Delay
                0x08002b04       0x28 build/stm32f7xx_hal.o
                0x08002b04                HAL_Delay
 .text.SystemInit
                0x08002b2c       0x50 build/system_stm32f7xx.o
                0x08002b2c                SystemInit
 .text.prvHeapInit
                0x08002b7c       0x64 build/heap_4.o
 .text.prvInsertBlockIntoFreeList
                0x08002be0       0x58 build/heap_4.o
 .text.pvPortMalloc
                0x08002c38       0xf4 build/heap_4.o
                0x08002c38                pvPortMalloc
 .text.vPortFree
                0x08002d2c       0x80 build/heap_4.o
                0x08002d2c                vPortFree
 .text.prvTaskExitError
                0x08002dac       0x3c build/port.o
 .text.prvPortStartFirstTask
                0x08002de8       0x20 build/port.o
 .text.vPortEnableVFP
                0x08002e08       0x14 build/port.o
 .text.pxPortInitialiseStack
                0x08002e1c       0x2c build/port.o
                0x08002e1c                pxPortInitialiseStack
 *fill*         0x08002e48        0x8 
 .text.SVC_Handler
                0x08002e50       0x24 build/port.o
                0x08002e50                SVC_Handler
 .text.vPortEnterCritical
                0x08002e74       0x4c build/port.o
                0x08002e74                vPortEnterCritical
 .text.vPortExitCritical
                0x08002ec0       0x30 build/port.o
                0x08002ec0                vPortExitCritical
 .text.PendSV_Handler
                0x08002ef0       0x64 build/port.o
                0x08002ef0                PendSV_Handler
 .text.xPortSysTickHandler
                0x08002f54       0x30 build/port.o
                0x08002f54                xPortSysTickHandler
 .text.vPortSetupTimerInterrupt
                0x08002f84       0x2c build/port.o
                0x08002f84                vPortSetupTimerInterrupt
 .text.xPortStartScheduler
                0x08002fb0       0xa8 build/port.o
                0x08002fb0                xPortStartScheduler
 .text.prvTaskIsTaskSuspended
                0x08003058       0x50 build/tasks.o
 .text.prvResetNextTaskUnblockTime
                0x080030a8       0x34 build/tasks.o
 .text.prvDeleteTCB
                0x080030dc       0x14 build/tasks.o
 .text.prvInitialiseNewTask
                0x080030f0       0x80 build/tasks.o
 .text.prvInitialiseTaskLists
                0x08003170       0x68 build/tasks.o
 .text.prvAddNewTaskToReadyList
                0x080031d8       0xa8 build/tasks.o
 .text.prvAddCurrentTaskToDelayedList
                0x08003280       0xa0 build/tasks.o
 .text.xTaskCreate
                0x08003320       0x64 build/tasks.o
                0x08003320                xTaskCreate
 .text.vTaskDelete
                0x08003384       0xe0 build/tasks.o
                0x08003384                vTaskDelete
 .text.vTaskResume
                0x08003464       0x8c build/tasks.o
                0x08003464                vTaskResume
 .text.vTaskStartScheduler
                0x080034f0       0x84 build/tasks.o
                0x080034f0                vTaskStartScheduler
 .text.vTaskSuspendAll
                0x08003574       0x10 build/tasks.o
                0x08003574                vTaskSuspendAll
 .text.xTaskGetTickCount
                0x08003584        0xc build/tasks.o
                0x08003584                xTaskGetTickCount
 .text.uxTaskGetNumberOfTasks
                0x08003590        0xc build/tasks.o
                0x08003590                uxTaskGetNumberOfTasks
 .text.xTaskIncrementTick
                0x0800359c      0x128 build/tasks.o
                0x0800359c                xTaskIncrementTick
 .text.xTaskResumeAll
                0x080036c4       0xfc build/tasks.o
                0x080036c4                xTaskResumeAll
 .text.vTaskDelay
                0x080037c0       0x54 build/tasks.o
                0x080037c0                vTaskDelay
 .text.prvCheckTasksWaitingTermination
                0x08003814       0x54 build/tasks.o
 .text.prvIdleTask
                0x08003868       0x28 build/tasks.o
 .text.vTaskSwitchContext
                0x08003890       0x9c build/tasks.o
                0x08003890                vTaskSwitchContext
 .text.vTaskSuspend
                0x0800392c       0xd8 build/tasks.o
                0x0800392c                vTaskSuspend
 .text.vTaskPlaceOnEventList
                0x08003a04       0x34 build/tasks.o
                0x08003a04                vTaskPlaceOnEventList
 .text.xTaskRemoveFromEventList
                0x08003a38       0x90 build/tasks.o
                0x08003a38                xTaskRemoveFromEventList
 .text.vTaskSetTimeOutState
                0x08003ac8       0x30 build/tasks.o
                0x08003ac8                vTaskSetTimeOutState
 .text.xTaskCheckForTimeOut
                0x08003af8       0x88 build/tasks.o
                0x08003af8                xTaskCheckForTimeOut
 .text.vTaskMissedYield
                0x08003b80        0xc build/tasks.o
                0x08003b80                vTaskMissedYield
 .text.xTaskGetSchedulerState
                0x08003b8c       0x20 build/tasks.o
                0x08003b8c                xTaskGetSchedulerState
 .text.vTaskPriorityInherit
                0x08003bac       0xa8 build/tasks.o
                0x08003bac                vTaskPriorityInherit
 .text.xTaskPriorityDisinherit
                0x08003c54       0xbc build/tasks.o
                0x08003c54                xTaskPriorityDisinherit
 .text.pvTaskIncrementMutexHeldCount
                0x08003d10       0x1c build/tasks.o
                0x08003d10                pvTaskIncrementMutexHeldCount
 .text.prvIsQueueFull
                0x08003d2c       0x20 build/queue.o
 .text.prvIsQueueEmpty
                0x08003d4c       0x1c build/queue.o
 .text.prvCopyDataToQueue
                0x08003d68       0x78 build/queue.o
 .text.prvCopyDataFromQueue
                0x08003de0       0x24 build/queue.o
 .text.prvUnlockQueue
                0x08003e04       0x6c build/queue.o
 .text.xQueueGenericReset
                0x08003e70       0x84 build/queue.o
                0x08003e70                xQueueGenericReset
 .text.prvInitialiseNewQueue
                0x08003ef4       0x1c build/queue.o
 .text.xQueueGenericCreate
                0x08003f10       0x50 build/queue.o
                0x08003f10                xQueueGenericCreate
 .text.xQueueGenericSend
                0x08003f60      0x1a0 build/queue.o
                0x08003f60                xQueueGenericSend
 .text.prvInitialiseMutex
                0x08004100       0x18 build/queue.o
 .text.xQueueCreateMutex
                0x08004118       0x18 build/queue.o
                0x08004118                xQueueCreateMutex
 .text.xQueueGenericReceive
                0x08004130      0x1ac build/queue.o
                0x08004130                xQueueGenericReceive
 .text.vQueueUnregisterQueue
                0x080042dc       0x2c build/queue.o
                0x080042dc                vQueueUnregisterQueue
 .text.vQueueDelete
                0x08004308       0x28 build/queue.o
                0x08004308                vQueueDelete
 .text.vListInitialise
                0x08004330       0x18 build/list.o
                0x08004330                vListInitialise
 .text.vListInitialiseItem
                0x08004348        0x8 build/list.o
                0x08004348                vListInitialiseItem
 .text.vListInsertEnd
                0x08004350       0x18 build/list.o
                0x08004350                vListInsertEnd
 .text.vListInsert
                0x08004368       0x34 build/list.o
                0x08004368                vListInsert
 .text.uxListRemove
                0x0800439c       0x24 build/list.o
                0x0800439c                uxListRemove
 .text.osSystickHandler
                0x080043c0       0x10 build/cmsis_os.o
                0x080043c0                osSystickHandler
 .text.Reset_Handler
                0x080043d0       0x50 build/startup_stm32f767xx.o
                0x080043d0                Reset_Handler
 .text.Default_Handler
                0x08004420        0x2 build/startup_stm32f767xx.o
                0x08004420                RTC_Alarm_IRQHandler
                0x08004420                EXTI2_IRQHandler
                0x08004420                TIM8_CC_IRQHandler
                0x08004420                UART8_IRQHandler
                0x08004420                SPI4_IRQHandler
                0x08004420                TIM1_CC_IRQHandler
                0x08004420                DMA2_Stream5_IRQHandler
                0x08004420                JPEG_IRQHandler
                0x08004420                DMA1_Stream5_IRQHandler
                0x08004420                CAN3_RX1_IRQHandler
                0x08004420                PVD_IRQHandler
                0x08004420                TAMP_STAMP_IRQHandler
                0x08004420                CAN2_RX1_IRQHandler
                0x08004420                EXTI3_IRQHandler
                0x08004420                TIM8_TRG_COM_TIM14_IRQHandler
                0x08004420                DFSDM1_FLT1_IRQHandler
                0x08004420                TIM1_UP_TIM10_IRQHandler
                0x08004420                TIM8_UP_TIM13_IRQHandler
                0x08004420                I2C3_ER_IRQHandler
                0x08004420                DFSDM1_FLT2_IRQHandler
                0x08004420                EXTI0_IRQHandler
                0x08004420                I2C2_EV_IRQHandler
                0x08004420                DMA1_Stream2_IRQHandler
                0x08004420                CAN1_RX0_IRQHandler
                0x08004420                FPU_IRQHandler
                0x08004420                OTG_HS_WKUP_IRQHandler
                0x08004420                CAN3_SCE_IRQHandler
                0x08004420                LTDC_ER_IRQHandler
                0x08004420                CAN2_SCE_IRQHandler
                0x08004420                DMA2_Stream2_IRQHandler
                0x08004420                SPI1_IRQHandler
                0x08004420                TIM6_DAC_IRQHandler
                0x08004420                TIM1_BRK_TIM9_IRQHandler
                0x08004420                DCMI_IRQHandler
                0x08004420                CAN2_RX0_IRQHandler
                0x08004420                DMA2_Stream3_IRQHandler
                0x08004420                SAI2_IRQHandler
                0x08004420                DFSDM1_FLT3_IRQHandler
                0x08004420                USART6_IRQHandler
                0x08004420                CAN3_RX0_IRQHandler
                0x08004420                CAN1_RX1_IRQHandler
                0x08004420                UART5_IRQHandler
                0x08004420                DMA2_Stream0_IRQHandler
                0x08004420                TIM4_IRQHandler
                0x08004420                QUADSPI_IRQHandler
                0x08004420                I2C1_EV_IRQHandler
                0x08004420                DMA1_Stream6_IRQHandler
                0x08004420                DMA1_Stream1_IRQHandler
                0x08004420                UART4_IRQHandler
                0x08004420                TIM3_IRQHandler
                0x08004420                RCC_IRQHandler
                0x08004420                TIM8_BRK_TIM12_IRQHandler
                0x08004420                Default_Handler
                0x08004420                CEC_IRQHandler
                0x08004420                EXTI15_10_IRQHandler
                0x08004420                ADC_IRQHandler
                0x08004420                DMA1_Stream7_IRQHandler
                0x08004420                SPI5_IRQHandler
                0x08004420                TIM7_IRQHandler
                0x08004420                SDMMC1_IRQHandler
                0x08004420                CAN2_TX_IRQHandler
                0x08004420                TIM5_IRQHandler
                0x08004420                DMA2_Stream7_IRQHandler
                0x08004420                I2C3_EV_IRQHandler
                0x08004420                EXTI9_5_IRQHandler
                0x08004420                RTC_WKUP_IRQHandler
                0x08004420                LTDC_IRQHandler
                0x08004420                ETH_WKUP_IRQHandler
                0x08004420                SPDIF_RX_IRQHandler
                0x08004420                SPI2_IRQHandler
                0x08004420                OTG_HS_EP1_IN_IRQHandler
                0x08004420                DMA1_Stream0_IRQHandler
                0x08004420                CAN1_TX_IRQHandler
                0x08004420                EXTI4_IRQHandler
                0x08004420                RNG_IRQHandler
                0x08004420                ETH_IRQHandler
                0x08004420                OTG_HS_EP1_OUT_IRQHandler
                0x08004420                WWDG_IRQHandler
                0x08004420                SPI6_IRQHandler
                0x08004420                MDIOS_IRQHandler
                0x08004420                I2C4_EV_IRQHandler
                0x08004420                CAN3_TX_IRQHandler
                0x08004420                TIM2_IRQHandler
                0x08004420                OTG_FS_WKUP_IRQHandler
                0x08004420                TIM1_TRG_COM_TIM11_IRQHandler
                0x08004420                OTG_HS_IRQHandler
                0x08004420                DMA2D_IRQHandler
                0x08004420                EXTI1_IRQHandler
                0x08004420                SDMMC2_IRQHandler
                0x08004420                UART7_IRQHandler
                0x08004420                USART2_IRQHandler
                0x08004420                DFSDM1_FLT0_IRQHandler
                0x08004420                I2C2_ER_IRQHandler
                0x08004420                DMA2_Stream1_IRQHandler
                0x08004420                CAN1_SCE_IRQHandler
                0x08004420                FLASH_IRQHandler
                0x08004420                DMA2_Stream4_IRQHandler
                0x08004420                USART1_IRQHandler
                0x08004420                OTG_FS_IRQHandler
                0x08004420                SPI3_IRQHandler
                0x08004420                DMA1_Stream4_IRQHandler
                0x08004420                I2C1_ER_IRQHandler
                0x08004420                FMC_IRQHandler
                0x08004420                LPTIM1_IRQHandler
                0x08004420                I2C4_ER_IRQHandler
                0x08004420                DMA2_Stream6_IRQHandler
                0x08004420                SAI1_IRQHandler
                0x08004420                DMA1_Stream3_IRQHandler
 .text.atoi     0x08004422        0x8 /home/reglisse/opt/gcc-arm-none-eabi-4_9-2015q3/bin/../lib/gcc/arm-none-eabi/4.9.3/../../../../arm-none-eabi/lib/cortex-m7/fpu/fpv5-d16/libc_nano.a(lib_a-atoi.o)
                0x08004422                atoi
 *fill*         0x0800442a        0x2 
 .text.exit     0x0800442c       0x28 /home/reglisse/opt/gcc-arm-none-eabi-4_9-2015q3/bin/../lib/gcc/arm-none-eabi/4.9.3/../../../../arm-none-eabi/lib/cortex-m7/fpu/fpv5-d16/libc_nano.a(lib_a-exit.o)
                0x0800442c                exit
 .text.__libc_init_array
                0x08004454       0x4c /home/reglisse/opt/gcc-arm-none-eabi-4_9-2015q3/bin/../lib/gcc/arm-none-eabi/4.9.3/../../../../arm-none-eabi/lib/cortex-m7/fpu/fpv5-d16/libc_nano.a(lib_a-init.o)
                0x08004454                __libc_init_array
 .text.malloc   0x080044a0       0x10 /home/reglisse/opt/gcc-arm-none-eabi-4_9-2015q3/bin/../lib/gcc/arm-none-eabi/4.9.3/../../../../arm-none-eabi/lib/cortex-m7/fpu/fpv5-d16/libc_nano.a(lib_a-malloc.o)
                0x080044a0                malloc
 .text.free     0x080044b0       0x10 /home/reglisse/opt/gcc-arm-none-eabi-4_9-2015q3/bin/../lib/gcc/arm-none-eabi/4.9.3/../../../../arm-none-eabi/lib/cortex-m7/fpu/fpv5-d16/libc_nano.a(lib_a-malloc.o)
                0x080044b0                free
 .text.memcpy   0x080044c0       0x16 /home/reglisse/opt/gcc-arm-none-eabi-4_9-2015q3/bin/../lib/gcc/arm-none-eabi/4.9.3/../../../../arm-none-eabi/lib/cortex-m7/fpu/fpv5-d16/libc_nano.a(lib_a-memcpy.o)
                0x080044c0                memcpy
 .text.memset   0x080044d6       0x10 /home/reglisse/opt/gcc-arm-none-eabi-4_9-2015q3/bin/../lib/gcc/arm-none-eabi/4.9.3/../../../../arm-none-eabi/lib/cortex-m7/fpu/fpv5-d16/libc_nano.a(lib_a-memset.o)
                0x080044d6                memset
 *fill*         0x080044e6        0x2 
 .text._free_r  0x080044e8       0x88 /home/reglisse/opt/gcc-arm-none-eabi-4_9-2015q3/bin/../lib/gcc/arm-none-eabi/4.9.3/../../../../arm-none-eabi/lib/cortex-m7/fpu/fpv5-d16/libc_nano.a(lib_a-nano-freer.o)
                0x080044e8                _free_r
 .text._malloc_r
                0x08004570       0xac /home/reglisse/opt/gcc-arm-none-eabi-4_9-2015q3/bin/../lib/gcc/arm-none-eabi/4.9.3/../../../../arm-none-eabi/lib/cortex-m7/fpu/fpv5-d16/libc_nano.a(lib_a-nano-mallocr.o)
                0x08004570                _malloc_r
 .text._perror_r
                0x0800461c       0x4c /home/reglisse/opt/gcc-arm-none-eabi-4_9-2015q3/bin/../lib/gcc/arm-none-eabi/4.9.3/../../../../arm-none-eabi/lib/cortex-m7/fpu/fpv5-d16/libc_nano.a(lib_a-perror.o)
                0x0800461c                _perror_r
 .text.perror   0x08004668       0x10 /home/reglisse/opt/gcc-arm-none-eabi-4_9-2015q3/bin/../lib/gcc/arm-none-eabi/4.9.3/../../../../arm-none-eabi/lib/cortex-m7/fpu/fpv5-d16/libc_nano.a(lib_a-perror.o)
                0x08004668                perror
 .text._puts_r  0x08004678       0xf0 /home/reglisse/opt/gcc-arm-none-eabi-4_9-2015q3/bin/../lib/gcc/arm-none-eabi/4.9.3/../../../../arm-none-eabi/lib/cortex-m7/fpu/fpv5-d16/libc_nano.a(lib_a-puts.o)
                0x08004678                _puts_r
 .text.puts     0x08004768       0x10 /home/reglisse/opt/gcc-arm-none-eabi-4_9-2015q3/bin/../lib/gcc/arm-none-eabi/4.9.3/../../../../arm-none-eabi/lib/cortex-m7/fpu/fpv5-d16/libc_nano.a(lib_a-puts.o)
                0x08004768                puts
 .text._sbrk_r  0x08004778       0x20 /home/reglisse/opt/gcc-arm-none-eabi-4_9-2015q3/bin/../lib/gcc/arm-none-eabi/4.9.3/../../../../arm-none-eabi/lib/cortex-m7/fpu/fpv5-d16/libc_nano.a(lib_a-sbrkr.o)
                0x08004778                _sbrk_r
 .text.sprintf  0x08004798       0x48 /home/reglisse/opt/gcc-arm-none-eabi-4_9-2015q3/bin/../lib/gcc/arm-none-eabi/4.9.3/../../../../arm-none-eabi/lib/cortex-m7/fpu/fpv5-d16/libc_nano.a(lib_a-sprintf.o)
                0x08004798                sprintf
                0x08004798                siprintf
 .text.strcpy   0x080047e0       0x10 /home/reglisse/opt/gcc-arm-none-eabi-4_9-2015q3/bin/../lib/gcc/arm-none-eabi/4.9.3/../../../../arm-none-eabi/lib/cortex-m7/fpu/fpv5-d16/libc_nano.a(lib_a-strcpy.o)
                0x080047e0                strcpy
 .text._strerror_r
                0x080047f0      0x3cc /home/reglisse/opt/gcc-arm-none-eabi-4_9-2015q3/bin/../lib/gcc/arm-none-eabi/4.9.3/../../../../arm-none-eabi/lib/cortex-m7/fpu/fpv5-d16/libc_nano.a(lib_a-strerror.o)
                0x080047f0                _strerror_r
 .text.strlen   0x08004bbc       0x10 /home/reglisse/opt/gcc-arm-none-eabi-4_9-2015q3/bin/../lib/gcc/arm-none-eabi/4.9.3/../../../../arm-none-eabi/lib/cortex-m7/fpu/fpv5-d16/libc_nano.a(lib_a-strlen.o)
                0x08004bbc                strlen
 .text._strtol_r
                0x08004bcc      0x10c /home/reglisse/opt/gcc-arm-none-eabi-4_9-2015q3/bin/../lib/gcc/arm-none-eabi/4.9.3/../../../../arm-none-eabi/lib/cortex-m7/fpu/fpv5-d16/libc_nano.a(lib_a-strtol.o)
                0x08004bcc                _strtol_r
 .text.strtol   0x08004cd8       0x1c /home/reglisse/opt/gcc-arm-none-eabi-4_9-2015q3/bin/../lib/gcc/arm-none-eabi/4.9.3/../../../../arm-none-eabi/lib/cortex-m7/fpu/fpv5-d16/libc_nano.a(lib_a-strtol.o)
                0x08004cd8                strtol
 .text._user_strerror
                0x08004cf4        0x4 /home/reglisse/opt/gcc-arm-none-eabi-4_9-2015q3/bin/../lib/gcc/arm-none-eabi/4.9.3/../../../../arm-none-eabi/lib/cortex-m7/fpu/fpv5-d16/libc_nano.a(lib_a-u_strerr.o)
                0x08004cf4                _user_strerror
 .text.__swbuf_r
                0x08004cf8       0xa8 /home/reglisse/opt/gcc-arm-none-eabi-4_9-2015q3/bin/../lib/gcc/arm-none-eabi/4.9.3/../../../../arm-none-eabi/lib/cortex-m7/fpu/fpv5-d16/libc_nano.a(lib_a-wbuf.o)
                0x08004cf8                __swbuf_r
 .text.__swsetup_r
                0x08004da0       0xd8 /home/reglisse/opt/gcc-arm-none-eabi-4_9-2015q3/bin/../lib/gcc/arm-none-eabi/4.9.3/../../../../arm-none-eabi/lib/cortex-m7/fpu/fpv5-d16/libc_nano.a(lib_a-wsetup.o)
                0x08004da0                __swsetup_r
 .text.__sflush_r
                0x08004e78      0x106 /home/reglisse/opt/gcc-arm-none-eabi-4_9-2015q3/bin/../lib/gcc/arm-none-eabi/4.9.3/../../../../arm-none-eabi/lib/cortex-m7/fpu/fpv5-d16/libc_nano.a(lib_a-fflush.o)
                0x08004e78                __sflush_r
 *fill*         0x08004f7e        0x2 
 .text._fflush_r
                0x08004f80       0x54 /home/reglisse/opt/gcc-arm-none-eabi-4_9-2015q3/bin/../lib/gcc/arm-none-eabi/4.9.3/../../../../arm-none-eabi/lib/cortex-m7/fpu/fpv5-d16/libc_nano.a(lib_a-fflush.o)
                0x08004f80                _fflush_r
 .text._cleanup_r
                0x08004fd4        0xc /home/reglisse/opt/gcc-arm-none-eabi-4_9-2015q3/bin/../lib/gcc/arm-none-eabi/4.9.3/../../../../arm-none-eabi/lib/cortex-m7/fpu/fpv5-d16/libc_nano.a(lib_a-findfp.o)
                0x08004fd4                _cleanup_r
 .text.std.isra.0
                0x08004fe0       0x54 /home/reglisse/opt/gcc-arm-none-eabi-4_9-2015q3/bin/../lib/gcc/arm-none-eabi/4.9.3/../../../../arm-none-eabi/lib/cortex-m7/fpu/fpv5-d16/libc_nano.a(lib_a-findfp.o)
 .text.__sfmoreglue
                0x08005034       0x2c /home/reglisse/opt/gcc-arm-none-eabi-4_9-2015q3/bin/../lib/gcc/arm-none-eabi/4.9.3/../../../../arm-none-eabi/lib/cortex-m7/fpu/fpv5-d16/libc_nano.a(lib_a-findfp.o)
                0x08005034                __sfmoreglue
 .text.__sinit  0x08005060       0x60 /home/reglisse/opt/gcc-arm-none-eabi-4_9-2015q3/bin/../lib/gcc/arm-none-eabi/4.9.3/../../../../arm-none-eabi/lib/cortex-m7/fpu/fpv5-d16/libc_nano.a(lib_a-findfp.o)
                0x08005060                __sinit
 .text.__sfp    0x080050c0       0x74 /home/reglisse/opt/gcc-arm-none-eabi-4_9-2015q3/bin/../lib/gcc/arm-none-eabi/4.9.3/../../../../arm-none-eabi/lib/cortex-m7/fpu/fpv5-d16/libc_nano.a(lib_a-findfp.o)
                0x080050c0                __sfp
 .text._fputc_r
                0x08005134       0x48 /home/reglisse/opt/gcc-arm-none-eabi-4_9-2015q3/bin/../lib/gcc/arm-none-eabi/4.9.3/../../../../arm-none-eabi/lib/cortex-m7/fpu/fpv5-d16/libc_nano.a(lib_a-fputc.o)
                0x08005134                _fputc_r
 .text.fputc    0x0800517c       0x14 /home/reglisse/opt/gcc-arm-none-eabi-4_9-2015q3/bin/../lib/gcc/arm-none-eabi/4.9.3/../../../../arm-none-eabi/lib/cortex-m7/fpu/fpv5-d16/libc_nano.a(lib_a-fputc.o)
                0x0800517c                fputc
 .text._fputs_r
                0x08005190       0xa8 /home/reglisse/opt/gcc-arm-none-eabi-4_9-2015q3/bin/../lib/gcc/arm-none-eabi/4.9.3/../../../../arm-none-eabi/lib/cortex-m7/fpu/fpv5-d16/libc_nano.a(lib_a-fputs.o)
                0x08005190                _fputs_r
 .text.fputs    0x08005238       0x14 /home/reglisse/opt/gcc-arm-none-eabi-4_9-2015q3/bin/../lib/gcc/arm-none-eabi/4.9.3/../../../../arm-none-eabi/lib/cortex-m7/fpu/fpv5-d16/libc_nano.a(lib_a-fputs.o)
                0x08005238                fputs
 .text._fwalk_reent
                0x0800524c       0x3c /home/reglisse/opt/gcc-arm-none-eabi-4_9-2015q3/bin/../lib/gcc/arm-none-eabi/4.9.3/../../../../arm-none-eabi/lib/cortex-m7/fpu/fpv5-d16/libc_nano.a(lib_a-fwalk.o)
                0x0800524c                _fwalk_reent
 .text.__smakebuf_r
                0x08005288       0x98 /home/reglisse/opt/gcc-arm-none-eabi-4_9-2015q3/bin/../lib/gcc/arm-none-eabi/4.9.3/../../../../arm-none-eabi/lib/cortex-m7/fpu/fpv5-d16/libc_nano.a(lib_a-makebuf.o)
                0x08005288                __smakebuf_r
 .text.__ssputs_r
                0x08005320       0xb2 /home/reglisse/opt/gcc-arm-none-eabi-4_9-2015q3/bin/../lib/gcc/arm-none-eabi/4.9.3/../../../../arm-none-eabi/lib/cortex-m7/fpu/fpv5-d16/libc_nano.a(lib_a-nano-svfprintf.o)
                0x08005320                __ssputs_r
 *fill*         0x080053d2        0x2 
 .text._svfprintf_r
                0x080053d4      0x1e4 /home/reglisse/opt/gcc-arm-none-eabi-4_9-2015q3/bin/../lib/gcc/arm-none-eabi/4.9.3/../../../../arm-none-eabi/lib/cortex-m7/fpu/fpv5-d16/libc_nano.a(lib_a-nano-svfprintf.o)
                0x080053d4                _svfprintf_r
                0x080053d4                _svfiprintf_r
 .text._printf_common
                0x080055b8       0xea /home/reglisse/opt/gcc-arm-none-eabi-4_9-2015q3/bin/../lib/gcc/arm-none-eabi/4.9.3/../../../../arm-none-eabi/lib/cortex-m7/fpu/fpv5-d16/libc_nano.a(lib_a-nano-vfprintf_i.o)
                0x080055b8                _printf_common
 *fill*         0x080056a2        0x2 
 .text._printf_i
                0x080056a4      0x23c /home/reglisse/opt/gcc-arm-none-eabi-4_9-2015q3/bin/../lib/gcc/arm-none-eabi/4.9.3/../../../../arm-none-eabi/lib/cortex-m7/fpu/fpv5-d16/libc_nano.a(lib_a-nano-vfprintf_i.o)
                0x080056a4                _printf_i
 .text._putc_r  0x080058e0       0x78 /home/reglisse/opt/gcc-arm-none-eabi-4_9-2015q3/bin/../lib/gcc/arm-none-eabi/4.9.3/../../../../arm-none-eabi/lib/cortex-m7/fpu/fpv5-d16/libc_nano.a(lib_a-putc.o)
                0x080058e0                _putc_r
 .text.__sread  0x08005958       0x22 /home/reglisse/opt/gcc-arm-none-eabi-4_9-2015q3/bin/../lib/gcc/arm-none-eabi/4.9.3/../../../../arm-none-eabi/lib/cortex-m7/fpu/fpv5-d16/libc_nano.a(lib_a-stdio.o)
                0x08005958                __sread
 .text.__swrite
                0x0800597a       0x38 /home/reglisse/opt/gcc-arm-none-eabi-4_9-2015q3/bin/../lib/gcc/arm-none-eabi/4.9.3/../../../../arm-none-eabi/lib/cortex-m7/fpu/fpv5-d16/libc_nano.a(lib_a-stdio.o)
                0x0800597a                __swrite
 .text.__sseek  0x080059b2       0x24 /home/reglisse/opt/gcc-arm-none-eabi-4_9-2015q3/bin/../lib/gcc/arm-none-eabi/4.9.3/../../../../arm-none-eabi/lib/cortex-m7/fpu/fpv5-d16/libc_nano.a(lib_a-stdio.o)
                0x080059b2                __sseek
 .text.__sclose
                0x080059d6        0x8 /home/reglisse/opt/gcc-arm-none-eabi-4_9-2015q3/bin/../lib/gcc/arm-none-eabi/4.9.3/../../../../arm-none-eabi/lib/cortex-m7/fpu/fpv5-d16/libc_nano.a(lib_a-stdio.o)
                0x080059d6                __sclose
 *fill*         0x080059de        0x2 
 .text._write_r
                0x080059e0       0x24 /home/reglisse/opt/gcc-arm-none-eabi-4_9-2015q3/bin/../lib/gcc/arm-none-eabi/4.9.3/../../../../arm-none-eabi/lib/cortex-m7/fpu/fpv5-d16/libc_nano.a(lib_a-writer.o)
                0x080059e0                _write_r
 .text._close_r
                0x08005a04       0x20 /home/reglisse/opt/gcc-arm-none-eabi-4_9-2015q3/bin/../lib/gcc/arm-none-eabi/4.9.3/../../../../arm-none-eabi/lib/cortex-m7/fpu/fpv5-d16/libc_nano.a(lib_a-closer.o)
                0x08005a04                _close_r
 .text._fstat_r
                0x08005a24       0x24 /home/reglisse/opt/gcc-arm-none-eabi-4_9-2015q3/bin/../lib/gcc/arm-none-eabi/4.9.3/../../../../arm-none-eabi/lib/cortex-m7/fpu/fpv5-d16/libc_nano.a(lib_a-fstatr.o)
                0x08005a24                _fstat_r
 .text._isatty_r
                0x08005a48       0x20 /home/reglisse/opt/gcc-arm-none-eabi-4_9-2015q3/bin/../lib/gcc/arm-none-eabi/4.9.3/../../../../arm-none-eabi/lib/cortex-m7/fpu/fpv5-d16/libc_nano.a(lib_a-isattyr.o)
                0x08005a48                _isatty_r
 .text._lseek_r
                0x08005a68       0x24 /home/reglisse/opt/gcc-arm-none-eabi-4_9-2015q3/bin/../lib/gcc/arm-none-eabi/4.9.3/../../../../arm-none-eabi/lib/cortex-m7/fpu/fpv5-d16/libc_nano.a(lib_a-lseekr.o)
                0x08005a68                _lseek_r
 .text.memchr   0x08005a8c       0x1c /home/reglisse/opt/gcc-arm-none-eabi-4_9-2015q3/bin/../lib/gcc/arm-none-eabi/4.9.3/../../../../arm-none-eabi/lib/cortex-m7/fpu/fpv5-d16/libc_nano.a(lib_a-memchr.o)
                0x08005a8c                memchr
 .text.memmove  0x08005aa8       0x36 /home/reglisse/opt/gcc-arm-none-eabi-4_9-2015q3/bin/../lib/gcc/arm-none-eabi/4.9.3/../../../../arm-none-eabi/lib/cortex-m7/fpu/fpv5-d16/libc_nano.a(lib_a-memmove.o)
                0x08005aa8                memmove
 .text._realloc_r
                0x08005ade       0x4c /home/reglisse/opt/gcc-arm-none-eabi-4_9-2015q3/bin/../lib/gcc/arm-none-eabi/4.9.3/../../../../arm-none-eabi/lib/cortex-m7/fpu/fpv5-d16/libc_nano.a(lib_a-nano-reallocr.o)
                0x08005ade                _realloc_r
 *fill*         0x08005b2a        0x2 
 .text._read_r  0x08005b2c       0x24 /home/reglisse/opt/gcc-arm-none-eabi-4_9-2015q3/bin/../lib/gcc/arm-none-eabi/4.9.3/../../../../arm-none-eabi/lib/cortex-m7/fpu/fpv5-d16/libc_nano.a(lib_a-readr.o)
                0x08005b2c                _read_r
 .text._malloc_usable_size_r
                0x08005b50       0x14 /home/reglisse/opt/gcc-arm-none-eabi-4_9-2015q3/bin/../lib/gcc/arm-none-eabi/4.9.3/../../../../arm-none-eabi/lib/cortex-m7/fpu/fpv5-d16/libc_nano.a(lib_a-nano-msizer.o)
                0x08005b50                _malloc_usable_size_r
 .text._close   0x08005b64       0x10 /home/reglisse/opt/gcc-arm-none-eabi-4_9-2015q3/bin/../lib/gcc/arm-none-eabi/4.9.3/../../../../arm-none-eabi/lib/cortex-m7/fpu/fpv5-d16/libnosys.a(close.o)
                0x08005b64                _close
 .text._fstat   0x08005b74       0x10 /home/reglisse/opt/gcc-arm-none-eabi-4_9-2015q3/bin/../lib/gcc/arm-none-eabi/4.9.3/../../../../arm-none-eabi/lib/cortex-m7/fpu/fpv5-d16/libnosys.a(fstat.o)
                0x08005b74                _fstat
 .text._isatty  0x08005b84       0x10 /home/reglisse/opt/gcc-arm-none-eabi-4_9-2015q3/bin/../lib/gcc/arm-none-eabi/4.9.3/../../../../arm-none-eabi/lib/cortex-m7/fpu/fpv5-d16/libnosys.a(isatty.o)
                0x08005b84                _isatty
 .text._lseek   0x08005b94       0x10 /home/reglisse/opt/gcc-arm-none-eabi-4_9-2015q3/bin/../lib/gcc/arm-none-eabi/4.9.3/../../../../arm-none-eabi/lib/cortex-m7/fpu/fpv5-d16/libnosys.a(lseek.o)
                0x08005b94                _lseek
 .text._read    0x08005ba4       0x10 /home/reglisse/opt/gcc-arm-none-eabi-4_9-2015q3/bin/../lib/gcc/arm-none-eabi/4.9.3/../../../../arm-none-eabi/lib/cortex-m7/fpu/fpv5-d16/libnosys.a(read.o)
                0x08005ba4                _read
 .text._sbrk    0x08005bb4       0x1c /home/reglisse/opt/gcc-arm-none-eabi-4_9-2015q3/bin/../lib/gcc/arm-none-eabi/4.9.3/../../../../arm-none-eabi/lib/cortex-m7/fpu/fpv5-d16/libnosys.a(sbrk.o)
                0x08005bb4                _sbrk
 .text._write   0x08005bd0       0x10 /home/reglisse/opt/gcc-arm-none-eabi-4_9-2015q3/bin/../lib/gcc/arm-none-eabi/4.9.3/../../../../arm-none-eabi/lib/cortex-m7/fpu/fpv5-d16/libnosys.a(write.o)
                0x08005bd0                _write
 .text._exit    0x08005be0        0x4 /home/reglisse/opt/gcc-arm-none-eabi-4_9-2015q3/bin/../lib/gcc/arm-none-eabi/4.9.3/../../../../arm-none-eabi/lib/cortex-m7/fpu/fpv5-d16/libnosys.a(_exit.o)
                0x08005be0                _exit
 *(.glue_7)
 .glue_7        0x00000000        0x0 linker stubs
 *(.glue_7t)
 .glue_7t       0x00000000        0x0 linker stubs
 *(.eh_frame)
 .eh_frame      0x08005be4        0x0 /home/reglisse/opt/gcc-arm-none-eabi-4_9-2015q3/bin/../lib/gcc/arm-none-eabi/4.9.3/cortex-m7/fpu/fpv5-d16/crtbegin.o
 *(.init)
 .init          0x08005be4        0x4 /home/reglisse/opt/gcc-arm-none-eabi-4_9-2015q3/bin/../lib/gcc/arm-none-eabi/4.9.3/cortex-m7/fpu/fpv5-d16/crti.o
                0x08005be4                _init
 .init          0x08005be8        0x8 /home/reglisse/opt/gcc-arm-none-eabi-4_9-2015q3/bin/../lib/gcc/arm-none-eabi/4.9.3/cortex-m7/fpu/fpv5-d16/crtn.o
 *(.fini)
 .fini          0x08005bf0        0x4 /home/reglisse/opt/gcc-arm-none-eabi-4_9-2015q3/bin/../lib/gcc/arm-none-eabi/4.9.3/cortex-m7/fpu/fpv5-d16/crti.o
                0x08005bf0                _fini
 .fini          0x08005bf4        0x8 /home/reglisse/opt/gcc-arm-none-eabi-4_9-2015q3/bin/../lib/gcc/arm-none-eabi/4.9.3/cortex-m7/fpu/fpv5-d16/crtn.o
                0x08005bfc                . = ALIGN (0x4)
                0x08005bfc                _etext = .

.vfp11_veneer   0x08005bfc        0x0
 .vfp11_veneer  0x00000000        0x0 linker stubs

.v4_bx          0x08005bfc        0x0
 .v4_bx         0x00000000        0x0 linker stubs

.iplt           0x08005bfc        0x0
 .iplt          0x00000000        0x0 /home/reglisse/opt/gcc-arm-none-eabi-4_9-2015q3/bin/../lib/gcc/arm-none-eabi/4.9.3/cortex-m7/fpu/fpv5-d16/crtbegin.o

.rodata         0x08005bfc      0x8bc
                0x08005bfc                . = ALIGN (0x4)
 *(.rodata)
 *(.rodata*)
 .rodata.str1.4
                0x08005bfc       0x36 build/main.o
 *fill*         0x08005c32        0x2 
 .rodata.str1.4
                0x08005c34       0x2b build/cureManager.o
                                 0x3b (size before relaxing)
 *fill*         0x08005c5f        0x1 
 .rodata.AHBPrescTable
                0x08005c60       0x10 build/system_stm32f7xx.o
                0x08005c60                AHBPrescTable
 .rodata.APBPrescTable
                0x08005c70        0x8 build/system_stm32f7xx.o
                0x08005c70                APBPrescTable
 .rodata.str1.4
                0x08005c78        0x8 build/tasks.o
                                  0x5 (size before relaxing)
 .rodata.str1.1
                0x08005c80        0x2 /home/reglisse/opt/gcc-arm-none-eabi-4_9-2015q3/bin/../lib/gcc/arm-none-eabi/4.9.3/../../../../arm-none-eabi/lib/cortex-m7/fpu/fpv5-d16/libc_nano.a(lib_a-impure.o)
 *fill*         0x08005c82        0x2 
 .rodata._global_impure_ptr
                0x08005c84        0x4 /home/reglisse/opt/gcc-arm-none-eabi-4_9-2015q3/bin/../lib/gcc/arm-none-eabi/4.9.3/../../../../arm-none-eabi/lib/cortex-m7/fpu/fpv5-d16/libc_nano.a(lib_a-impure.o)
                0x08005c84                _global_impure_ptr
 .rodata.str1.1
                0x08005c88        0x3 /home/reglisse/opt/gcc-arm-none-eabi-4_9-2015q3/bin/../lib/gcc/arm-none-eabi/4.9.3/../../../../arm-none-eabi/lib/cortex-m7/fpu/fpv5-d16/libc_nano.a(lib_a-perror.o)
 .rodata.str1.1
                0x08005c8b      0x696 /home/reglisse/opt/gcc-arm-none-eabi-4_9-2015q3/bin/../lib/gcc/arm-none-eabi/4.9.3/../../../../arm-none-eabi/lib/cortex-m7/fpu/fpv5-d16/libc_nano.a(lib_a-strerror.o)
                                0x697 (size before relaxing)
 .rodata._ctype_
                0x08006321      0x101 /home/reglisse/opt/gcc-arm-none-eabi-4_9-2015q3/bin/../lib/gcc/arm-none-eabi/4.9.3/../../../../arm-none-eabi/lib/cortex-m7/fpu/fpv5-d16/libc_nano.a(lib_a-ctype_.o)
                0x08006321                _ctype_
 *fill*         0x08006422        0x2 
 .rodata.__sf_fake_stdin
                0x08006424       0x20 /home/reglisse/opt/gcc-arm-none-eabi-4_9-2015q3/bin/../lib/gcc/arm-none-eabi/4.9.3/../../../../arm-none-eabi/lib/cortex-m7/fpu/fpv5-d16/libc_nano.a(lib_a-findfp.o)
                0x08006424                __sf_fake_stdin
 .rodata.__sf_fake_stdout
                0x08006444       0x20 /home/reglisse/opt/gcc-arm-none-eabi-4_9-2015q3/bin/../lib/gcc/arm-none-eabi/4.9.3/../../../../arm-none-eabi/lib/cortex-m7/fpu/fpv5-d16/libc_nano.a(lib_a-findfp.o)
                0x08006444                __sf_fake_stdout
 .rodata.__sf_fake_stderr
                0x08006464       0x20 /home/reglisse/opt/gcc-arm-none-eabi-4_9-2015q3/bin/../lib/gcc/arm-none-eabi/4.9.3/../../../../arm-none-eabi/lib/cortex-m7/fpu/fpv5-d16/libc_nano.a(lib_a-findfp.o)
                0x08006464                __sf_fake_stderr
 .rodata.str1.1
                0x08006484       0x11 /home/reglisse/opt/gcc-arm-none-eabi-4_9-2015q3/bin/../lib/gcc/arm-none-eabi/4.9.3/../../../../arm-none-eabi/lib/cortex-m7/fpu/fpv5-d16/libc_nano.a(lib_a-nano-svfprintf.o)
 .rodata.str1.1
                0x08006495       0x22 /home/reglisse/opt/gcc-arm-none-eabi-4_9-2015q3/bin/../lib/gcc/arm-none-eabi/4.9.3/../../../../arm-none-eabi/lib/cortex-m7/fpu/fpv5-d16/libc_nano.a(lib_a-nano-vfprintf_i.o)
                0x080064b8                . = ALIGN (0x4)
 *fill*         0x080064b7        0x1 

.ARM.extab
 *(.ARM.extab* .gnu.linkonce.armextab.*)

.ARM            0x080064b8        0x8
                0x080064b8                __exidx_start = .
 *(.ARM.exidx*)
 .ARM.exidx     0x080064b8        0x8 /home/reglisse/opt/gcc-arm-none-eabi-4_9-2015q3/bin/../lib/gcc/arm-none-eabi/4.9.3/cortex-m7/fpu/fpv5-d16/libgcc.a(_divdi3.o)
 .ARM.exidx     0x080064c0        0x0 /home/reglisse/opt/gcc-arm-none-eabi-4_9-2015q3/bin/../lib/gcc/arm-none-eabi/4.9.3/cortex-m7/fpu/fpv5-d16/libgcc.a(_udivdi3.o)
                                  0x8 (size before relaxing)
                0x080064c0                __exidx_end = .

.rel.dyn        0x080064c0        0x0
 .rel.iplt      0x00000000        0x0 /home/reglisse/opt/gcc-arm-none-eabi-4_9-2015q3/bin/../lib/gcc/arm-none-eabi/4.9.3/cortex-m7/fpu/fpv5-d16/crtbegin.o

.preinit_array  0x080064c0        0x0
                0x080064c0                PROVIDE (__preinit_array_start, .)
 *(.preinit_array*)
                0x080064c0                PROVIDE (__preinit_array_end, .)

.init_array     0x080064c0        0x4
                0x080064c0                PROVIDE (__init_array_start, .)
 *(SORT(.init_array.*))
 *(.init_array*)
 .init_array    0x080064c0        0x4 /home/reglisse/opt/gcc-arm-none-eabi-4_9-2015q3/bin/../lib/gcc/arm-none-eabi/4.9.3/cortex-m7/fpu/fpv5-d16/crtbegin.o
                0x080064c4                PROVIDE (__init_array_end, .)

.fini_array     0x080064c4        0x4
                0x080064c4                PROVIDE (__fini_array_start, .)
 *(SORT(.fini_array.*))
 *(.fini_array*)
 .fini_array    0x080064c4        0x4 /home/reglisse/opt/gcc-arm-none-eabi-4_9-2015q3/bin/../lib/gcc/arm-none-eabi/4.9.3/cortex-m7/fpu/fpv5-d16/crtbegin.o
                0x080064c8                PROVIDE (__fini_array_end, .)
                0x080064c8                _sidata = LOADADDR (.data)

.data           0x20000000       0x7c load address 0x080064c8
                0x20000000                . = ALIGN (0x4)
                0x20000000                _sdata = .
 *(.data)
 *(.data*)
 .data.state_fn
                0x20000000        0x4 build/main.o
 .data.uwTickPrio
                0x20000004        0x4 build/stm32f7xx_hal.o
                0x20000004                uwTickPrio
 .data.uwTickFreq
                0x20000008        0x1 build/stm32f7xx_hal.o
                0x20000008                uwTickFreq
 *fill*         0x20000009        0x3 
 .data.SystemCoreClock
                0x2000000c        0x4 build/system_stm32f7xx.o
                0x2000000c                SystemCoreClock
 .data.uxCriticalNesting
                0x20000010        0x4 build/port.o
 .data.impure_data
                0x20000014       0x60 /home/reglisse/opt/gcc-arm-none-eabi-4_9-2015q3/bin/../lib/gcc/arm-none-eabi/4.9.3/../../../../arm-none-eabi/lib/cortex-m7/fpu/fpv5-d16/libc_nano.a(lib_a-impure.o)
 .data._impure_ptr
                0x20000074        0x4 /home/reglisse/opt/gcc-arm-none-eabi-4_9-2015q3/bin/../lib/gcc/arm-none-eabi/4.9.3/../../../../arm-none-eabi/lib/cortex-m7/fpu/fpv5-d16/libc_nano.a(lib_a-impure.o)
                0x20000074                _impure_ptr
 .data.__ctype_ptr__
                0x20000078        0x4 /home/reglisse/opt/gcc-arm-none-eabi-4_9-2015q3/bin/../lib/gcc/arm-none-eabi/4.9.3/../../../../arm-none-eabi/lib/cortex-m7/fpu/fpv5-d16/libc_nano.a(lib_a-ctype_.o)
                0x20000078                __ctype_ptr__
                0x2000007c                . = ALIGN (0x4)
                0x2000007c                _edata = .

.jcr            0x2000007c        0x0 load address 0x08006544
 .jcr           0x2000007c        0x0 /home/reglisse/opt/gcc-arm-none-eabi-4_9-2015q3/bin/../lib/gcc/arm-none-eabi/4.9.3/cortex-m7/fpu/fpv5-d16/crtbegin.o

.igot.plt       0x2000007c        0x0 load address 0x08006544
 .igot.plt      0x00000000        0x0 /home/reglisse/opt/gcc-arm-none-eabi-4_9-2015q3/bin/../lib/gcc/arm-none-eabi/4.9.3/cortex-m7/fpu/fpv5-d16/crtbegin.o
                0x2000007c                . = ALIGN (0x4)

.bss            0x2000007c     0x3e54 load address 0x08006544
                0x2000007c                _sbss = .
                0x2000007c                __bss_start__ = _sbss
 *(.bss)
 .bss           0x2000007c       0x1c /home/reglisse/opt/gcc-arm-none-eabi-4_9-2015q3/bin/../lib/gcc/arm-none-eabi/4.9.3/cortex-m7/fpu/fpv5-d16/crtbegin.o
 *(.bss*)
 .bss.recv      0x20000098       0x24 build/main.o
 .bss.xFreeBytesRemaining
                0x200000bc        0x4 build/heap_4.o
 .bss.pxEnd     0x200000c0        0x4 build/heap_4.o
 .bss.xStart    0x200000c4        0x8 build/heap_4.o
 .bss.ucHeap    0x200000cc     0x3c00 build/heap_4.o
 .bss.xBlockAllocatedBit
                0x20003ccc        0x4 build/heap_4.o
 .bss.xMinimumEverFreeBytesRemaining
                0x20003cd0        0x4 build/heap_4.o
 .bss.ucMaxSysCallPriority
                0x20003cd4        0x1 build/port.o
 *fill*         0x20003cd5        0x3 
 .bss.ulMaxPRIGROUPValue
                0x20003cd8        0x4 build/port.o
 .bss.xNumOfOverflows
                0x20003cdc        0x4 build/tasks.o
 .bss.pxDelayedTaskList
                0x20003ce0        0x4 build/tasks.o
 .bss.xSchedulerRunning
                0x20003ce4        0x4 build/tasks.o
 .bss.xTasksWaitingTermination
                0x20003ce8       0x14 build/tasks.o
 .bss.pxOverflowDelayedTaskList
                0x20003cfc        0x4 build/tasks.o
 .bss.uxPendedTicks
                0x20003d00        0x4 build/tasks.o
 .bss.pxReadyTasksLists
                0x20003d04       0x8c build/tasks.o
 .bss.uxSchedulerSuspended
                0x20003d90        0x4 build/tasks.o
 .bss.uxDeletedTasksWaitingCleanUp
                0x20003d94        0x4 build/tasks.o
 .bss.uxCurrentNumberOfTasks
                0x20003d98        0x4 build/tasks.o
 .bss.pxCurrentTCB
                0x20003d9c        0x4 build/tasks.o
                0x20003d9c                pxCurrentTCB
 .bss.xPendingReadyList
                0x20003da0       0x14 build/tasks.o
 .bss.xIdleTaskHandle
                0x20003db4        0x4 build/tasks.o
 .bss.xTickCount
                0x20003db8        0x4 build/tasks.o
 .bss.xNextTaskUnblockTime
                0x20003dbc        0x4 build/tasks.o
 .bss.uxTaskNumber
                0x20003dc0        0x4 build/tasks.o
 .bss.xDelayedTaskList1
                0x20003dc4       0x14 build/tasks.o
 .bss.xDelayedTaskList2
                0x20003dd8       0x14 build/tasks.o
 .bss.xSuspendedTaskList
                0x20003dec       0x14 build/tasks.o
 .bss.uxTopReadyPriority
                0x20003e00        0x4 build/tasks.o
 .bss.xYieldPending
                0x20003e04        0x4 build/tasks.o
 .bss.__malloc_sbrk_start
                0x20003e08        0x4 /home/reglisse/opt/gcc-arm-none-eabi-4_9-2015q3/bin/../lib/gcc/arm-none-eabi/4.9.3/../../../../arm-none-eabi/lib/cortex-m7/fpu/fpv5-d16/libc_nano.a(lib_a-nano-mallocr.o)
                0x20003e08                __malloc_sbrk_start
 .bss.__malloc_free_list
                0x20003e0c        0x4 /home/reglisse/opt/gcc-arm-none-eabi-4_9-2015q3/bin/../lib/gcc/arm-none-eabi/4.9.3/../../../../arm-none-eabi/lib/cortex-m7/fpu/fpv5-d16/libc_nano.a(lib_a-nano-mallocr.o)
                0x20003e0c                __malloc_free_list
 .bss.heap_end.4079
                0x20003e10        0x4 /home/reglisse/opt/gcc-arm-none-eabi-4_9-2015q3/bin/../lib/gcc/arm-none-eabi/4.9.3/../../../../arm-none-eabi/lib/cortex-m7/fpu/fpv5-d16/libnosys.a(sbrk.o)
 *(COMMON)
 COMMON         0x20003e14       0x74 build/main.o
                0x20003e14                huart3
                0x20003e84                drugCureList
 COMMON         0x20003e88        0x4 build/stm32f7xx_hal.o
                0x20003e88                uwTick
 COMMON         0x20003e8c       0x40 build/queue.o
                0x20003e8c                xQueueRegistry
 COMMON         0x20003ecc        0x4 /home/reglisse/opt/gcc-arm-none-eabi-4_9-2015q3/bin/../lib/gcc/arm-none-eabi/4.9.3/../../../../arm-none-eabi/lib/cortex-m7/fpu/fpv5-d16/libc_nano.a(lib_a-reent.o)
                0x20003ecc                errno
                0x20003ed0                . = ALIGN (0x4)
                0x20003ed0                _ebss = .
                0x20003ed0                __bss_end__ = _ebss

._user_heap_stack
                0x20003ed0      0x600 load address 0x08006544
                0x20003ed0                . = ALIGN (0x8)
                0x20003ed0                PROVIDE (end, .)
                0x20003ed0                PROVIDE (_end, .)
                0x200040d0                . = (. + _Min_Heap_Size)
 *fill*         0x20003ed0      0x200 
                0x200044d0                . = (. + _Min_Stack_Size)
 *fill*         0x200040d0      0x400 
                0x200044d0                . = ALIGN (0x8)

/DISCARD/
 libc.a(*)
 libm.a(*)
 libgcc.a(*)

.ARM.attributes
                0x00000000       0x33
 *(.ARM.attributes)
 .ARM.attributes
                0x00000000       0x25 /home/reglisse/opt/gcc-arm-none-eabi-4_9-2015q3/bin/../lib/gcc/arm-none-eabi/4.9.3/cortex-m7/fpu/fpv5-d16/crti.o
 .ARM.attributes
                0x00000025       0x37 /home/reglisse/opt/gcc-arm-none-eabi-4_9-2015q3/bin/../lib/gcc/arm-none-eabi/4.9.3/cortex-m7/fpu/fpv5-d16/crtbegin.o
 .ARM.attributes
                0x0000005c       0x37 build/main.o
 .ARM.attributes
                0x00000093       0x37 build/cureManager.o
 .ARM.attributes
                0x000000ca       0x37 build/stm32f7xx_it.o
 .ARM.attributes
                0x00000101       0x37 build/stm32f7xx_hal_msp.o
 .ARM.attributes
                0x00000138       0x37 build/stm32f7xx_hal_cortex.o
 .ARM.attributes
                0x0000016f       0x37 build/stm32f7xx_hal_uart.o
 .ARM.attributes
                0x000001a6       0x37 build/stm32f7xx_hal_rcc.o
 .ARM.attributes
                0x000001dd       0x37 build/stm32f7xx_hal_rcc_ex.o
 .ARM.attributes
                0x00000214       0x37 build/stm32f7xx_hal_gpio.o
 .ARM.attributes
                0x0000024b       0x37 build/stm32f7xx_hal_dma.o
 .ARM.attributes
                0x00000282       0x37 build/stm32f7xx_hal_pwr_ex.o
 .ARM.attributes
                0x000002b9       0x37 build/stm32f7xx_hal.o
 .ARM.attributes
                0x000002f0       0x37 build/system_stm32f7xx.o
 .ARM.attributes
                0x00000327       0x37 build/heap_4.o
 .ARM.attributes
                0x0000035e       0x37 build/port.o
 .ARM.attributes
                0x00000395       0x37 build/tasks.o
 .ARM.attributes
                0x000003cc       0x37 build/queue.o
 .ARM.attributes
                0x00000403       0x37 build/list.o
 .ARM.attributes
                0x0000043a       0x37 build/cmsis_os.o
 .ARM.attributes
                0x00000471       0x21 build/startup_stm32f767xx.o
 .ARM.attributes
                0x00000492       0x37 /home/reglisse/opt/gcc-arm-none-eabi-4_9-2015q3/bin/../lib/gcc/arm-none-eabi/4.9.3/../../../../arm-none-eabi/lib/cortex-m7/fpu/fpv5-d16/libc_nano.a(lib_a-atoi.o)
 .ARM.attributes
                0x000004c9       0x37 /home/reglisse/opt/gcc-arm-none-eabi-4_9-2015q3/bin/../lib/gcc/arm-none-eabi/4.9.3/../../../../arm-none-eabi/lib/cortex-m7/fpu/fpv5-d16/libc_nano.a(lib_a-exit.o)
 .ARM.attributes
                0x00000500       0x37 /home/reglisse/opt/gcc-arm-none-eabi-4_9-2015q3/bin/../lib/gcc/arm-none-eabi/4.9.3/../../../../arm-none-eabi/lib/cortex-m7/fpu/fpv5-d16/libc_nano.a(lib_a-impure.o)
 .ARM.attributes
                0x00000537       0x37 /home/reglisse/opt/gcc-arm-none-eabi-4_9-2015q3/bin/../lib/gcc/arm-none-eabi/4.9.3/../../../../arm-none-eabi/lib/cortex-m7/fpu/fpv5-d16/libc_nano.a(lib_a-init.o)
 .ARM.attributes
                0x0000056e       0x37 /home/reglisse/opt/gcc-arm-none-eabi-4_9-2015q3/bin/../lib/gcc/arm-none-eabi/4.9.3/../../../../arm-none-eabi/lib/cortex-m7/fpu/fpv5-d16/libc_nano.a(lib_a-malloc.o)
 .ARM.attributes
                0x000005a5       0x37 /home/reglisse/opt/gcc-arm-none-eabi-4_9-2015q3/bin/../lib/gcc/arm-none-eabi/4.9.3/../../../../arm-none-eabi/lib/cortex-m7/fpu/fpv5-d16/libc_nano.a(lib_a-memcpy.o)
 .ARM.attributes
                0x000005dc       0x37 /home/reglisse/opt/gcc-arm-none-eabi-4_9-2015q3/bin/../lib/gcc/arm-none-eabi/4.9.3/../../../../arm-none-eabi/lib/cortex-m7/fpu/fpv5-d16/libc_nano.a(lib_a-memset.o)
 .ARM.attributes
                0x00000613       0x37 /home/reglisse/opt/gcc-arm-none-eabi-4_9-2015q3/bin/../lib/gcc/arm-none-eabi/4.9.3/../../../../arm-none-eabi/lib/cortex-m7/fpu/fpv5-d16/libc_nano.a(lib_a-nano-freer.o)
 .ARM.attributes
                0x0000064a       0x37 /home/reglisse/opt/gcc-arm-none-eabi-4_9-2015q3/bin/../lib/gcc/arm-none-eabi/4.9.3/../../../../arm-none-eabi/lib/cortex-m7/fpu/fpv5-d16/libc_nano.a(lib_a-nano-mallocr.o)
 .ARM.attributes
                0x00000681       0x37 /home/reglisse/opt/gcc-arm-none-eabi-4_9-2015q3/bin/../lib/gcc/arm-none-eabi/4.9.3/../../../../arm-none-eabi/lib/cortex-m7/fpu/fpv5-d16/libc_nano.a(lib_a-perror.o)
 .ARM.attributes
                0x000006b8       0x37 /home/reglisse/opt/gcc-arm-none-eabi-4_9-2015q3/bin/../lib/gcc/arm-none-eabi/4.9.3/../../../../arm-none-eabi/lib/cortex-m7/fpu/fpv5-d16/libc_nano.a(lib_a-puts.o)
 .ARM.attributes
                0x000006ef       0x37 /home/reglisse/opt/gcc-arm-none-eabi-4_9-2015q3/bin/../lib/gcc/arm-none-eabi/4.9.3/../../../../arm-none-eabi/lib/cortex-m7/fpu/fpv5-d16/libc_nano.a(lib_a-sbrkr.o)
 .ARM.attributes
                0x00000726       0x37 /home/reglisse/opt/gcc-arm-none-eabi-4_9-2015q3/bin/../lib/gcc/arm-none-eabi/4.9.3/../../../../arm-none-eabi/lib/cortex-m7/fpu/fpv5-d16/libc_nano.a(lib_a-sprintf.o)
 .ARM.attributes
                0x0000075d       0x23 /home/reglisse/opt/gcc-arm-none-eabi-4_9-2015q3/bin/../lib/gcc/arm-none-eabi/4.9.3/../../../../arm-none-eabi/lib/cortex-m7/fpu/fpv5-d16/libc_nano.a(lib_a-strcmp.o)
 .ARM.attributes
                0x00000780       0x37 /home/reglisse/opt/gcc-arm-none-eabi-4_9-2015q3/bin/../lib/gcc/arm-none-eabi/4.9.3/../../../../arm-none-eabi/lib/cortex-m7/fpu/fpv5-d16/libc_nano.a(lib_a-strcpy.o)
 .ARM.attributes
                0x000007b7       0x37 /home/reglisse/opt/gcc-arm-none-eabi-4_9-2015q3/bin/../lib/gcc/arm-none-eabi/4.9.3/../../../../arm-none-eabi/lib/cortex-m7/fpu/fpv5-d16/libc_nano.a(lib_a-strerror.o)
 .ARM.attributes
                0x000007ee       0x37 /home/reglisse/opt/gcc-arm-none-eabi-4_9-2015q3/bin/../lib/gcc/arm-none-eabi/4.9.3/../../../../arm-none-eabi/lib/cortex-m7/fpu/fpv5-d16/libc_nano.a(lib_a-strlen.o)
 .ARM.attributes
                0x00000825       0x37 /home/reglisse/opt/gcc-arm-none-eabi-4_9-2015q3/bin/../lib/gcc/arm-none-eabi/4.9.3/../../../../arm-none-eabi/lib/cortex-m7/fpu/fpv5-d16/libc_nano.a(lib_a-strtol.o)
 .ARM.attributes
                0x0000085c       0x37 /home/reglisse/opt/gcc-arm-none-eabi-4_9-2015q3/bin/../lib/gcc/arm-none-eabi/4.9.3/../../../../arm-none-eabi/lib/cortex-m7/fpu/fpv5-d16/libc_nano.a(lib_a-u_strerr.o)
 .ARM.attributes
                0x00000893       0x37 /home/reglisse/opt/gcc-arm-none-eabi-4_9-2015q3/bin/../lib/gcc/arm-none-eabi/4.9.3/../../../../arm-none-eabi/lib/cortex-m7/fpu/fpv5-d16/libc_nano.a(lib_a-wbuf.o)
 .ARM.attributes
                0x000008ca       0x37 /home/reglisse/opt/gcc-arm-none-eabi-4_9-2015q3/bin/../lib/gcc/arm-none-eabi/4.9.3/../../../../arm-none-eabi/lib/cortex-m7/fpu/fpv5-d16/libc_nano.a(lib_a-wsetup.o)
 .ARM.attributes
                0x00000901       0x37 /home/reglisse/opt/gcc-arm-none-eabi-4_9-2015q3/bin/../lib/gcc/arm-none-eabi/4.9.3/../../../../arm-none-eabi/lib/cortex-m7/fpu/fpv5-d16/libc_nano.a(lib_a-ctype_.o)
 .ARM.attributes
                0x00000938       0x37 /home/reglisse/opt/gcc-arm-none-eabi-4_9-2015q3/bin/../lib/gcc/arm-none-eabi/4.9.3/../../../../arm-none-eabi/lib/cortex-m7/fpu/fpv5-d16/libc_nano.a(lib_a-fflush.o)
 .ARM.attributes
                0x0000096f       0x37 /home/reglisse/opt/gcc-arm-none-eabi-4_9-2015q3/bin/../lib/gcc/arm-none-eabi/4.9.3/../../../../arm-none-eabi/lib/cortex-m7/fpu/fpv5-d16/libc_nano.a(lib_a-findfp.o)
 .ARM.attributes
                0x000009a6       0x37 /home/reglisse/opt/gcc-arm-none-eabi-4_9-2015q3/bin/../lib/gcc/arm-none-eabi/4.9.3/../../../../arm-none-eabi/lib/cortex-m7/fpu/fpv5-d16/libc_nano.a(lib_a-fputc.o)
 .ARM.attributes
                0x000009dd       0x37 /home/reglisse/opt/gcc-arm-none-eabi-4_9-2015q3/bin/../lib/gcc/arm-none-eabi/4.9.3/../../../../arm-none-eabi/lib/cortex-m7/fpu/fpv5-d16/libc_nano.a(lib_a-fputs.o)
 .ARM.attributes
                0x00000a14       0x37 /home/reglisse/opt/gcc-arm-none-eabi-4_9-2015q3/bin/../lib/gcc/arm-none-eabi/4.9.3/../../../../arm-none-eabi/lib/cortex-m7/fpu/fpv5-d16/libc_nano.a(lib_a-fwalk.o)
 .ARM.attributes
                0x00000a4b       0x37 /home/reglisse/opt/gcc-arm-none-eabi-4_9-2015q3/bin/../lib/gcc/arm-none-eabi/4.9.3/../../../../arm-none-eabi/lib/cortex-m7/fpu/fpv5-d16/libc_nano.a(lib_a-makebuf.o)
 .ARM.attributes
                0x00000a82       0x37 /home/reglisse/opt/gcc-arm-none-eabi-4_9-2015q3/bin/../lib/gcc/arm-none-eabi/4.9.3/../../../../arm-none-eabi/lib/cortex-m7/fpu/fpv5-d16/libc_nano.a(lib_a-nano-svfprintf.o)
 .ARM.attributes
                0x00000ab9       0x37 /home/reglisse/opt/gcc-arm-none-eabi-4_9-2015q3/bin/../lib/gcc/arm-none-eabi/4.9.3/../../../../arm-none-eabi/lib/cortex-m7/fpu/fpv5-d16/libc_nano.a(lib_a-nano-vfprintf_i.o)
 .ARM.attributes
                0x00000af0       0x37 /home/reglisse/opt/gcc-arm-none-eabi-4_9-2015q3/bin/../lib/gcc/arm-none-eabi/4.9.3/../../../../arm-none-eabi/lib/cortex-m7/fpu/fpv5-d16/libc_nano.a(lib_a-putc.o)
 .ARM.attributes
                0x00000b27       0x37 /home/reglisse/opt/gcc-arm-none-eabi-4_9-2015q3/bin/../lib/gcc/arm-none-eabi/4.9.3/../../../../arm-none-eabi/lib/cortex-m7/fpu/fpv5-d16/libc_nano.a(lib_a-reent.o)
 .ARM.attributes
                0x00000b5e       0x37 /home/reglisse/opt/gcc-arm-none-eabi-4_9-2015q3/bin/../lib/gcc/arm-none-eabi/4.9.3/../../../../arm-none-eabi/lib/cortex-m7/fpu/fpv5-d16/libc_nano.a(lib_a-stdio.o)
 .ARM.attributes
                0x00000b95       0x37 /home/reglisse/opt/gcc-arm-none-eabi-4_9-2015q3/bin/../lib/gcc/arm-none-eabi/4.9.3/../../../../arm-none-eabi/lib/cortex-m7/fpu/fpv5-d16/libc_nano.a(lib_a-writer.o)
 .ARM.attributes
                0x00000bcc       0x37 /home/reglisse/opt/gcc-arm-none-eabi-4_9-2015q3/bin/../lib/gcc/arm-none-eabi/4.9.3/../../../../arm-none-eabi/lib/cortex-m7/fpu/fpv5-d16/libc_nano.a(lib_a-closer.o)
 .ARM.attributes
                0x00000c03       0x37 /home/reglisse/opt/gcc-arm-none-eabi-4_9-2015q3/bin/../lib/gcc/arm-none-eabi/4.9.3/../../../../arm-none-eabi/lib/cortex-m7/fpu/fpv5-d16/libc_nano.a(lib_a-fstatr.o)
 .ARM.attributes
                0x00000c3a       0x37 /home/reglisse/opt/gcc-arm-none-eabi-4_9-2015q3/bin/../lib/gcc/arm-none-eabi/4.9.3/../../../../arm-none-eabi/lib/cortex-m7/fpu/fpv5-d16/libc_nano.a(lib_a-isattyr.o)
 .ARM.attributes
                0x00000c71       0x37 /home/reglisse/opt/gcc-arm-none-eabi-4_9-2015q3/bin/../lib/gcc/arm-none-eabi/4.9.3/../../../../arm-none-eabi/lib/cortex-m7/fpu/fpv5-d16/libc_nano.a(lib_a-lseekr.o)
 .ARM.attributes
                0x00000ca8       0x37 /home/reglisse/opt/gcc-arm-none-eabi-4_9-2015q3/bin/../lib/gcc/arm-none-eabi/4.9.3/../../../../arm-none-eabi/lib/cortex-m7/fpu/fpv5-d16/libc_nano.a(lib_a-memchr.o)
 .ARM.attributes
                0x00000cdf       0x37 /home/reglisse/opt/gcc-arm-none-eabi-4_9-2015q3/bin/../lib/gcc/arm-none-eabi/4.9.3/../../../../arm-none-eabi/lib/cortex-m7/fpu/fpv5-d16/libc_nano.a(lib_a-memmove.o)
 .ARM.attributes
                0x00000d16       0x37 /home/reglisse/opt/gcc-arm-none-eabi-4_9-2015q3/bin/../lib/gcc/arm-none-eabi/4.9.3/../../../../arm-none-eabi/lib/cortex-m7/fpu/fpv5-d16/libc_nano.a(lib_a-nano-reallocr.o)
 .ARM.attributes
                0x00000d4d       0x37 /home/reglisse/opt/gcc-arm-none-eabi-4_9-2015q3/bin/../lib/gcc/arm-none-eabi/4.9.3/../../../../arm-none-eabi/lib/cortex-m7/fpu/fpv5-d16/libc_nano.a(lib_a-readr.o)
 .ARM.attributes
                0x00000d84       0x37 /home/reglisse/opt/gcc-arm-none-eabi-4_9-2015q3/bin/../lib/gcc/arm-none-eabi/4.9.3/../../../../arm-none-eabi/lib/cortex-m7/fpu/fpv5-d16/libc_nano.a(lib_a-nano-msizer.o)
 .ARM.attributes
                0x00000dbb       0x37 /home/reglisse/opt/gcc-arm-none-eabi-4_9-2015q3/bin/../lib/gcc/arm-none-eabi/4.9.3/../../../../arm-none-eabi/lib/cortex-m7/fpu/fpv5-d16/libnosys.a(close.o)
 .ARM.attributes
                0x00000df2       0x37 /home/reglisse/opt/gcc-arm-none-eabi-4_9-2015q3/bin/../lib/gcc/arm-none-eabi/4.9.3/../../../../arm-none-eabi/lib/cortex-m7/fpu/fpv5-d16/libnosys.a(fstat.o)
 .ARM.attributes
                0x00000e29       0x37 /home/reglisse/opt/gcc-arm-none-eabi-4_9-2015q3/bin/../lib/gcc/arm-none-eabi/4.9.3/../../../../arm-none-eabi/lib/cortex-m7/fpu/fpv5-d16/libnosys.a(isatty.o)
 .ARM.attributes
                0x00000e60       0x37 /home/reglisse/opt/gcc-arm-none-eabi-4_9-2015q3/bin/../lib/gcc/arm-none-eabi/4.9.3/../../../../arm-none-eabi/lib/cortex-m7/fpu/fpv5-d16/libnosys.a(lseek.o)
 .ARM.attributes
                0x00000e97       0x37 /home/reglisse/opt/gcc-arm-none-eabi-4_9-2015q3/bin/../lib/gcc/arm-none-eabi/4.9.3/../../../../arm-none-eabi/lib/cortex-m7/fpu/fpv5-d16/libnosys.a(read.o)
 .ARM.attributes
                0x00000ece       0x37 /home/reglisse/opt/gcc-arm-none-eabi-4_9-2015q3/bin/../lib/gcc/arm-none-eabi/4.9.3/../../../../arm-none-eabi/lib/cortex-m7/fpu/fpv5-d16/libnosys.a(sbrk.o)
 .ARM.attributes
                0x00000f05       0x37 /home/reglisse/opt/gcc-arm-none-eabi-4_9-2015q3/bin/../lib/gcc/arm-none-eabi/4.9.3/../../../../arm-none-eabi/lib/cortex-m7/fpu/fpv5-d16/libnosys.a(write.o)
 .ARM.attributes
                0x00000f3c       0x37 /home/reglisse/opt/gcc-arm-none-eabi-4_9-2015q3/bin/../lib/gcc/arm-none-eabi/4.9.3/../../../../arm-none-eabi/lib/cortex-m7/fpu/fpv5-d16/libnosys.a(_exit.o)
 .ARM.attributes
                0x00000f73       0x25 /home/reglisse/opt/gcc-arm-none-eabi-4_9-2015q3/bin/../lib/gcc/arm-none-eabi/4.9.3/cortex-m7/fpu/fpv5-d16/libgcc.a(_aeabi_uldivmod.o)
 .ARM.attributes
                0x00000f98       0x37 /home/reglisse/opt/gcc-arm-none-eabi-4_9-2015q3/bin/../lib/gcc/arm-none-eabi/4.9.3/cortex-m7/fpu/fpv5-d16/libgcc.a(bpabi.o)
 .ARM.attributes
                0x00000fcf       0x25 /home/reglisse/opt/gcc-arm-none-eabi-4_9-2015q3/bin/../lib/gcc/arm-none-eabi/4.9.3/cortex-m7/fpu/fpv5-d16/libgcc.a(_dvmd_tls.o)
 .ARM.attributes
                0x00000ff4       0x37 /home/reglisse/opt/gcc-arm-none-eabi-4_9-2015q3/bin/../lib/gcc/arm-none-eabi/4.9.3/cortex-m7/fpu/fpv5-d16/libgcc.a(_divdi3.o)
 .ARM.attributes
                0x0000102b       0x37 /home/reglisse/opt/gcc-arm-none-eabi-4_9-2015q3/bin/../lib/gcc/arm-none-eabi/4.9.3/cortex-m7/fpu/fpv5-d16/libgcc.a(_udivdi3.o)
 .ARM.attributes
                0x00001062       0x25 /home/reglisse/opt/gcc-arm-none-eabi-4_9-2015q3/bin/../lib/gcc/arm-none-eabi/4.9.3/cortex-m7/fpu/fpv5-d16/crtn.o
OUTPUT(build/ConnectedPump.elf elf32-littlearm)

.debug_info     0x00000000    0x11e3d
 .debug_info    0x00000000     0x23b1 build/main.o
 .debug_info    0x000023b1      0x9b6 build/cureManager.o
 .debug_info    0x00002d67      0x7b4 build/stm32f7xx_it.o
 .debug_info    0x0000351b      0xf7f build/stm32f7xx_hal_msp.o
 .debug_info    0x0000449a     0x12a6 build/stm32f7xx_hal_cortex.o
 .debug_info    0x00005740     0x19d8 build/stm32f7xx_hal_uart.o
 .debug_info    0x00007118      0xc46 build/stm32f7xx_hal_rcc.o
 .debug_info    0x00007d5e      0x8ee build/stm32f7xx_hal_rcc_ex.o
 .debug_info    0x0000864c      0x7dc build/stm32f7xx_hal_gpio.o
 .debug_info    0x00008e28      0xace build/stm32f7xx_hal_dma.o
 .debug_info    0x000098f6      0xab9 build/stm32f7xx_hal_pwr_ex.o
 .debug_info    0x0000a3af      0xbb2 build/stm32f7xx_hal.o
 .debug_info    0x0000af61      0x785 build/system_stm32f7xx.o
 .debug_info    0x0000b6e6      0x477 build/heap_4.o
 .debug_info    0x0000bb5d      0x545 build/port.o
 .debug_info    0x0000c0a2     0x22cc build/tasks.o
 .debug_info    0x0000e36e     0x18fc build/queue.o
 .debug_info    0x0000fc6a      0x2f6 build/list.o
 .debug_info    0x0000ff60     0x1e6d build/cmsis_os.o
 .debug_info    0x00011dcd       0x70 build/startup_stm32f767xx.o

.debug_abbrev   0x00000000     0x2cb4
 .debug_abbrev  0x00000000      0x3a3 build/main.o
 .debug_abbrev  0x000003a3      0x1ee build/cureManager.o
 .debug_abbrev  0x00000591      0x16d build/stm32f7xx_it.o
 .debug_abbrev  0x000006fe      0x1a9 build/stm32f7xx_hal_msp.o
 .debug_abbrev  0x000008a7      0x2e4 build/stm32f7xx_hal_cortex.o
 .debug_abbrev  0x00000b8b      0x2b5 build/stm32f7xx_hal_uart.o
 .debug_abbrev  0x00000e40      0x2de build/stm32f7xx_hal_rcc.o
 .debug_abbrev  0x0000111e      0x1b4 build/stm32f7xx_hal_rcc_ex.o
 .debug_abbrev  0x000012d2      0x200 build/stm32f7xx_hal_gpio.o
 .debug_abbrev  0x000014d2      0x2a9 build/stm32f7xx_hal_dma.o
 .debug_abbrev  0x0000177b      0x1d3 build/stm32f7xx_hal_pwr_ex.o
 .debug_abbrev  0x0000194e      0x212 build/stm32f7xx_hal.o
 .debug_abbrev  0x00001b60      0x110 build/system_stm32f7xx.o
 .debug_abbrev  0x00001c70      0x240 build/heap_4.o
 .debug_abbrev  0x00001eb0      0x24b build/port.o
 .debug_abbrev  0x000020fb      0x3ae build/tasks.o
 .debug_abbrev  0x000024a9      0x354 build/queue.o
 .debug_abbrev  0x000027fd      0x112 build/list.o
 .debug_abbrev  0x0000290f      0x393 build/cmsis_os.o
 .debug_abbrev  0x00002ca2       0x12 build/startup_stm32f767xx.o

.debug_loc      0x00000000     0x921d
 .debug_loc     0x00000000      0x9b1 build/main.o
 .debug_loc     0x000009b1      0x45f build/cureManager.o
 .debug_loc     0x00000e10       0x40 build/stm32f7xx_it.o
 .debug_loc     0x00000e50       0xe9 build/stm32f7xx_hal_msp.o
 .debug_loc     0x00000f39      0x566 build/stm32f7xx_hal_cortex.o
 .debug_loc     0x0000149f     0x189b build/stm32f7xx_hal_uart.o
 .debug_loc     0x00002d3a      0x6a4 build/stm32f7xx_hal_rcc.o
 .debug_loc     0x000033de      0x70d build/stm32f7xx_hal_rcc_ex.o
 .debug_loc     0x00003aeb      0x40c build/stm32f7xx_hal_gpio.o
 .debug_loc     0x00003ef7      0xb4a build/stm32f7xx_hal_dma.o
 .debug_loc     0x00004a41      0x382 build/stm32f7xx_hal_pwr_ex.o
 .debug_loc     0x00004dc3      0x1a8 build/stm32f7xx_hal.o
 .debug_loc     0x00004f6b      0x163 build/system_stm32f7xx.o
 .debug_loc     0x000050ce      0x33d build/heap_4.o
 .debug_loc     0x0000540b      0x114 build/port.o
 .debug_loc     0x0000551f     0x1625 build/tasks.o
 .debug_loc     0x00006b44     0x103d build/queue.o
 .debug_loc     0x00007b81       0x91 build/list.o
 .debug_loc     0x00007c12     0x160b build/cmsis_os.o

.debug_aranges  0x00000000      0xc90
 .debug_aranges
                0x00000000       0x88 build/main.o
 .debug_aranges
                0x00000088       0x50 build/cureManager.o
 .debug_aranges
                0x000000d8       0x58 build/stm32f7xx_it.o
 .debug_aranges
                0x00000130       0x30 build/stm32f7xx_hal_msp.o
 .debug_aranges
                0x00000160       0xa8 build/stm32f7xx_hal_cortex.o
 .debug_aranges
                0x00000208      0x190 build/stm32f7xx_hal_uart.o
 .debug_aranges
                0x00000398       0x88 build/stm32f7xx_hal_rcc.o
 .debug_aranges
                0x00000420       0x50 build/stm32f7xx_hal_rcc_ex.o
 .debug_aranges
                0x00000470       0x58 build/stm32f7xx_hal_gpio.o
 .debug_aranges
                0x000004c8       0x90 build/stm32f7xx_hal_dma.o
 .debug_aranges
                0x00000558       0x80 build/stm32f7xx_hal_pwr_ex.o
 .debug_aranges
                0x000005d8      0x110 build/stm32f7xx_hal.o
 .debug_aranges
                0x000006e8       0x28 build/system_stm32f7xx.o
 .debug_aranges
                0x00000710       0x50 build/heap_4.o
 .debug_aranges
                0x00000760       0x80 build/port.o
 .debug_aranges
                0x000007e0      0x190 build/tasks.o
 .debug_aranges
                0x00000970       0xe0 build/queue.o
 .debug_aranges
                0x00000a50       0x40 build/list.o
 .debug_aranges
                0x00000a90      0x1d8 build/cmsis_os.o
 .debug_aranges
                0x00000c68       0x28 build/startup_stm32f767xx.o

.debug_ranges   0x00000000      0xbd8
 .debug_ranges  0x00000000       0x78 build/main.o
 .debug_ranges  0x00000078       0x40 build/cureManager.o
 .debug_ranges  0x000000b8       0x48 build/stm32f7xx_it.o
 .debug_ranges  0x00000100       0x20 build/stm32f7xx_hal_msp.o
 .debug_ranges  0x00000120       0x98 build/stm32f7xx_hal_cortex.o
 .debug_ranges  0x000001b8      0x180 build/stm32f7xx_hal_uart.o
 .debug_ranges  0x00000338       0x78 build/stm32f7xx_hal_rcc.o
 .debug_ranges  0x000003b0       0x40 build/stm32f7xx_hal_rcc_ex.o
 .debug_ranges  0x000003f0       0x48 build/stm32f7xx_hal_gpio.o
 .debug_ranges  0x00000438       0x80 build/stm32f7xx_hal_dma.o
 .debug_ranges  0x000004b8       0x70 build/stm32f7xx_hal_pwr_ex.o
 .debug_ranges  0x00000528      0x100 build/stm32f7xx_hal.o
 .debug_ranges  0x00000628       0x18 build/system_stm32f7xx.o
 .debug_ranges  0x00000640       0x40 build/heap_4.o
 .debug_ranges  0x00000680       0x70 build/port.o
 .debug_ranges  0x000006f0      0x1b8 build/tasks.o
 .debug_ranges  0x000008a8      0x118 build/queue.o
 .debug_ranges  0x000009c0       0x30 build/list.o
 .debug_ranges  0x000009f0      0x1c8 build/cmsis_os.o
 .debug_ranges  0x00000bb8       0x20 build/startup_stm32f767xx.o

.debug_line     0x00000000     0x5e0c
 .debug_line    0x00000000      0x6a4 build/main.o
 .debug_line    0x000006a4      0x3c2 build/cureManager.o
 .debug_line    0x00000a66      0x29d build/stm32f7xx_it.o
 .debug_line    0x00000d03      0x235 build/stm32f7xx_hal_msp.o
 .debug_line    0x00000f38      0x3c8 build/stm32f7xx_hal_cortex.o
 .debug_line    0x00001300      0xb51 build/stm32f7xx_hal_uart.o
 .debug_line    0x00001e51      0x51c build/stm32f7xx_hal_rcc.o
 .debug_line    0x0000236d      0x411 build/stm32f7xx_hal_rcc_ex.o
 .debug_line    0x0000277e      0x34d build/stm32f7xx_hal_gpio.o
 .debug_line    0x00002acb      0x500 build/stm32f7xx_hal_dma.o
 .debug_line    0x00002fcb      0x337 build/stm32f7xx_hal_pwr_ex.o
 .debug_line    0x00003302      0x420 build/stm32f7xx_hal.o
 .debug_line    0x00003722      0x189 build/system_stm32f7xx.o
 .debug_line    0x000038ab      0x34f build/heap_4.o
 .debug_line    0x00003bfa      0x37f build/port.o
 .debug_line    0x00003f79      0xb53 build/tasks.o
 .debug_line    0x00004acc      0x825 build/queue.o
 .debug_line    0x000052f1      0x234 build/list.o
 .debug_line    0x00005525      0x873 build/cmsis_os.o
 .debug_line    0x00005d98       0x74 build/startup_stm32f767xx.o

.debug_str      0x00000000     0x48aa
 .debug_str     0x00000000     0x1766 build/main.o
                               0x1856 (size before relaxing)
 .debug_str     0x00001766       0x96 build/cureManager.o
                                0x3d6 (size before relaxing)
 .debug_str     0x000017fc       0xcb build/stm32f7xx_it.o
                                0x762 (size before relaxing)
 .debug_str     0x000018c7       0x9c build/stm32f7xx_hal_msp.o
                                0xf26 (size before relaxing)
 .debug_str     0x00001963      0x44b build/stm32f7xx_hal_cortex.o
                                0xe4b (size before relaxing)
 .debug_str     0x00001dae      0x56b build/stm32f7xx_hal_uart.o
                                0xe31 (size before relaxing)
 .debug_str     0x00002319      0x19f build/stm32f7xx_hal_rcc.o
                                0x732 (size before relaxing)
 .debug_str     0x000024b8      0x14c build/stm32f7xx_hal_rcc_ex.o
                                0x75b (size before relaxing)
 .debug_str     0x00002604      0x112 build/stm32f7xx_hal_gpio.o
                                0x51f (size before relaxing)
 .debug_str     0x00002716      0x2db build/stm32f7xx_hal_dma.o
                                0x798 (size before relaxing)
 .debug_str     0x000029f1      0x1df build/stm32f7xx_hal_pwr_ex.o
                                0x67a (size before relaxing)
 .debug_str     0x00002bd0      0x307 build/stm32f7xx_hal.o
                                0xd50 (size before relaxing)
 .debug_str     0x00002ed7       0x42 build/system_stm32f7xx.o
                                0x478 (size before relaxing)
 .debug_str     0x00002f19      0x21f build/heap_4.o
                                0x413 (size before relaxing)
 .debug_str     0x00003138      0x258 build/port.o
                                0x488 (size before relaxing)
 .debug_str     0x00003390      0xa29 build/tasks.o
                                0xe1a (size before relaxing)
 .debug_str     0x00003db9      0x3d1 build/queue.o
                                0x925 (size before relaxing)
 .debug_str     0x0000418a       0x6c build/list.o
                                0x31f (size before relaxing)
 .debug_str     0x000041f6      0x6b4 build/cmsis_os.o
                                0xdf3 (size before relaxing)

.comment        0x00000000       0x70
 .comment       0x00000000       0x70 build/main.o
                                 0x71 (size before relaxing)
 .comment       0x00000000       0x71 build/cureManager.o
 .comment       0x00000000       0x71 build/stm32f7xx_it.o
 .comment       0x00000000       0x71 build/stm32f7xx_hal_msp.o
 .comment       0x00000000       0x71 build/stm32f7xx_hal_cortex.o
 .comment       0x00000000       0x71 build/stm32f7xx_hal_uart.o
 .comment       0x00000000       0x71 build/stm32f7xx_hal_rcc.o
 .comment       0x00000000       0x71 build/stm32f7xx_hal_rcc_ex.o
 .comment       0x00000000       0x71 build/stm32f7xx_hal_gpio.o
 .comment       0x00000000       0x71 build/stm32f7xx_hal_dma.o
 .comment       0x00000000       0x71 build/stm32f7xx_hal_pwr_ex.o
 .comment       0x00000000       0x71 build/stm32f7xx_hal.o
 .comment       0x00000000       0x71 build/system_stm32f7xx.o
 .comment       0x00000000       0x71 build/heap_4.o
 .comment       0x00000000       0x71 build/port.o
 .comment       0x00000000       0x71 build/tasks.o
 .comment       0x00000000       0x71 build/queue.o
 .comment       0x00000000       0x71 build/list.o
 .comment       0x00000000       0x71 build/cmsis_os.o

.debug_frame    0x00000000     0x2fcc
 .debug_frame   0x00000000      0x1d0 build/main.o
 .debug_frame   0x000001d0      0x108 build/cureManager.o
 .debug_frame   0x000002d8       0xa8 build/stm32f7xx_it.o
 .debug_frame   0x00000380       0x74 build/stm32f7xx_hal_msp.o
 .debug_frame   0x000003f4      0x168 build/stm32f7xx_hal_cortex.o
 .debug_frame   0x0000055c      0x51c build/stm32f7xx_hal_uart.o
 .debug_frame   0x00000a78      0x1ac build/stm32f7xx_hal_rcc.o
 .debug_frame   0x00000c24       0xe8 build/stm32f7xx_hal_rcc_ex.o
 .debug_frame   0x00000d0c       0xd4 build/stm32f7xx_hal_gpio.o
 .debug_frame   0x00000de0      0x1b4 build/stm32f7xx_hal_dma.o
 .debug_frame   0x00000f94      0x144 build/stm32f7xx_hal_pwr_ex.o
 .debug_frame   0x000010d8      0x240 build/stm32f7xx_hal.o
 .debug_frame   0x00001318       0x3c build/system_stm32f7xx.o
 .debug_frame   0x00001354       0xb8 build/heap_4.o
 .debug_frame   0x0000140c       0xf8 build/port.o
 .debug_frame   0x00001504      0x578 build/tasks.o
 .debug_frame   0x00001a7c      0x2f4 build/queue.o
 .debug_frame   0x00001d70       0x70 build/list.o
 .debug_frame   0x00001de0      0x5fc build/cmsis_os.o
 .debug_frame   0x000023dc       0x30 /home/reglisse/opt/gcc-arm-none-eabi-4_9-2015q3/bin/../lib/gcc/arm-none-eabi/4.9.3/../../../../arm-none-eabi/lib/cortex-m7/fpu/fpv5-d16/libc_nano.a(lib_a-atoi.o)
 .debug_frame   0x0000240c       0x28 /home/reglisse/opt/gcc-arm-none-eabi-4_9-2015q3/bin/../lib/gcc/arm-none-eabi/4.9.3/../../../../arm-none-eabi/lib/cortex-m7/fpu/fpv5-d16/libc_nano.a(lib_a-exit.o)
 .debug_frame   0x00002434       0x2c /home/reglisse/opt/gcc-arm-none-eabi-4_9-2015q3/bin/../lib/gcc/arm-none-eabi/4.9.3/../../../../arm-none-eabi/lib/cortex-m7/fpu/fpv5-d16/libc_nano.a(lib_a-init.o)
 .debug_frame   0x00002460       0x30 /home/reglisse/opt/gcc-arm-none-eabi-4_9-2015q3/bin/../lib/gcc/arm-none-eabi/4.9.3/../../../../arm-none-eabi/lib/cortex-m7/fpu/fpv5-d16/libc_nano.a(lib_a-malloc.o)
 .debug_frame   0x00002490       0x28 /home/reglisse/opt/gcc-arm-none-eabi-4_9-2015q3/bin/../lib/gcc/arm-none-eabi/4.9.3/../../../../arm-none-eabi/lib/cortex-m7/fpu/fpv5-d16/libc_nano.a(lib_a-memcpy.o)
 .debug_frame   0x000024b8       0x20 /home/reglisse/opt/gcc-arm-none-eabi-4_9-2015q3/bin/../lib/gcc/arm-none-eabi/4.9.3/../../../../arm-none-eabi/lib/cortex-m7/fpu/fpv5-d16/libc_nano.a(lib_a-memset.o)
 .debug_frame   0x000024d8       0x2c /home/reglisse/opt/gcc-arm-none-eabi-4_9-2015q3/bin/../lib/gcc/arm-none-eabi/4.9.3/../../../../arm-none-eabi/lib/cortex-m7/fpu/fpv5-d16/libc_nano.a(lib_a-nano-freer.o)
 .debug_frame   0x00002504       0x2c /home/reglisse/opt/gcc-arm-none-eabi-4_9-2015q3/bin/../lib/gcc/arm-none-eabi/4.9.3/../../../../arm-none-eabi/lib/cortex-m7/fpu/fpv5-d16/libc_nano.a(lib_a-nano-mallocr.o)
 .debug_frame   0x00002530       0x3c /home/reglisse/opt/gcc-arm-none-eabi-4_9-2015q3/bin/../lib/gcc/arm-none-eabi/4.9.3/../../../../arm-none-eabi/lib/cortex-m7/fpu/fpv5-d16/libc_nano.a(lib_a-perror.o)
 .debug_frame   0x0000256c       0x3c /home/reglisse/opt/gcc-arm-none-eabi-4_9-2015q3/bin/../lib/gcc/arm-none-eabi/4.9.3/../../../../arm-none-eabi/lib/cortex-m7/fpu/fpv5-d16/libc_nano.a(lib_a-puts.o)
 .debug_frame   0x000025a8       0x2c /home/reglisse/opt/gcc-arm-none-eabi-4_9-2015q3/bin/../lib/gcc/arm-none-eabi/4.9.3/../../../../arm-none-eabi/lib/cortex-m7/fpu/fpv5-d16/libc_nano.a(lib_a-sbrkr.o)
 .debug_frame   0x000025d4       0x70 /home/reglisse/opt/gcc-arm-none-eabi-4_9-2015q3/bin/../lib/gcc/arm-none-eabi/4.9.3/../../../../arm-none-eabi/lib/cortex-m7/fpu/fpv5-d16/libc_nano.a(lib_a-sprintf.o)
 .debug_frame   0x00002644       0x20 /home/reglisse/opt/gcc-arm-none-eabi-4_9-2015q3/bin/../lib/gcc/arm-none-eabi/4.9.3/../../../../arm-none-eabi/lib/cortex-m7/fpu/fpv5-d16/libc_nano.a(lib_a-strcpy.o)
 .debug_frame   0x00002664       0x38 /home/reglisse/opt/gcc-arm-none-eabi-4_9-2015q3/bin/../lib/gcc/arm-none-eabi/4.9.3/../../../../arm-none-eabi/lib/cortex-m7/fpu/fpv5-d16/libc_nano.a(lib_a-strerror.o)
 .debug_frame   0x0000269c       0x20 /home/reglisse/opt/gcc-arm-none-eabi-4_9-2015q3/bin/../lib/gcc/arm-none-eabi/4.9.3/../../../../arm-none-eabi/lib/cortex-m7/fpu/fpv5-d16/libc_nano.a(lib_a-strlen.o)
 .debug_frame   0x000026bc       0x54 /home/reglisse/opt/gcc-arm-none-eabi-4_9-2015q3/bin/../lib/gcc/arm-none-eabi/4.9.3/../../../../arm-none-eabi/lib/cortex-m7/fpu/fpv5-d16/libc_nano.a(lib_a-strtol.o)
 .debug_frame   0x00002710       0x20 /home/reglisse/opt/gcc-arm-none-eabi-4_9-2015q3/bin/../lib/gcc/arm-none-eabi/4.9.3/../../../../arm-none-eabi/lib/cortex-m7/fpu/fpv5-d16/libc_nano.a(lib_a-u_strerr.o)
 .debug_frame   0x00002730       0x3c /home/reglisse/opt/gcc-arm-none-eabi-4_9-2015q3/bin/../lib/gcc/arm-none-eabi/4.9.3/../../../../arm-none-eabi/lib/cortex-m7/fpu/fpv5-d16/libc_nano.a(lib_a-wbuf.o)
 .debug_frame   0x0000276c       0x2c /home/reglisse/opt/gcc-arm-none-eabi-4_9-2015q3/bin/../lib/gcc/arm-none-eabi/4.9.3/../../../../arm-none-eabi/lib/cortex-m7/fpu/fpv5-d16/libc_nano.a(lib_a-wsetup.o)
 .debug_frame   0x00002798       0x68 /home/reglisse/opt/gcc-arm-none-eabi-4_9-2015q3/bin/../lib/gcc/arm-none-eabi/4.9.3/../../../../arm-none-eabi/lib/cortex-m7/fpu/fpv5-d16/libc_nano.a(lib_a-fflush.o)
 .debug_frame   0x00002800      0x11c /home/reglisse/opt/gcc-arm-none-eabi-4_9-2015q3/bin/../lib/gcc/arm-none-eabi/4.9.3/../../../../arm-none-eabi/lib/cortex-m7/fpu/fpv5-d16/libc_nano.a(lib_a-findfp.o)
 .debug_frame   0x0000291c       0x44 /home/reglisse/opt/gcc-arm-none-eabi-4_9-2015q3/bin/../lib/gcc/arm-none-eabi/4.9.3/../../../../arm-none-eabi/lib/cortex-m7/fpu/fpv5-d16/libc_nano.a(lib_a-fputc.o)
 .debug_frame   0x00002960       0x3c /home/reglisse/opt/gcc-arm-none-eabi-4_9-2015q3/bin/../lib/gcc/arm-none-eabi/4.9.3/../../../../arm-none-eabi/lib/cortex-m7/fpu/fpv5-d16/libc_nano.a(lib_a-fputs.o)
 .debug_frame   0x0000299c       0x54 /home/reglisse/opt/gcc-arm-none-eabi-4_9-2015q3/bin/../lib/gcc/arm-none-eabi/4.9.3/../../../../arm-none-eabi/lib/cortex-m7/fpu/fpv5-d16/libc_nano.a(lib_a-fwalk.o)
 .debug_frame   0x000029f0       0x34 /home/reglisse/opt/gcc-arm-none-eabi-4_9-2015q3/bin/../lib/gcc/arm-none-eabi/4.9.3/../../../../arm-none-eabi/lib/cortex-m7/fpu/fpv5-d16/libc_nano.a(lib_a-makebuf.o)
 .debug_frame   0x00002a24       0x8c /home/reglisse/opt/gcc-arm-none-eabi-4_9-2015q3/bin/../lib/gcc/arm-none-eabi/4.9.3/../../../../arm-none-eabi/lib/cortex-m7/fpu/fpv5-d16/libc_nano.a(lib_a-nano-svfprintf.o)
 .debug_frame   0x00002ab0       0x58 /home/reglisse/opt/gcc-arm-none-eabi-4_9-2015q3/bin/../lib/gcc/arm-none-eabi/4.9.3/../../../../arm-none-eabi/lib/cortex-m7/fpu/fpv5-d16/libc_nano.a(lib_a-nano-vfprintf_i.o)
 .debug_frame   0x00002b08       0x48 /home/reglisse/opt/gcc-arm-none-eabi-4_9-2015q3/bin/../lib/gcc/arm-none-eabi/4.9.3/../../../../arm-none-eabi/lib/cortex-m7/fpu/fpv5-d16/libc_nano.a(lib_a-putc.o)
 .debug_frame   0x00002b50       0x5c /home/reglisse/opt/gcc-arm-none-eabi-4_9-2015q3/bin/../lib/gcc/arm-none-eabi/4.9.3/../../../../arm-none-eabi/lib/cortex-m7/fpu/fpv5-d16/libc_nano.a(lib_a-reent.o)
 .debug_frame   0x00002bac       0x88 /home/reglisse/opt/gcc-arm-none-eabi-4_9-2015q3/bin/../lib/gcc/arm-none-eabi/4.9.3/../../../../arm-none-eabi/lib/cortex-m7/fpu/fpv5-d16/libc_nano.a(lib_a-stdio.o)
 .debug_frame   0x00002c34       0x2c /home/reglisse/opt/gcc-arm-none-eabi-4_9-2015q3/bin/../lib/gcc/arm-none-eabi/4.9.3/../../../../arm-none-eabi/lib/cortex-m7/fpu/fpv5-d16/libc_nano.a(lib_a-writer.o)
 .debug_frame   0x00002c60       0x2c /home/reglisse/opt/gcc-arm-none-eabi-4_9-2015q3/bin/../lib/gcc/arm-none-eabi/4.9.3/../../../../arm-none-eabi/lib/cortex-m7/fpu/fpv5-d16/libc_nano.a(lib_a-closer.o)
 .debug_frame   0x00002c8c       0x2c /home/reglisse/opt/gcc-arm-none-eabi-4_9-2015q3/bin/../lib/gcc/arm-none-eabi/4.9.3/../../../../arm-none-eabi/lib/cortex-m7/fpu/fpv5-d16/libc_nano.a(lib_a-fstatr.o)
 .debug_frame   0x00002cb8       0x2c /home/reglisse/opt/gcc-arm-none-eabi-4_9-2015q3/bin/../lib/gcc/arm-none-eabi/4.9.3/../../../../arm-none-eabi/lib/cortex-m7/fpu/fpv5-d16/libc_nano.a(lib_a-isattyr.o)
 .debug_frame   0x00002ce4       0x2c /home/reglisse/opt/gcc-arm-none-eabi-4_9-2015q3/bin/../lib/gcc/arm-none-eabi/4.9.3/../../../../arm-none-eabi/lib/cortex-m7/fpu/fpv5-d16/libc_nano.a(lib_a-lseekr.o)
 .debug_frame   0x00002d10       0x28 /home/reglisse/opt/gcc-arm-none-eabi-4_9-2015q3/bin/../lib/gcc/arm-none-eabi/4.9.3/../../../../arm-none-eabi/lib/cortex-m7/fpu/fpv5-d16/libc_nano.a(lib_a-memchr.o)
 .debug_frame   0x00002d38       0x28 /home/reglisse/opt/gcc-arm-none-eabi-4_9-2015q3/bin/../lib/gcc/arm-none-eabi/4.9.3/../../../../arm-none-eabi/lib/cortex-m7/fpu/fpv5-d16/libc_nano.a(lib_a-memmove.o)
 .debug_frame   0x00002d60       0x3c /home/reglisse/opt/gcc-arm-none-eabi-4_9-2015q3/bin/../lib/gcc/arm-none-eabi/4.9.3/../../../../arm-none-eabi/lib/cortex-m7/fpu/fpv5-d16/libc_nano.a(lib_a-nano-reallocr.o)
 .debug_frame   0x00002d9c       0x2c /home/reglisse/opt/gcc-arm-none-eabi-4_9-2015q3/bin/../lib/gcc/arm-none-eabi/4.9.3/../../../../arm-none-eabi/lib/cortex-m7/fpu/fpv5-d16/libc_nano.a(lib_a-readr.o)
 .debug_frame   0x00002dc8       0x20 /home/reglisse/opt/gcc-arm-none-eabi-4_9-2015q3/bin/../lib/gcc/arm-none-eabi/4.9.3/../../../../arm-none-eabi/lib/cortex-m7/fpu/fpv5-d16/libc_nano.a(lib_a-nano-msizer.o)
 .debug_frame   0x00002de8       0x20 /home/reglisse/opt/gcc-arm-none-eabi-4_9-2015q3/bin/../lib/gcc/arm-none-eabi/4.9.3/../../../../arm-none-eabi/lib/cortex-m7/fpu/fpv5-d16/libnosys.a(close.o)
 .debug_frame   0x00002e08       0x20 /home/reglisse/opt/gcc-arm-none-eabi-4_9-2015q3/bin/../lib/gcc/arm-none-eabi/4.9.3/../../../../arm-none-eabi/lib/cortex-m7/fpu/fpv5-d16/libnosys.a(fstat.o)
 .debug_frame   0x00002e28       0x20 /home/reglisse/opt/gcc-arm-none-eabi-4_9-2015q3/bin/../lib/gcc/arm-none-eabi/4.9.3/../../../../arm-none-eabi/lib/cortex-m7/fpu/fpv5-d16/libnosys.a(isatty.o)
 .debug_frame   0x00002e48       0x20 /home/reglisse/opt/gcc-arm-none-eabi-4_9-2015q3/bin/../lib/gcc/arm-none-eabi/4.9.3/../../../../arm-none-eabi/lib/cortex-m7/fpu/fpv5-d16/libnosys.a(lseek.o)
 .debug_frame   0x00002e68       0x20 /home/reglisse/opt/gcc-arm-none-eabi-4_9-2015q3/bin/../lib/gcc/arm-none-eabi/4.9.3/../../../../arm-none-eabi/lib/cortex-m7/fpu/fpv5-d16/libnosys.a(read.o)