Archive member included to satisfy reference by file (symbol)

/usr/lib/gcc/arm-none-eabi/9.2.1/../../../arm-none-eabi/lib/thumb/v7e-m+fp/hard/libc_nano.a(lib_a-atexit.o)
                              /usr/lib/gcc/arm-none-eabi/9.2.1/../../../arm-none-eabi/lib/thumb/v7e-m+fp/hard/crt0.o (atexit)
/usr/lib/gcc/arm-none-eabi/9.2.1/../../../arm-none-eabi/lib/thumb/v7e-m+fp/hard/libc_nano.a(lib_a-atof.o)
                              build/PumpService.o (atof)
/usr/lib/gcc/arm-none-eabi/9.2.1/../../../arm-none-eabi/lib/thumb/v7e-m+fp/hard/libc_nano.a(lib_a-atoi.o)
                              build/PumpService.o (atoi)
/usr/lib/gcc/arm-none-eabi/9.2.1/../../../arm-none-eabi/lib/thumb/v7e-m+fp/hard/libc_nano.a(lib_a-exit.o)
                              /usr/lib/gcc/arm-none-eabi/9.2.1/../../../arm-none-eabi/lib/thumb/v7e-m+fp/hard/crt0.o (exit)
/usr/lib/gcc/arm-none-eabi/9.2.1/../../../arm-none-eabi/lib/thumb/v7e-m+fp/hard/libc_nano.a(lib_a-fini.o)
                              /usr/lib/gcc/arm-none-eabi/9.2.1/../../../arm-none-eabi/lib/thumb/v7e-m+fp/hard/crt0.o (__libc_fini_array)
/usr/lib/gcc/arm-none-eabi/9.2.1/../../../arm-none-eabi/lib/thumb/v7e-m+fp/hard/libc_nano.a(lib_a-impure.o)
                              /usr/lib/gcc/arm-none-eabi/9.2.1/../../../arm-none-eabi/lib/thumb/v7e-m+fp/hard/libc_nano.a(lib_a-exit.o) (_global_impure_ptr)
/usr/lib/gcc/arm-none-eabi/9.2.1/../../../arm-none-eabi/lib/thumb/v7e-m+fp/hard/libc_nano.a(lib_a-init.o)
                              /usr/lib/gcc/arm-none-eabi/9.2.1/../../../arm-none-eabi/lib/thumb/v7e-m+fp/hard/crt0.o (__libc_init_array)
/usr/lib/gcc/arm-none-eabi/9.2.1/../../../arm-none-eabi/lib/thumb/v7e-m+fp/hard/libc_nano.a(lib_a-memcpy.o)
                              build/hci_tl.o (memcpy)
/usr/lib/gcc/arm-none-eabi/9.2.1/../../../arm-none-eabi/lib/thumb/v7e-m+fp/hard/libc_nano.a(lib_a-memset.o)
                              /usr/lib/gcc/arm-none-eabi/9.2.1/../../../arm-none-eabi/lib/thumb/v7e-m+fp/hard/crt0.o (memset)
/usr/lib/gcc/arm-none-eabi/9.2.1/../../../arm-none-eabi/lib/thumb/v7e-m+fp/hard/libc_nano.a(lib_a-nano-vfprintf_float.o)
                              (_printf_float)
/usr/lib/gcc/arm-none-eabi/9.2.1/../../../arm-none-eabi/lib/thumb/v7e-m+fp/hard/libc_nano.a(lib_a-nano-vfprintf_i.o)
                              /usr/lib/gcc/arm-none-eabi/9.2.1/../../../arm-none-eabi/lib/thumb/v7e-m+fp/hard/libc_nano.a(lib_a-nano-vfprintf_float.o) (_printf_common)
/usr/lib/gcc/arm-none-eabi/9.2.1/../../../arm-none-eabi/lib/thumb/v7e-m+fp/hard/libc_nano.a(lib_a-printf.o)
                              build/main.o (printf)
/usr/lib/gcc/arm-none-eabi/9.2.1/../../../arm-none-eabi/lib/thumb/v7e-m+fp/hard/libc_nano.a(lib_a-puts.o)
                              build/PumpService.o (puts)
/usr/lib/gcc/arm-none-eabi/9.2.1/../../../arm-none-eabi/lib/thumb/v7e-m+fp/hard/libc_nano.a(lib_a-strlen.o)
                              /usr/lib/gcc/arm-none-eabi/9.2.1/../../../arm-none-eabi/lib/thumb/v7e-m+fp/hard/libc_nano.a(lib_a-nano-vfprintf_float.o) (strlen)
/usr/lib/gcc/arm-none-eabi/9.2.1/../../../arm-none-eabi/lib/thumb/v7e-m+fp/hard/libc_nano.a(lib_a-strtod.o)
                              /usr/lib/gcc/arm-none-eabi/9.2.1/../../../arm-none-eabi/lib/thumb/v7e-m+fp/hard/libc_nano.a(lib_a-atof.o) (strtod)
/usr/lib/gcc/arm-none-eabi/9.2.1/../../../arm-none-eabi/lib/thumb/v7e-m+fp/hard/libc_nano.a(lib_a-strtol.o)
                              /usr/lib/gcc/arm-none-eabi/9.2.1/../../../arm-none-eabi/lib/thumb/v7e-m+fp/hard/libc_nano.a(lib_a-atoi.o) (_strtol_r)
/usr/lib/gcc/arm-none-eabi/9.2.1/../../../arm-none-eabi/lib/thumb/v7e-m+fp/hard/libc_nano.a(lib_a-wbuf.o)
                              /usr/lib/gcc/arm-none-eabi/9.2.1/../../../arm-none-eabi/lib/thumb/v7e-m+fp/hard/libc_nano.a(lib_a-puts.o) (__swbuf_r)
/usr/lib/gcc/arm-none-eabi/9.2.1/../../../arm-none-eabi/lib/thumb/v7e-m+fp/hard/libc_nano.a(lib_a-wsetup.o)
                              /usr/lib/gcc/arm-none-eabi/9.2.1/../../../arm-none-eabi/lib/thumb/v7e-m+fp/hard/libc_nano.a(lib_a-puts.o) (__swsetup_r)
/usr/lib/gcc/arm-none-eabi/9.2.1/../../../arm-none-eabi/lib/thumb/v7e-m+fp/hard/libc_nano.a(lib_a-__atexit.o)
                              /usr/lib/gcc/arm-none-eabi/9.2.1/../../../arm-none-eabi/lib/thumb/v7e-m+fp/hard/libc_nano.a(lib_a-atexit.o) (__register_exitproc)
/usr/lib/gcc/arm-none-eabi/9.2.1/../../../arm-none-eabi/lib/thumb/v7e-m+fp/hard/libc_nano.a(lib_a-__call_atexit.o)
                              /usr/lib/gcc/arm-none-eabi/9.2.1/../../../arm-none-eabi/lib/thumb/v7e-m+fp/hard/libc_nano.a(lib_a-__atexit.o) (__call_exitprocs)
/usr/lib/gcc/arm-none-eabi/9.2.1/../../../arm-none-eabi/lib/thumb/v7e-m+fp/hard/libc_nano.a(lib_a-ctype_.o)
                              /usr/lib/gcc/arm-none-eabi/9.2.1/../../../arm-none-eabi/lib/thumb/v7e-m+fp/hard/libc_nano.a(lib_a-strtol.o) (_ctype_)
/usr/lib/gcc/arm-none-eabi/9.2.1/../../../arm-none-eabi/lib/thumb/v7e-m+fp/hard/libc_nano.a(lib_a-dtoa.o)
[...]
Memory Configuration

Name             Origin             Length             Attributes
RAM              0x0000000020000000 0x0000000000020000 xrw
FLASH            0x0000000008000000 0x0000000000080000 xr
*default*        0x0000000000000000 0xffffffffffffffff

Linker script and memory map

LOAD /usr/lib/gcc/arm-none-eabi/9.2.1/thumb/v7e-m+fp/hard/crti.o
LOAD /usr/lib/gcc/arm-none-eabi/9.2.1/thumb/v7e-m+fp/hard/crtbegin.o
LOAD /usr/lib/gcc/arm-none-eabi/9.2.1/../../../arm-none-eabi/lib/thumb/v7e-m+fp/hard/crt0.o
LOAD build/main.o
LOAD build/PumpService.o
LOAD build/hci_tl_interface.o
LOAD build/app_x-cube-ble1.o
LOAD build/stm32f4xx_nucleo_bus.o
LOAD build/stm32f4xx_it.o
LOAD build/stm32f4xx_hal_msp.o
LOAD build/InsulinController.o
LOAD build/stm32f4xx_nucleo.o
LOAD build/stm32f4xx_hal_spi.o
LOAD build/stm32f4xx_hal_rcc.o
LOAD build/stm32f4xx_hal_rcc_ex.o
LOAD build/stm32f4xx_hal_flash.o
LOAD build/stm32f4xx_hal_flash_ex.o
LOAD build/stm32f4xx_hal_flash_ramfunc.o
LOAD build/stm32f4xx_hal_gpio.o
LOAD build/stm32f4xx_hal_dma_ex.o
LOAD build/stm32f4xx_hal_dma.o
LOAD build/stm32f4xx_hal_pwr.o
LOAD build/stm32f4xx_hal_pwr_ex.o
LOAD build/stm32f4xx_hal_cortex.o
LOAD build/stm32f4xx_hal.o
LOAD build/stm32f4xx_hal_exti.o
LOAD build/stm32f4xx_hal_tim.o
LOAD build/stm32f4xx_hal_tim_ex.o
LOAD build/stm32f4xx_hal_uart.o
LOAD build/system_stm32f4xx.o
LOAD build/hci_tl.o
LOAD build/hci_le.o
LOAD build/bluenrg_gap_aci.o
LOAD build/bluenrg_gatt_aci.o
LOAD build/bluenrg_hal_aci.o
LOAD build/bluenrg_l2cap_aci.o
LOAD build/bluenrg_updater_aci.o
LOAD build/bluenrg_utils_small.o
LOAD build/ble_list.o
LOAD build/stm32f4xx_hal_timebase_tim.o
LOAD build/startup_stm32f446xx.o
LOAD /usr/lib/gcc/arm-none-eabi/9.2.1/../../../arm-none-eabi/lib/thumb/v7e-m+fp/hard/libc_nano.a
LOAD /usr/lib/gcc/arm-none-eabi/9.2.1/../../../arm-none-eabi/lib/thumb/v7e-m+fp/hard/libm.a
LOAD /usr/lib/gcc/arm-none-eabi/9.2.1/../../../arm-none-eabi/lib/thumb/v7e-m+fp/hard/libnosys.a
START GROUP
LOAD /usr/lib/gcc/arm-none-eabi/9.2.1/thumb/v7e-m+fp/hard/libgcc.a
LOAD /usr/lib/gcc/arm-none-eabi/9.2.1/../../../arm-none-eabi/lib/thumb/v7e-m+fp/hard/libc_nano.a
END GROUP
START GROUP
LOAD /usr/lib/gcc/arm-none-eabi/9.2.1/thumb/v7e-m+fp/hard/libgcc.a
LOAD /usr/lib/gcc/arm-none-eabi/9.2.1/../../../arm-none-eabi/lib/thumb/v7e-m+fp/hard/libc_nano.a
END GROUP
LOAD /usr/lib/gcc/arm-none-eabi/9.2.1/thumb/v7e-m+fp/hard/crtend.o
LOAD /usr/lib/gcc/arm-none-eabi/9.2.1/thumb/v7e-m+fp/hard/crtn.o
                0x0000000020020000                _estack = 0x20020000
                0x0000000000000200                _Min_Heap_Size = 0x200
                0x0000000000000400                _Min_Stack_Size = 0x400

.isr_vector     0x0000000008000000      0x1c4
                0x0000000008000000                . = ALIGN (0x4)
 *(.isr_vector)
 .isr_vector    0x0000000008000000      0x1c4 build/startup_stm32f446xx.o
                0x0000000008000000                g_pfnVectors
                0x00000000080001c4                . = ALIGN (0x4)

.text           0x0000000008000200     0x9b50
                0x0000000008000200                . = ALIGN (0x4)
 *(.text)
 .text          0x0000000008000200       0x88 /usr/lib/gcc/arm-none-eabi/9.2.1/thumb/v7e-m+fp/hard/crtbegin.o
 .text          0x0000000008000288        0x8 /usr/lib/gcc/arm-none-eabi/9.2.1/../../../arm-none-eabi/lib/thumb/v7e-m+fp/hard/libc_nano.a(lib_a-atof.o)
                0x0000000008000288                atof
 .text          0x0000000008000290       0x10 /usr/lib/gcc/arm-none-eabi/9.2.1/../../../arm-none-eabi/lib/thumb/v7e-m+fp/hard/libc_nano.a(lib_a-atoi.o)
                0x0000000008000290                atoi
                0x0000000008000298                _atoi_r
 .text          0x00000000080002a0       0x48 /usr/lib/gcc/arm-none-eabi/9.2.1/../../../arm-none-eabi/lib/thumb/v7e-m+fp/hard/libc_nano.a(lib_a-init.o)
                0x00000000080002a0                __libc_init_array
 .text          0x00000000080002e8      0x134 /usr/lib/gcc/arm-none-eabi/9.2.1/../../../arm-none-eabi/lib/thumb/v7e-m+fp/hard/libc_nano.a(lib_a-memcpy.o)
                0x00000000080002e8                memcpy
 .text          0x000000000800041c       0xa0 /usr/lib/gcc/arm-none-eabi/9.2.1/../../../arm-none-eabi/lib/thumb/v7e-m+fp/hard/libc_nano.a(lib_a-memset.o)
                0x000000000800041c                memset
 .text          0x00000000080004bc      0x6b8 /usr/lib/gcc/arm-none-eabi/9.2.1/../../../arm-none-eabi/lib/thumb/v7e-m+fp/hard/libc_nano.a(lib_a-nano-vfprintf_float.o)
                0x00000000080004bc                __cvt
                0x00000000080005b8                __exponent
                0x0000000008000644                _printf_float
 .text          0x0000000008000b74      0x3c4 /usr/lib/gcc/arm-none-eabi/9.2.1/../../../arm-none-eabi/lib/thumb/v7e-m+fp/hard/libc_nano.a(lib_a-nano-vfprintf_i.o)
                0x0000000008000b74                _printf_common
                0x0000000008000ca0                _printf_i
 .text          0x0000000008000f38       0x68 /usr/lib/gcc/arm-none-eabi/9.2.1/../../../arm-none-eabi/lib/thumb/v7e-m+fp/hard/libc_nano.a(lib_a-printf.o)
                0x0000000008000f38                _printf_r
                0x0000000008000f38                _iprintf_r
                0x0000000008000f68                printf
                0x0000000008000f68                iprintf
 .text          0x0000000008000fa0       0xe8 /usr/lib/gcc/arm-none-eabi/9.2.1/../../../arm-none-eabi/lib/thumb/v7e-m+fp/hard/libc_nano.a(lib_a-puts.o)
                0x0000000008000fa0                _puts_r
                0x0000000008001078                puts
 *fill*         0x0000000008001088       0x38 
 .text          0x00000000080010c0       0xdc /usr/lib/gcc/arm-none-eabi/9.2.1/../../../arm-none-eabi/lib/thumb/v7e-m+fp/hard/libc_nano.a(lib_a-strlen.o)
                0x00000000080010c0                strlen
 *fill*         0x000000000800119c        0x4 
 .text          0x00000000080011a0     0x111c /usr/lib/gcc/arm-none-eabi/9.2.1/../../../arm-none-eabi/lib/thumb/v7e-m+fp/hard/libc_nano.a(lib_a-strtod.o)
                0x00000000080011d8                _strtod_l
                0x0000000008002110                _strtod_r
                0x000000000800211c                strtod_l
                0x0000000008002134                strtod
                0x0000000008002150                strtof_l
                0x0000000008002204                strtof
 .text          0x00000000080022bc      0x168 /usr/lib/gcc/arm-none-eabi/9.2.1/../../../arm-none-eabi/lib/thumb/v7e-m+fp/hard/libc_nano.a(lib_a-strtol.o)
                0x00000000080023f0                _strtol_r
                0x00000000080023f4                strtol_l
                0x000000000800240c                strtol
 .text          0x0000000008002424       0xc0 /usr/lib/gcc/arm-none-eabi/9.2.1/../../../arm-none-eabi/lib/thumb/v7e-m+fp/hard/libc_nano.a(lib_a-wbuf.o)
                0x0000000008002424                __swbuf_r
                0x00000000080024d4                __swbuf
 .text          0x00000000080024e4      0x100 /usr/lib/gcc/arm-none-eabi/9.2.1/../../../arm-none-eabi/lib/thumb/v7e-m+fp/hard/libc_nano.a(lib_a-wsetup.o)
                0x00000000080024e4                __swsetup_r
 *fill*         0x00000000080025e4        0x4 
 .text          0x00000000080025e8      0xffc /usr/lib/gcc/arm-none-eabi/9.2.1/../../../arm-none-eabi/lib/thumb/v7e-m+fp/hard/libc_nano.a(lib_a-dtoa.o)
                0x000000000800270c                _dtoa_r
 .text          0x00000000080035e4        0xc /usr/lib/gcc/arm-none-eabi/9.2.1/../../../arm-none-eabi/lib/thumb/v7e-m+fp/hard/libc_nano.a(lib_a-errno.o)
                0x00000000080035e4                __errno
 .text          0x00000000080035f0      0x1b0 /usr/lib/gcc/arm-none-eabi/9.2.1/../../../arm-none-eabi/lib/thumb/v7e-m+fp/hard/libc_nano.a(lib_a-fflush.o)
                0x00000000080035f0                __sflush_r
                0x000000000800371c                _fflush_r
                0x000000000800377c                fflush
 .text          0x00000000080037a0      0x210 /usr/lib/gcc/arm-none-eabi/9.2.1/../../../arm-none-eabi/lib/thumb/v7e-m+fp/hard/libc_nano.a(lib_a-findfp.o)
                0x00000000080037a4                _cleanup_r
                0x00000000080037b4                __sfmoreglue
                0x00000000080037e4                __sfp
                0x000000000800395c                _cleanup
                0x0000000008003970                __sinit
                0x0000000008003978                __sfp_lock_acquire
                0x000000000800397c                __sfp_lock_release
                0x0000000008003980                __sinit_lock_acquire
                0x0000000008003984                __sinit_lock_release
                0x0000000008003988                __fp_lock_all
                0x000000000800399c                __fp_unlock_all
 .text          0x00000000080039b0       0xa0 /usr/lib/gcc/arm-none-eabi/9.2.1/../../../arm-none-eabi/lib/thumb/v7e-m+fp/hard/libc_nano.a(lib_a-fwalk.o)
                0x00000000080039b0                _fwalk
                0x00000000080039fc                _fwalk_reent
 .text          0x0000000008003a50      0x600 /usr/lib/gcc/arm-none-eabi/9.2.1/../../../arm-none-eabi/lib/thumb/v7e-m+fp/hard/libc_nano.a(lib_a-gdtoa-gethex.o)
                0x0000000008003af0                __gethex
 .text          0x0000000008004050      0x1cc /usr/lib/gcc/arm-none-eabi/9.2.1/../../../arm-none-eabi/lib/thumb/v7e-m+fp/hard/libc_nano.a(lib_a-gdtoa-hexnan.o)
                0x0000000008004050                __match
                0x0000000008004080                __hexnan
 .text          0x000000000800421c       0x14 /usr/lib/gcc/arm-none-eabi/9.2.1/../../../arm-none-eabi/lib/thumb/v7e-m+fp/hard/libc_nano.a(lib_a-localeconv.o)
                0x000000000800421c                __localeconv_l
                0x0000000008004220                _localeconv_r
                0x0000000008004228                localeconv
 .text          0x0000000008004230       0xf0 /usr/lib/gcc/arm-none-eabi/9.2.1/../../../arm-none-eabi/lib/thumb/v7e-m+fp/hard/libc_nano.a(lib_a-makebuf.o)
                0x0000000008004230                __swhatbuf_r
                0x000000000800428c                __smakebuf_r
 .text          0x0000000008004320       0x20 /usr/lib/gcc/arm-none-eabi/9.2.1/../../../arm-none-eabi/lib/thumb/v7e-m+fp/hard/libc_nano.a(lib_a-malloc.o)
                0x0000000008004320                malloc
                0x0000000008004330                free
 .text          0x0000000008004340       0x40 /usr/lib/gcc/arm-none-eabi/9.2.1/../../../arm-none-eabi/lib/thumb/v7e-m+fp/hard/libc_nano.a(lib_a-mbtowc_r.o)
                0x0000000008004340                _mbtowc_r
                0x0000000008004354                __ascii_mbtowc
 .text          0x0000000008004380       0xa0 /usr/lib/gcc/arm-none-eabi/9.2.1/../../../arm-none-eabi/lib/thumb/v7e-m+fp/hard/libc_nano.a(lib_a-memchr.o)
                0x0000000008004380                memchr
 .text          0x0000000008004420      0xa38 /usr/lib/gcc/arm-none-eabi/9.2.1/../../../arm-none-eabi/lib/thumb/v7e-m+fp/hard/libc_nano.a(lib_a-mprec.o)
                0x0000000008004420                _Balloc
                0x00000000080044a0                _Bfree
                0x00000000080044ec                __multadd
                0x000000000800458c                __s2b
                0x0000000008004638                __hi0bits
                0x0000000008004678                __lo0bits
                0x00000000080046d8                __i2b
                0x0000000008004704                __multiply
                0x0000000008004850                __pow5mult
                0x0000000008004914                __lshift
                0x00000000080049dc                __mcmp
                0x0000000008004a14                __mdiff
                0x0000000008004b3c                __ulp
                0x0000000008004b8c                __b2d
                0x0000000008004c44                __d2b
                0x0000000008004d18                __ratio
                0x0000000008004d78                _mprec_log10
                0x0000000008004db8                __copybits
                0x0000000008004e00                __any_on
 .text          0x0000000008004e58       0x1c /usr/lib/gcc/arm-none-eabi/9.2.1/../../../arm-none-eabi/lib/thumb/v7e-m+fp/hard/libc_nano.a(lib_a-nano-callocr.o)
                0x0000000008004e58                _calloc_r
 .text          0x0000000008004e74       0xac /usr/lib/gcc/arm-none-eabi/9.2.1/../../../arm-none-eabi/lib/thumb/v7e-m+fp/hard/libc_nano.a(lib_a-nano-freer.o)
                0x0000000008004e74                _free_r
 .text          0x0000000008004f20       0xc8 /usr/lib/gcc/arm-none-eabi/9.2.1/../../../arm-none-eabi/lib/thumb/v7e-m+fp/hard/libc_nano.a(lib_a-nano-mallocr.o)
                0x0000000008004f20                _malloc_r
 .text          0x0000000008004fe8      0x364 /usr/lib/gcc/arm-none-eabi/9.2.1/../../../arm-none-eabi/lib/thumb/v7e-m+fp/hard/libc_nano.a(lib_a-nano-vfprintf.o)
                0x0000000008005024                __sfputs_r
                0x0000000008005054                __sprint_r
                0x0000000008005070                _vfiprintf_r
                0x0000000008005070                _vfprintf_r
                0x0000000008005334                vfiprintf
                0x0000000008005334                vfprintf
 *fill*         0x000000000800534c        0x4 
 .text          0x0000000008005350       0x10 /usr/lib/gcc/arm-none-eabi/9.2.1/../../../arm-none-eabi/lib/thumb/v7e-m+fp/hard/libc_nano.a(lib_a-s_nan.o)
                0x0000000008005350                nan
 .text          0x0000000008005360       0x24 /usr/lib/gcc/arm-none-eabi/9.2.1/../../../arm-none-eabi/lib/thumb/v7e-m+fp/hard/libc_nano.a(lib_a-sbrkr.o)
                0x0000000008005360                _sbrk_r
 .text          0x0000000008005384        0xc /usr/lib/gcc/arm-none-eabi/9.2.1/../../../arm-none-eabi/lib/thumb/v7e-m+fp/hard/libc_nano.a(lib_a-sf_nan.o)
                0x0000000008005384                nanf
 .text          0x0000000008005390       0x90 /usr/lib/gcc/arm-none-eabi/9.2.1/../../../arm-none-eabi/lib/thumb/v7e-m+fp/hard/libc_nano.a(lib_a-stdio.o)
                0x0000000008005390                __sread
                0x00000000080053b4                __seofread
                0x00000000080053b8                __swrite
                0x00000000080053f8                __sseek
                0x0000000008005418                __sclose
 .text          0x0000000008005420       0xa4 /usr/lib/gcc/arm-none-eabi/9.2.1/../../../arm-none-eabi/lib/thumb/v7e-m+fp/hard/libc_nano.a(lib_a-strncmp.o)
                0x0000000008005420                strncmp
 .text          0x00000000080054c4       0x30 /usr/lib/gcc/arm-none-eabi/9.2.1/../../../arm-none-eabi/lib/thumb/v7e-m+fp/hard/libc_nano.a(lib_a-wctomb_r.o)
                0x00000000080054c4                _wctomb_r
                0x00000000080054d8                __ascii_wctomb
 .text          0x00000000080054f4       0x2c /usr/lib/gcc/arm-none-eabi/9.2.1/../../../arm-none-eabi/lib/thumb/v7e-m+fp/hard/libc_nano.a(lib_a-writer.o)
                0x00000000080054f4                _write_r
 .text          0x0000000008005520       0x48 /usr/lib/gcc/arm-none-eabi/9.2.1/../../../arm-none-eabi/lib/thumb/v7e-m+fp/hard/libc_nano.a(lib_a-assert.o)
                0x0000000008005520                __assert_func
                0x000000000800555c                __assert
 .text          0x0000000008005568       0x24 /usr/lib/gcc/arm-none-eabi/9.2.1/../../../arm-none-eabi/lib/thumb/v7e-m+fp/hard/libc_nano.a(lib_a-closer.o)
                0x0000000008005568                _close_r
 .text          0x000000000800558c       0x44 /usr/lib/gcc/arm-none-eabi/9.2.1/../../../arm-none-eabi/lib/thumb/v7e-m+fp/hard/libc_nano.a(lib_a-fprintf.o)
                0x000000000800558c                _fprintf_r
                0x000000000800558c                _fiprintf_r
                0x00000000080055a8                fprintf
                0x00000000080055a8                fiprintf
 .text          0x00000000080055d0       0x28 /usr/lib/gcc/arm-none-eabi/9.2.1/../../../arm-none-eabi/lib/thumb/v7e-m+fp/hard/libc_nano.a(lib_a-fstatr.o)
                0x00000000080055d0                _fstat_r
 .text          0x00000000080055f8      0x308 /usr/lib/gcc/arm-none-eabi/9.2.1/../../../arm-none-eabi/lib/thumb/v7e-m+fp/hard/libc_nano.a(lib_a-fvwrite.o)
                0x00000000080055f8                __sfvwrite_r
 .text          0x0000000008005900       0x24 /usr/lib/gcc/arm-none-eabi/9.2.1/../../../arm-none-eabi/lib/thumb/v7e-m+fp/hard/libc_nano.a(lib_a-isattyr.o)
                0x0000000008005900                _isatty_r
 .text          0x0000000008005924       0x2c /usr/lib/gcc/arm-none-eabi/9.2.1/../../../arm-none-eabi/lib/thumb/v7e-m+fp/hard/libc_nano.a(lib_a-lseekr.o)
                0x0000000008005924                _lseek_r
 .text          0x0000000008005950       0xd0 /usr/lib/gcc/arm-none-eabi/9.2.1/../../../arm-none-eabi/lib/thumb/v7e-m+fp/hard/libc_nano.a(lib_a-memmove.o)
                0x0000000008005950                memmove
 .text          0x0000000008005a20        0x8 /usr/lib/gcc/arm-none-eabi/9.2.1/../../../arm-none-eabi/lib/thumb/v7e-m+fp/hard/libc_nano.a(lib_a-mlock.o)
                0x0000000008005a20                __malloc_lock
                0x0000000008005a24                __malloc_unlock
 .text          0x0000000008005a28       0x4c /usr/lib/gcc/arm-none-eabi/9.2.1/../../../arm-none-eabi/lib/thumb/v7e-m+fp/hard/libc_nano.a(lib_a-nano-reallocr.o)
                0x0000000008005a28                _realloc_r
 .text          0x0000000008005a74       0x2c /usr/lib/gcc/arm-none-eabi/9.2.1/../../../arm-none-eabi/lib/thumb/v7e-m+fp/hard/libc_nano.a(lib_a-readr.o)
                0x0000000008005a74                _read_r
 .text          0x0000000008005aa0       0x10 /usr/lib/gcc/arm-none-eabi/9.2.1/../../../arm-none-eabi/lib/thumb/v7e-m+fp/hard/libc_nano.a(lib_a-abort.o)
                0x0000000008005aa0                abort
 .text          0x0000000008005ab0       0x10 /usr/lib/gcc/arm-none-eabi/9.2.1/../../../arm-none-eabi/lib/thumb/v7e-m+fp/hard/libc_nano.a(lib_a-nano-msizer.o)
                0x0000000008005ab0                _malloc_usable_size_r
 .text          0x0000000008005ac0      0x150 /usr/lib/gcc/arm-none-eabi/9.2.1/../../../arm-none-eabi/lib/thumb/v7e-m+fp/hard/libc_nano.a(lib_a-signal.o)
                0x0000000008005ae8                _init_signal_r
                0x0000000008005af4                _signal_r
                0x0000000008005b28                _raise_r
                0x0000000008005b7c                __sigtramp_r
                0x0000000008005bcc                raise
                0x0000000008005bdc                signal
                0x0000000008005bec                _init_signal
                0x0000000008005c00                __sigtramp
 .text          0x0000000008005c10       0x2c /usr/lib/gcc/arm-none-eabi/9.2.1/../../../arm-none-eabi/lib/thumb/v7e-m+fp/hard/libc_nano.a(lib_a-signalr.o)
                0x0000000008005c10                _kill_r
                0x0000000008005c38                _getpid_r
 .text          0x0000000008005c3c       0x10 /usr/lib/gcc/arm-none-eabi/9.2.1/../../../arm-none-eabi/lib/thumb/v7e-m+fp/hard/libnosys.a(getpid.o)
                0x0000000008005c3c                _getpid
 .text          0x0000000008005c4c       0x10 /usr/lib/gcc/arm-none-eabi/9.2.1/../../../arm-none-eabi/lib/thumb/v7e-m+fp/hard/libnosys.a(kill.o)
                0x0000000008005c4c                _kill
 .text          0x0000000008005c5c       0x1c /usr/lib/gcc/arm-none-eabi/9.2.1/../../../arm-none-eabi/lib/thumb/v7e-m+fp/hard/libnosys.a(sbrk.o)
                0x0000000008005c5c                _sbrk
 .text          0x0000000008005c78        0x4 /usr/lib/gcc/arm-none-eabi/9.2.1/../../../arm-none-eabi/lib/thumb/v7e-m+fp/hard/libnosys.a(_exit.o)
                0x0000000008005c78                _exit
 .text          0x0000000008005c7c      0x378 /usr/lib/gcc/arm-none-eabi/9.2.1/thumb/v7e-m+fp/hard/libgcc.a(_arm_addsubdf3.o)
                0x0000000008005c7c                __aeabi_drsub
                0x0000000008005c84                __aeabi_dsub
                0x0000000008005c84                __subdf3
                0x0000000008005c88                __adddf3
                0x0000000008005c88                __aeabi_dadd
                0x0000000008005f00                __aeabi_ui2d
                0x0000000008005f00                __floatunsidf
                0x0000000008005f20                __floatsidf
                0x0000000008005f20                __aeabi_i2d
                0x0000000008005f44                __extendsfdf2
                0x0000000008005f44                __aeabi_f2d
                0x0000000008005f88                __aeabi_ul2d
                0x0000000008005f88                __floatundidf
                0x0000000008005f98                __floatdidf
                0x0000000008005f98                __aeabi_l2d
 .text          0x0000000008005ff4      0x424 /usr/lib/gcc/arm-none-eabi/9.2.1/thumb/v7e-m+fp/hard/libgcc.a(_arm_muldivdf3.o)
                0x0000000008005ff4                __aeabi_dmul
                0x0000000008005ff4                __muldf3
                0x0000000008006248                __aeabi_ddiv
                0x0000000008006248                __divdf3
 .text          0x0000000008006418      0x110 /usr/lib/gcc/arm-none-eabi/9.2.1/thumb/v7e-m+fp/hard/libgcc.a(_arm_cmpdf2.o)
                0x0000000008006418                __gtdf2
                0x0000000008006418                __gedf2
                0x0000000008006420                __ltdf2
                0x0000000008006420                __ledf2
                0x0000000008006428                __cmpdf2
                0x0000000008006428                __eqdf2
                0x0000000008006428                __nedf2
                0x00000000080064a4                __aeabi_cdrcmple
                0x00000000080064b4                __aeabi_cdcmple
                0x00000000080064b4                __aeabi_cdcmpeq
                0x00000000080064c4                __aeabi_dcmpeq
                0x00000000080064d8                __aeabi_dcmplt
                0x00000000080064ec                __aeabi_dcmple
                0x0000000008006500                __aeabi_dcmpge
                0x0000000008006514                __aeabi_dcmpgt
 .text          0x0000000008006528       0x2c /usr/lib/gcc/arm-none-eabi/9.2.1/thumb/v7e-m+fp/hard/libgcc.a(_arm_unorddf2.o)
                0x0000000008006528                __aeabi_dcmpun
                0x0000000008006528                __unorddf2
 .text          0x0000000008006554       0x50 /usr/lib/gcc/arm-none-eabi/9.2.1/thumb/v7e-m+fp/hard/libgcc.a(_arm_fixdfsi.o)
                0x0000000008006554                __fixdfsi
                0x0000000008006554                __aeabi_d2iz
 .text          0x00000000080065a4       0x40 /usr/lib/gcc/arm-none-eabi/9.2.1/thumb/v7e-m+fp/hard/libgcc.a(_arm_fixunsdfsi.o)
                0x00000000080065a4                __fixunsdfsi
                0x00000000080065a4                __aeabi_d2uiz
 .text          0x00000000080065e4       0xa0 /usr/lib/gcc/arm-none-eabi/9.2.1/thumb/v7e-m+fp/hard/libgcc.a(_arm_truncdfsf2.o)
                0x00000000080065e4                __aeabi_d2f
                0x00000000080065e4                __truncdfsf2
 .text          0x0000000008006684       0x30 /usr/lib/gcc/arm-none-eabi/9.2.1/thumb/v7e-m+fp/hard/libgcc.a(_aeabi_uldivmod.o)
                0x0000000008006684                __aeabi_uldivmod
 .text          0x00000000080066b4       0x30 /usr/lib/gcc/arm-none-eabi/9.2.1/thumb/v7e-m+fp/hard/libgcc.a(_fixdfdi.o)
                0x00000000080066b4                __aeabi_d2lz
                0x00000000080066b4                __fixdfdi
 .text          0x00000000080066e4       0x3c /usr/lib/gcc/arm-none-eabi/9.2.1/thumb/v7e-m+fp/hard/libgcc.a(_fixunsdfdi.o)
                0x00000000080066e4                __aeabi_d2ulz
                0x00000000080066e4                __fixunsdfdi
 .text          0x0000000008006720      0x2c4 /usr/lib/gcc/arm-none-eabi/9.2.1/thumb/v7e-m+fp/hard/libgcc.a(_udivmoddi4.o)
                0x0000000008006720                __udivmoddi4
 .text          0x00000000080069e4        0x4 /usr/lib/gcc/arm-none-eabi/9.2.1/thumb/v7e-m+fp/hard/libgcc.a(_dvmd_tls.o)
                0x00000000080069e4                __aeabi_ldiv0
                0x00000000080069e4                __aeabi_idiv0
 *(.text*)
 .text.SystemClock_Config
                0x00000000080069e8       0x94 build/main.o
                0x00000000080069e8                SystemClock_Config
 .text.startup.main
                0x0000000008006a7c      0x124 build/main.o
                0x0000000008006a7c                main
 .text._isatty  0x0000000008006ba0        0xc build/main.o
                0x0000000008006ba0                _isatty
 .text._write   0x0000000008006bac       0x2c build/main.o
                0x0000000008006bac                _write
 .text._close   0x0000000008006bd8        0xc build/main.o
                0x0000000008006bd8                _close
 .text._lseek   0x0000000008006be4        0x8 build/main.o
                0x0000000008006be4                _lseek
 .text._read    0x0000000008006bec       0x24 build/main.o
                0x0000000008006bec                _read
 .text._fstat   0x0000000008006c10       0x10 build/main.o
                0x0000000008006c10                _fstat
 .text.USART2_IRQHandler
                0x0000000008006c20        0xc build/main.o
                0x0000000008006c20                USART2_IRQHandler
 .text.HAL_UART_RxCpltCallback
                0x0000000008006c2c       0x50 build/main.o
                0x0000000008006c2c                HAL_UART_RxCpltCallback
 .text.HAL_TIM_PeriodElapsedCallback
                0x0000000008006c7c       0x14 build/main.o
                0x0000000008006c7c                HAL_TIM_PeriodElapsedCallback
 .text.Add_Pump_Service
                0x0000000008006c90      0x19c build/PumpService.o
                0x0000000008006c90                Add_Pump_Service
 .text.setConnectable
                0x0000000008006e2c       0x5c build/PumpService.o
                0x0000000008006e2c                setConnectable
 .text.GAP_ConnectionComplete_CB
                0x0000000008006e88       0x48 build/PumpService.o
                0x0000000008006e88                GAP_ConnectionComplete_CB
 .text.ProcessModeReq
                0x0000000008006ed0       0x50 build/PumpService.o
                0x0000000008006ed0                ProcessModeReq
 .text.Attribute_Modified_CB
                0x0000000008006f20       0x58 build/PumpService.o
                0x0000000008006f20                Attribute_Modified_CB
 .text.user_notify
                0x0000000008006f78       0x88 build/PumpService.o
                0x0000000008006f78                user_notify
 .text.HCI_TL_SPI_Init
                0x0000000008007000       0x68 build/hci_tl_interface.o
                0x0000000008007000                HCI_TL_SPI_Init
 .text.HCI_TL_SPI_DeInit
                0x0000000008007068       0x24 build/hci_tl_interface.o
                0x0000000008007068                HCI_TL_SPI_DeInit
 .text.HCI_TL_SPI_Reset
                0x000000000800708c       0x30 build/hci_tl_interface.o
                0x000000000800708c                HCI_TL_SPI_Reset
 .text.HCI_TL_SPI_Receive
                0x00000000080070bc       0x8c build/hci_tl_interface.o
                0x00000000080070bc                HCI_TL_SPI_Receive
 .text.HCI_TL_SPI_Send
                0x0000000008007148       0x98 build/hci_tl_interface.o
                0x0000000008007148                HCI_TL_SPI_Send
 .text.hci_tl_lowlevel_isr
                0x00000000080071e0       0x24 build/hci_tl_interface.o
                0x00000000080071e0                hci_tl_lowlevel_isr
 .text.hci_tl_lowlevel_init
                0x0000000008007204       0x6c build/hci_tl_interface.o
                0x0000000008007204                hci_tl_lowlevel_init
 .text.MX_BlueNRG_MS_Init
                0x0000000008007270      0x188 build/app_x-cube-ble1.o
                0x0000000008007270                MX_BlueNRG_MS_Init
 .text.MX_BlueNRG_MS_Process
                0x00000000080073f8       0x24 build/app_x-cube-ble1.o
                0x00000000080073f8                MX_BlueNRG_MS_Process
 .text.BSP_PB_Callback
                0x000000000800741c        0xc build/app_x-cube-ble1.o
                0x000000000800741c                BSP_PB_Callback
 .text.BSP_SPI1_SendRecv
                0x0000000008007428       0x2c build/stm32f4xx_nucleo_bus.o
                0x0000000008007428                BSP_SPI1_SendRecv
 .text.BSP_GetTick
                0x0000000008007454        0x4 build/stm32f4xx_nucleo_bus.o
                0x0000000008007454                BSP_GetTick
 .text.MX_SPI1_Init
                0x0000000008007458       0x3c build/stm32f4xx_nucleo_bus.o
                0x0000000008007458                MX_SPI1_Init
 .text.BSP_SPI1_Init
                0x0000000008007494       0xc4 build/stm32f4xx_nucleo_bus.o
                0x0000000008007494                BSP_SPI1_Init
 .text.NMI_Handler
                0x0000000008007558        0x4 build/stm32f4xx_it.o
                0x0000000008007558                NMI_Handler
 .text.HardFault_Handler
                0x000000000800755c        0x4 build/stm32f4xx_it.o
                0x000000000800755c                HardFault_Handler
 .text.MemManage_Handler
                0x0000000008007560        0x4 build/stm32f4xx_it.o
                0x0000000008007560                MemManage_Handler
 .text.BusFault_Handler
                0x0000000008007564        0x4 build/stm32f4xx_it.o
                0x0000000008007564                BusFault_Handler
 .text.UsageFault_Handler
                0x0000000008007568        0x4 build/stm32f4xx_it.o
                0x0000000008007568                UsageFault_Handler
 .text.DebugMon_Handler
                0x000000000800756c        0x4 build/stm32f4xx_it.o
                0x000000000800756c                DebugMon_Handler
 .text.EXTI0_IRQHandler
                0x0000000008007570        0xc build/stm32f4xx_it.o
                0x0000000008007570                EXTI0_IRQHandler
 .text.TIM1_UP_TIM10_IRQHandler
                0x000000000800757c        0xc build/stm32f4xx_it.o
                0x000000000800757c                TIM1_UP_TIM10_IRQHandler
 .text.HAL_MspInit
                0x0000000008007588       0x40 build/stm32f4xx_hal_msp.o
                0x0000000008007588                HAL_MspInit
 .text.InsulinController
                0x00000000080075c8      0x1b8 build/InsulinController.o
                0x00000000080075c8                InsulinController
 .text.InsulinManualController
                0x0000000008007780       0x40 build/InsulinController.o
                0x0000000008007780                InsulinManualController
 .text.ResetController
                0x00000000080077c0       0x48 build/InsulinController.o
                0x00000000080077c0                ResetController
 .text.BSP_LED_Init
                0x0000000008007808       0x4c build/stm32f4xx_nucleo.o
                0x0000000008007808                BSP_LED_Init
 .text.BSP_PB_Init
                0x0000000008007854       0x9c build/stm32f4xx_nucleo.o
                0x0000000008007854                BSP_PB_Init
 .text.BSP_PB_GetState
                0x00000000080078f0       0x18 build/stm32f4xx_nucleo.o
                0x00000000080078f0                BSP_PB_GetState
 .text.BUTTON_USER_EXTI_Callback
                0x0000000008007908        0xc build/stm32f4xx_nucleo.o
 .text.MX_USART2_UART_Init
                0x0000000008007914       0x2c build/stm32f4xx_nucleo.o
                0x0000000008007914                MX_USART2_UART_Init
 .text.BSP_COM_Init
                0x0000000008007940       0x8c build/stm32f4xx_nucleo.o
                0x0000000008007940                BSP_COM_Init
 .text.SPI_WaitFlagStateUntilTimeout.constprop.0
                0x00000000080079cc       0x80 build/stm32f4xx_hal_spi.o
 .text.SPI_EndRxTxTransaction
                0x0000000008007a4c       0x64 build/stm32f4xx_hal_spi.o
 .text.HAL_SPI_MspInit
                0x0000000008007ab0        0x4 build/stm32f4xx_hal_spi.o
                0x0000000008007ab0                HAL_SPI_MspInit
 .text.HAL_SPI_Init
                0x0000000008007ab4       0x80 build/stm32f4xx_hal_spi.o
                0x0000000008007ab4                HAL_SPI_Init
 .text.HAL_SPI_TransmitReceive
                0x0000000008007b34      0x1fc build/stm32f4xx_hal_spi.o
                0x0000000008007b34                HAL_SPI_TransmitReceive
 .text.HAL_SPI_GetState
                0x0000000008007d30        0x8 build/stm32f4xx_hal_spi.o
                0x0000000008007d30                HAL_SPI_GetState
 .text.HAL_RCC_ClockConfig
                0x0000000008007d38      0x13c build/stm32f4xx_hal_rcc.o
                0x0000000008007d38                HAL_RCC_ClockConfig
 .text.HAL_RCC_GetPCLK1Freq
                0x0000000008007e74       0x20 build/stm32f4xx_hal_rcc.o
                0x0000000008007e74                HAL_RCC_GetPCLK1Freq
 .text.HAL_RCC_GetPCLK2Freq
                0x0000000008007e94       0x20 build/stm32f4xx_hal_rcc.o
                0x0000000008007e94                HAL_RCC_GetPCLK2Freq
 .text.HAL_RCC_GetClockConfig
                0x0000000008007eb4       0x44 build/stm32f4xx_hal_rcc.o
                0x0000000008007eb4                HAL_RCC_GetClockConfig
 .text.HAL_RCC_GetSysClockFreq
                0x0000000008007ef8       0xb0 build/stm32f4xx_hal_rcc_ex.o
                0x0000000008007ef8                HAL_RCC_GetSysClockFreq
 .text.HAL_RCC_OscConfig
                0x0000000008007fa8      0x3a8 build/stm32f4xx_hal_rcc_ex.o
                0x0000000008007fa8                HAL_RCC_OscConfig
 .text.HAL_GPIO_Init
                0x0000000008008350      0x22c build/stm32f4xx_hal_gpio.o
                0x0000000008008350                HAL_GPIO_Init
 .text.HAL_GPIO_DeInit
                0x000000000800857c      0x160 build/stm32f4xx_hal_gpio.o
                0x000000000800857c                HAL_GPIO_DeInit
 .text.HAL_GPIO_ReadPin
                0x00000000080086dc        0xc build/stm32f4xx_hal_gpio.o
                0x00000000080086dc                HAL_GPIO_ReadPin
 .text.HAL_GPIO_WritePin
                0x00000000080086e8        0x8 build/stm32f4xx_hal_gpio.o
                0x00000000080086e8                HAL_GPIO_WritePin
 .text.HAL_DMA_Abort_IT
                0x00000000080086f0       0x24 build/stm32f4xx_hal_dma.o
                0x00000000080086f0                HAL_DMA_Abort_IT
 .text.HAL_NVIC_SetPriorityGrouping
                0x0000000008008714       0x28 build/stm32f4xx_hal_cortex.o
                0x0000000008008714                HAL_NVIC_SetPriorityGrouping
 .text.HAL_NVIC_SetPriority
                0x000000000800873c       0x70 build/stm32f4xx_hal_cortex.o
                0x000000000800873c                HAL_NVIC_SetPriority
 .text.HAL_NVIC_EnableIRQ
                0x00000000080087ac       0x1c build/stm32f4xx_hal_cortex.o
                0x00000000080087ac                HAL_NVIC_EnableIRQ
 .text.HAL_Init
                0x00000000080087c8       0x34 build/stm32f4xx_hal.o
                0x00000000080087c8                HAL_Init
 .text.HAL_IncTick
                0x00000000080087fc       0x18 build/stm32f4xx_hal.o
                0x00000000080087fc                HAL_IncTick
 .text.HAL_GetTick
                0x0000000008008814        0xc build/stm32f4xx_hal.o
                0x0000000008008814                HAL_GetTick
 .text.HAL_Delay
                0x0000000008008820       0x24 build/stm32f4xx_hal.o
                0x0000000008008820                HAL_Delay
 .text.HAL_EXTI_RegisterCallback
                0x0000000008008844        0xc build/stm32f4xx_hal_exti.o
                0x0000000008008844                HAL_EXTI_RegisterCallback
 .text.HAL_EXTI_GetHandle
                0x0000000008008850        0xc build/stm32f4xx_hal_exti.o
                0x0000000008008850                HAL_EXTI_GetHandle
 .text.HAL_EXTI_IRQHandler
                0x000000000800885c       0x2c build/stm32f4xx_hal_exti.o
                0x000000000800885c                HAL_EXTI_IRQHandler
 .text.HAL_TIM_Base_MspInit
                0x0000000008008888        0x4 build/stm32f4xx_hal_tim.o
                0x0000000008008888                HAL_TIM_Base_MspInit
 .text.HAL_TIM_Base_Start_IT
                0x000000000800888c       0x20 build/stm32f4xx_hal_tim.o
                0x000000000800888c                HAL_TIM_Base_Start_IT
 .text.HAL_TIM_OC_DelayElapsedCallback
                0x00000000080088ac        0x4 build/stm32f4xx_hal_tim.o
                0x00000000080088ac                HAL_TIM_OC_DelayElapsedCallback
 .text.HAL_TIM_IC_CaptureCallback
                0x00000000080088b0        0x4 build/stm32f4xx_hal_tim.o
                0x00000000080088b0                HAL_TIM_IC_CaptureCallback
 .text.HAL_TIM_PWM_PulseFinishedCallback
                0x00000000080088b4        0x4 build/stm32f4xx_hal_tim.o
                0x00000000080088b4                HAL_TIM_PWM_PulseFinishedCallback
 .text.HAL_TIM_TriggerCallback
                0x00000000080088b8        0x4 build/stm32f4xx_hal_tim.o
                0x00000000080088b8                HAL_TIM_TriggerCallback
 .text.HAL_TIM_IRQHandler
                0x00000000080088bc      0x154 build/stm32f4xx_hal_tim.o
                0x00000000080088bc                HAL_TIM_IRQHandler
 .text.TIM_Base_SetConfig
                0x0000000008008a10       0xc4 build/stm32f4xx_hal_tim.o
                0x0000000008008a10                TIM_Base_SetConfig
 .text.HAL_TIM_Base_Init
                0x0000000008008ad4       0x38 build/stm32f4xx_hal_tim.o
                0x0000000008008ad4                HAL_TIM_Base_Init
 .text.HAL_TIMEx_CommutCallback
                0x0000000008008b0c        0x4 build/stm32f4xx_hal_tim_ex.o
                0x0000000008008b0c                HAL_TIMEx_CommutCallback
 .text.HAL_TIMEx_BreakCallback
                0x0000000008008b10        0x4 build/stm32f4xx_hal_tim_ex.o
                0x0000000008008b10                HAL_TIMEx_BreakCallback
 .text.UART_SetConfig
                0x0000000008008b14       0xec build/stm32f4xx_hal_uart.o
 .text.UART_WaitOnFlagUntilTimeout.constprop.0
                0x0000000008008c00       0x58 build/stm32f4xx_hal_uart.o
 .text.HAL_UART_MspInit
                0x0000000008008c58        0x4 build/stm32f4xx_hal_uart.o
                0x0000000008008c58                HAL_UART_MspInit
 .text.HAL_UART_Init
                0x0000000008008c5c       0x60 build/stm32f4xx_hal_uart.o
                0x0000000008008c5c                HAL_UART_Init
 .text.HAL_UART_Transmit
                0x0000000008008cbc       0xc4 build/stm32f4xx_hal_uart.o
                0x0000000008008cbc                HAL_UART_Transmit
 .text.HAL_UART_Receive
                0x0000000008008d80       0xd8 build/stm32f4xx_hal_uart.o
                0x0000000008008d80                HAL_UART_Receive
 .text.HAL_UART_Receive_IT
                0x0000000008008e58       0x54 build/stm32f4xx_hal_uart.o
                0x0000000008008e58                HAL_UART_Receive_IT
 .text.HAL_UART_TxCpltCallback
                0x0000000008008eac        0x4 build/stm32f4xx_hal_uart.o
                0x0000000008008eac                HAL_UART_TxCpltCallback
 .text.UART_Receive_IT.part.0
                0x0000000008008eb0       0x88 build/stm32f4xx_hal_uart.o
 .text.HAL_UART_ErrorCallback
                0x0000000008008f38        0x4 build/stm32f4xx_hal_uart.o
                0x0000000008008f38                HAL_UART_ErrorCallback
 .text.HAL_UART_IRQHandler
                0x0000000008008f3c      0x178 build/stm32f4xx_hal_uart.o
                0x0000000008008f3c                HAL_UART_IRQHandler
 .text.UART_DMAAbortOnError
                0x00000000080090b4       0x10 build/stm32f4xx_hal_uart.o
 .text.SystemInit
                0x00000000080090c4       0x1c build/system_stm32f4xx.o
                0x00000000080090c4                SystemInit
 .text.move_list.constprop.0
                0x00000000080090e0       0x30 build/hci_tl.o
 .text.hci_init
                0x0000000008009110       0x74 build/hci_tl.o
                0x0000000008009110                hci_init
 .text.hci_register_io_bus
                0x0000000008009184       0x20 build/hci_tl.o
                0x0000000008009184                hci_register_io_bus
 .text.hci_send_req
                0x00000000080091a4      0x198 build/hci_tl.o
                0x00000000080091a4                hci_send_req
 .text.hci_user_evt_proc
                0x000000000800933c       0x48 build/hci_tl.o
                0x000000000800933c                hci_user_evt_proc
 .text.hci_notify_asynch_evt
                0x0000000008009384       0x70 build/hci_tl.o
                0x0000000008009384                hci_notify_asynch_evt
 .text.hci_reset
                0x00000000080093f4       0x30 build/hci_le.o
                0x00000000080093f4                hci_reset
 .text.hci_le_read_local_version
                0x0000000008009424       0x88 build/hci_le.o
                0x0000000008009424                hci_le_read_local_version
 .text.hci_le_set_scan_resp_data
                0x00000000080094ac       0x5c build/hci_le.o
                0x00000000080094ac                hci_le_set_scan_resp_data
 .text.aci_gap_init_IDB05A1
                0x0000000008009508       0x74 build/bluenrg_gap_aci.o
                0x0000000008009508                aci_gap_init_IDB05A1
 .text.aci_gap_init_IDB04A1
                0x000000000800957c       0x6c build/bluenrg_gap_aci.o
                0x000000000800957c                aci_gap_init_IDB04A1
 .text.aci_gap_set_discoverable
                0x00000000080095e8       0xc8 build/bluenrg_gap_aci.o
                0x00000000080095e8                aci_gap_set_discoverable
 .text.aci_gap_set_auth_requirement
                0x00000000080096b0       0x7c build/bluenrg_gap_aci.o
                0x00000000080096b0                aci_gap_set_auth_requirement
 .text.aci_gatt_init
                0x000000000800972c       0x34 build/bluenrg_gatt_aci.o
                0x000000000800972c                aci_gatt_init
 .text.aci_gatt_add_serv
                0x0000000008009760       0x90 build/bluenrg_gatt_aci.o
                0x0000000008009760                aci_gatt_add_serv
 .text.aci_gatt_add_char
                0x00000000080097f0       0xfc build/bluenrg_gatt_aci.o
                0x00000000080097f0                aci_gatt_add_char
 .text.aci_gatt_add_char_desc
                0x00000000080098ec      0x114 build/bluenrg_gatt_aci.o
                0x00000000080098ec                aci_gatt_add_char_desc
 .text.aci_gatt_update_char_value
                0x0000000008009a00       0x68 build/bluenrg_gatt_aci.o
                0x0000000008009a00                aci_gatt_update_char_value
 .text.aci_gatt_allow_read
                0x0000000008009a68       0x3c build/bluenrg_gatt_aci.o
                0x0000000008009a68                aci_gatt_allow_read
 .text.aci_hal_write_config_data
                0x0000000008009aa4       0x60 build/bluenrg_hal_aci.o
                0x0000000008009aa4                aci_hal_write_config_data
 .text.aci_hal_set_tx_power_level
                0x0000000008009b04       0x44 build/bluenrg_hal_aci.o
                0x0000000008009b04                aci_hal_set_tx_power_level
 .text.getBlueNRGVersion
                0x0000000008009b48       0x44 build/bluenrg_utils_small.o
                0x0000000008009b48                getBlueNRGVersion
 .text.list_init_head
                0x0000000008009b8c        0x8 build/ble_list.o
                0x0000000008009b8c                list_init_head
 .text.list_is_empty
                0x0000000008009b94       0x18 build/ble_list.o
                0x0000000008009b94                list_is_empty
 .text.list_insert_head
                0x0000000008009bac       0x18 build/ble_list.o
                0x0000000008009bac                list_insert_head
 .text.list_insert_tail
                0x0000000008009bc4       0x18 build/ble_list.o
                0x0000000008009bc4                list_insert_tail
 .text.list_remove_head
                0x0000000008009bdc       0x34 build/ble_list.o
                0x0000000008009bdc                list_remove_head
 .text.list_remove_tail
                0x0000000008009c10       0x34 build/ble_list.o
                0x0000000008009c10                list_remove_tail
 .text.list_get_size
                0x0000000008009c44       0x24 build/ble_list.o
                0x0000000008009c44                list_get_size
 .text.HAL_InitTick
                0x0000000008009c68       0x7c build/stm32f4xx_hal_timebase_tim.o
                0x0000000008009c68                HAL_InitTick
 .text.Reset_Handler
                0x0000000008009ce4       0x50 build/startup_stm32f446xx.o
                0x0000000008009ce4                Reset_Handler
 .text.Default_Handler
                0x0000000008009d34        0x2 build/startup_stm32f446xx.o
                0x0000000008009d34                RTC_Alarm_IRQHandler
                0x0000000008009d34                EXTI2_IRQHandler
                0x0000000008009d34                TIM8_CC_IRQHandler
                0x0000000008009d34                FMPI2C1_EV_IRQHandler
                0x0000000008009d34                SPI4_IRQHandler
                0x0000000008009d34                TIM1_CC_IRQHandler
                0x0000000008009d34                DMA2_Stream5_IRQHandler
                0x0000000008009d34                DMA1_Stream5_IRQHandler
                0x0000000008009d34                SysTick_Handler
                0x0000000008009d34                PVD_IRQHandler
                0x0000000008009d34                SDIO_IRQHandler
                0x0000000008009d34                TAMP_STAMP_IRQHandler
                0x0000000008009d34                PendSV_Handler
                0x0000000008009d34                CAN2_RX1_IRQHandler
                0x0000000008009d34                EXTI3_IRQHandler
                0x0000000008009d34                TIM8_TRG_COM_TIM14_IRQHandler
                0x0000000008009d34                TIM8_UP_TIM13_IRQHandler
                0x0000000008009d34                I2C3_ER_IRQHandler
                0x0000000008009d34                I2C2_EV_IRQHandler
                0x0000000008009d34                DMA1_Stream2_IRQHandler
                0x0000000008009d34                CAN1_RX0_IRQHandler
                0x0000000008009d34                FPU_IRQHandler
                0x0000000008009d34                OTG_HS_WKUP_IRQHandler
                0x0000000008009d34                CAN2_SCE_IRQHandler
                0x0000000008009d34                DMA2_Stream2_IRQHandler
                0x0000000008009d34                SPI1_IRQHandler
                0x0000000008009d34                TIM6_DAC_IRQHandler
                0x0000000008009d34                TIM1_BRK_TIM9_IRQHandler
                0x0000000008009d34                DCMI_IRQHandler
                0x0000000008009d34                CAN2_RX0_IRQHandler
                0x0000000008009d34                DMA2_Stream3_IRQHandler
                0x0000000008009d34                SAI2_IRQHandler
                0x0000000008009d34                USART6_IRQHandler
                0x0000000008009d34                USART3_IRQHandler
                0x0000000008009d34                CAN1_RX1_IRQHandler
                0x0000000008009d34                UART5_IRQHandler
                0x0000000008009d34                DMA2_Stream0_IRQHandler
                0x0000000008009d34                TIM4_IRQHandler
                0x0000000008009d34                QUADSPI_IRQHandler
                0x0000000008009d34                I2C1_EV_IRQHandler
                0x0000000008009d34                DMA1_Stream6_IRQHandler
                0x0000000008009d34                DMA1_Stream1_IRQHandler
                0x0000000008009d34                UART4_IRQHandler
                0x0000000008009d34                TIM3_IRQHandler
                0x0000000008009d34                RCC_IRQHandler
                0x0000000008009d34                TIM8_BRK_TIM12_IRQHandler
                0x0000000008009d34                Default_Handler
                0x0000000008009d34                CEC_IRQHandler
                0x0000000008009d34                EXTI15_10_IRQHandler
                0x0000000008009d34                ADC_IRQHandler
                0x0000000008009d34                DMA1_Stream7_IRQHandler
                0x0000000008009d34                TIM7_IRQHandler
                0x0000000008009d34                CAN2_TX_IRQHandler
                0x0000000008009d34                TIM5_IRQHandler
                0x0000000008009d34                DMA2_Stream7_IRQHandler
                0x0000000008009d34                I2C3_EV_IRQHandler
                0x0000000008009d34                EXTI9_5_IRQHandler
                0x0000000008009d34                RTC_WKUP_IRQHandler
                0x0000000008009d34                SPDIF_RX_IRQHandler
                0x0000000008009d34                SPI2_IRQHandler
                0x0000000008009d34                OTG_HS_EP1_IN_IRQHandler
                0x0000000008009d34                DMA1_Stream0_IRQHandler
                0x0000000008009d34                CAN1_TX_IRQHandler
                0x0000000008009d34                SVC_Handler
                0x0000000008009d34                FMPI2C1_ER_IRQHandler
                0x0000000008009d34                EXTI4_IRQHandler
                0x0000000008009d34                OTG_HS_EP1_OUT_IRQHandler
                0x0000000008009d34                WWDG_IRQHandler
                0x0000000008009d34                TIM2_IRQHandler
                0x0000000008009d34                OTG_FS_WKUP_IRQHandler
                0x0000000008009d34                TIM1_TRG_COM_TIM11_IRQHandler
                0x0000000008009d34                OTG_HS_IRQHandler
                0x0000000008009d34                EXTI1_IRQHandler
                0x0000000008009d34                I2C2_ER_IRQHandler
                0x0000000008009d34                DMA2_Stream1_IRQHandler
                0x0000000008009d34                CAN1_SCE_IRQHandler
                0x0000000008009d34                FLASH_IRQHandler
                0x0000000008009d34                DMA2_Stream4_IRQHandler
                0x0000000008009d34                USART1_IRQHandler
                0x0000000008009d34                OTG_FS_IRQHandler
                0x0000000008009d34                SPI3_IRQHandler
                0x0000000008009d34                DMA1_Stream4_IRQHandler
                0x0000000008009d34                I2C1_ER_IRQHandler
                0x0000000008009d34                FMC_IRQHandler
                0x0000000008009d34                DMA2_Stream6_IRQHandler
                0x0000000008009d34                SAI1_IRQHandler
                0x0000000008009d34                DMA1_Stream3_IRQHandler
 *(.glue_7)
 .glue_7        0x0000000008009d36        0x0 linker stubs
 *(.glue_7t)
 .glue_7t       0x0000000008009d36        0x0 linker stubs
 *(.eh_frame)
 *fill*         0x0000000008009d36        0x2 
 .eh_frame      0x0000000008009d38        0x0 /usr/lib/gcc/arm-none-eabi/9.2.1/thumb/v7e-m+fp/hard/crtbegin.o
 *(.init)
 .init          0x0000000008009d38        0x4 /usr/lib/gcc/arm-none-eabi/9.2.1/thumb/v7e-m+fp/hard/crti.o
                0x0000000008009d38                _init
 .init          0x0000000008009d3c        0x8 /usr/lib/gcc/arm-none-eabi/9.2.1/thumb/v7e-m+fp/hard/crtn.o
 *(.fini)
 .fini          0x0000000008009d44        0x4 /usr/lib/gcc/arm-none-eabi/9.2.1/thumb/v7e-m+fp/hard/crti.o
                0x0000000008009d44                _fini
 .fini          0x0000000008009d48        0x8 /usr/lib/gcc/arm-none-eabi/9.2.1/thumb/v7e-m+fp/hard/crtn.o
                0x0000000008009d50                . = ALIGN (0x4)
                0x0000000008009d50                _etext = .

.vfp11_veneer   0x0000000008009d50        0x0
 .vfp11_veneer  0x0000000008009d50        0x0 linker stubs

.v4_bx          0x0000000008009d50        0x0
 .v4_bx         0x0000000008009d50        0x0 linker stubs

.iplt           0x0000000008009d50        0x0
 .iplt          0x0000000008009d50        0x0 /usr/lib/gcc/arm-none-eabi/9.2.1/thumb/v7e-m+fp/hard/crtbegin.o

.rodata         0x0000000008009d50      0xb24
                0x0000000008009d50                . = ALIGN (0x4)
 *(.rodata)
 .rodata        0x0000000008009d50        0xd build/hci_tl_interface.o
 *fill*         0x0000000008009d5d        0x3 
 .rodata        0x0000000008009d60        0x6 build/app_x-cube-ble1.o
 *fill*         0x0000000008009d66        0x2 
 .rodata        0x0000000008009d68        0x4 /usr/lib/gcc/arm-none-eabi/9.2.1/../../../arm-none-eabi/lib/thumb/v7e-m+fp/hard/libc_nano.a(lib_a-impure.o)
                0x0000000008009d68                _global_impure_ptr
 *fill*         0x0000000008009d6c        0x4 
 .rodata        0x0000000008009d70       0x50 /usr/lib/gcc/arm-none-eabi/9.2.1/../../../arm-none-eabi/lib/thumb/v7e-m+fp/hard/libc_nano.a(lib_a-strtod.o)
 .rodata        0x0000000008009dc0      0x101 /usr/lib/gcc/arm-none-eabi/9.2.1/../../../arm-none-eabi/lib/thumb/v7e-m+fp/hard/libc_nano.a(lib_a-ctype_.o)
                0x0000000008009dc0                _ctype_
 *fill*         0x0000000008009ec1        0x3 
 .rodata        0x0000000008009ec4       0x60 /usr/lib/gcc/arm-none-eabi/9.2.1/../../../arm-none-eabi/lib/thumb/v7e-m+fp/hard/libc_nano.a(lib_a-findfp.o)
                0x0000000008009ec4                __sf_fake_stderr
                0x0000000008009ee4                __sf_fake_stdout
                0x0000000008009f04                __sf_fake_stdin
 .rodata        0x0000000008009f24      0x100 /usr/lib/gcc/arm-none-eabi/9.2.1/../../../arm-none-eabi/lib/thumb/v7e-m+fp/hard/libc_nano.a(lib_a-gdtoa-gethex.o)
                0x0000000008009f24                __hexdig
 .rodata        0x000000000800a024        0xc /usr/lib/gcc/arm-none-eabi/9.2.1/../../../arm-none-eabi/lib/thumb/v7e-m+fp/hard/libc_nano.a(lib_a-lnumeric.o)
                0x000000000800a024                _C_numeric_locale
 .rodata        0x000000000800a030      0x128 /usr/lib/gcc/arm-none-eabi/9.2.1/../../../arm-none-eabi/lib/thumb/v7e-m+fp/hard/libc_nano.a(lib_a-mprec.o)
                0x000000000800a040                __mprec_tens
                0x000000000800a108                __mprec_tinytens
                0x000000000800a130                __mprec_bigtens
 *(.rodata*)
 .rodata.HAL_UART_RxCpltCallback.str1.4
                0x000000000800a158       0x17 build/main.o
 *fill*         0x000000000800a16f        0x1 
 .rodata.Add_Pump_Service.str1.4
                0x000000000800a170       0x9a build/PumpService.o
 *fill*         0x000000000800a20a        0x2 
 .rodata.setConnectable.str1.4
                0x000000000800a20c       0x5d build/PumpService.o
 *fill*         0x000000000800a269        0x3 
 .rodata.GAP_ConnectionComplete_CB.str1.4
                0x000000000800a26c       0x2b build/PumpService.o
 *fill*         0x000000000800a297        0x1 
 .rodata.GAP_DisconnectionComplete_CB.str1.4
                0x000000000800a298       0x12 build/PumpService.o
 *fill*         0x000000000800a2aa        0x2 
 .rodata.ProcessModeReq.str1.4
                0x000000000800a2ac       0x4d build/PumpService.o
 *fill*         0x000000000800a2f9        0x3 
 .rodata.Attribute_Modified_CB.str1.4
                0x000000000800a2fc       0x27 build/PumpService.o
 *fill*         0x000000000800a323        0x1 
 .rodata.MX_BlueNRG_MS_Init.str1.4
                0x000000000800a324      0x14a build/app_x-cube-ble1.o
 *fill*         0x000000000800a46e        0x2 
 .rodata.InsulinController.str1.4
                0x000000000800a470       0x17 build/InsulinController.o
 *fill*         0x000000000800a487        0x1 
 .rodata.t      0x000000000800a488      0x244 build/InsulinController.o
 .rodata.AHBPrescTable
                0x000000000800a6cc       0x10 build/system_stm32f4xx.o
                0x000000000800a6cc                AHBPrescTable
 .rodata.APBPrescTable
                0x000000000800a6dc        0x8 build/system_stm32f4xx.o
                0x000000000800a6dc                APBPrescTable
 .rodata.str1.4
                0x000000000800a6e4       0x12 /usr/lib/gcc/arm-none-eabi/9.2.1/../../../arm-none-eabi/lib/thumb/v7e-m+fp/hard/libc_nano.a(lib_a-nano-vfprintf_float.o)
 *fill*         0x000000000800a6f6        0x2 
 .rodata.str1.4
                0x000000000800a6f8       0x25 /usr/lib/gcc/arm-none-eabi/9.2.1/../../../arm-none-eabi/lib/thumb/v7e-m+fp/hard/libc_nano.a(lib_a-nano-vfprintf_i.o)
 *fill*         0x000000000800a71d        0x3 
 .rodata.str1.4
                0x000000000800a720        0xf /usr/lib/gcc/arm-none-eabi/9.2.1/../../../arm-none-eabi/lib/thumb/v7e-m+fp/hard/libc_nano.a(lib_a-strtod.o)
                                         0x11 (size before relaxing)
 *fill*         0x000000000800a72f        0x1 
 .rodata.str1.4
                0x000000000800a730       0x6d /usr/lib/gcc/arm-none-eabi/9.2.1/../../../arm-none-eabi/lib/thumb/v7e-m+fp/hard/libc_nano.a(lib_a-dtoa.o)
                                         0x71 (size before relaxing)
 *fill*         0x000000000800a79d        0x3 
 .rodata.str1.4
                0x000000000800a7a0       0x3a /usr/lib/gcc/arm-none-eabi/9.2.1/../../../arm-none-eabi/lib/thumb/v7e-m+fp/hard/libc_nano.a(lib_a-gdtoa-gethex.o)
                                         0x4e (size before relaxing)
 *fill*         0x000000000800a7da        0x2 
 .rodata.str1.4
                0x000000000800a7dc        0x2 /usr/lib/gcc/arm-none-eabi/9.2.1/../../../arm-none-eabi/lib/thumb/v7e-m+fp/hard/libc_nano.a(lib_a-lnumeric.o)
                                          0x5 (size before relaxing)
 *fill*         0x000000000800a7de        0x2 
 .rodata.str1.4
                0x000000000800a7e0        0xa /usr/lib/gcc/arm-none-eabi/9.2.1/../../../arm-none-eabi/lib/thumb/v7e-m+fp/hard/libc_nano.a(lib_a-locale.o)
                                         0x12 (size before relaxing)
 *fill*         0x000000000800a7ea        0x2 
 .rodata.str1.4
                0x000000000800a7ec       0x33 /usr/lib/gcc/arm-none-eabi/9.2.1/../../../arm-none-eabi/lib/thumb/v7e-m+fp/hard/libc_nano.a(lib_a-mprec.o)
                                         0x5d (size before relaxing)
 *fill*         0x000000000800a81f        0x1 
 .rodata.str1.4
                0x000000000800a820       0x13 /usr/lib/gcc/arm-none-eabi/9.2.1/../../../arm-none-eabi/lib/thumb/v7e-m+fp/hard/libc_nano.a(lib_a-nano-vfprintf.o)
 *fill*         0x000000000800a833        0x1 
 .rodata.str1.4
                0x000000000800a834       0x3f /usr/lib/gcc/arm-none-eabi/9.2.1/../../../arm-none-eabi/lib/thumb/v7e-m+fp/hard/libc_nano.a(lib_a-assert.o)
                                         0x43 (size before relaxing)
                0x000000000800a874                . = ALIGN (0x4)
 *fill*         0x000000000800a873        0x1 

.ARM.extab
 *(.ARM.extab* .gnu.linkonce.armextab.*)

.ARM            0x000000000800a874        0x8
                0x000000000800a874                __exidx_start = .
 *(.ARM.exidx*)
 .ARM.exidx     0x000000000800a874        0x8 /usr/lib/gcc/arm-none-eabi/9.2.1/thumb/v7e-m+fp/hard/libgcc.a(_udivmoddi4.o)
                0x000000000800a87c                __exidx_end = .

.rel.dyn        0x000000000800a87c        0x0
 .rel.iplt      0x000000000800a87c        0x0 /usr/lib/gcc/arm-none-eabi/9.2.1/thumb/v7e-m+fp/hard/crtbegin.o

.preinit_array  0x000000000800a87c        0x0
                0x000000000800a87c                PROVIDE (__preinit_array_start = .)
 *(.preinit_array*)
                0x000000000800a87c                PROVIDE (__preinit_array_end = .)

.init_array     0x000000000800a87c        0x4
                0x000000000800a87c                PROVIDE (__init_array_start = .)
 *(SORT_BY_NAME(.init_array.*))
 *(.init_array*)
 .init_array    0x000000000800a87c        0x4 /usr/lib/gcc/arm-none-eabi/9.2.1/thumb/v7e-m+fp/hard/crtbegin.o
                0x000000000800a880                PROVIDE (__init_array_end = .)

.fini_array     0x000000000800a880        0x4
                0x000000000800a880                PROVIDE (__fini_array_start = .)
 *(SORT_BY_NAME(.fini_array.*))
 *(.fini_array*)
 .fini_array    0x000000000800a880        0x4 /usr/lib/gcc/arm-none-eabi/9.2.1/thumb/v7e-m+fp/hard/crtbegin.o
                0x000000000800a884                PROVIDE (__fini_array_end = .)
                0x000000000800a884                _sidata = LOADADDR (.data)

.data           0x0000000020000000      0x1f0 load address 0x000000000800a884
                0x0000000020000000                . = ALIGN (0x4)
                0x0000000020000000                _sdata = .
 *(.data)
 .data          0x0000000020000000       0x64 /usr/lib/gcc/arm-none-eabi/9.2.1/../../../arm-none-eabi/lib/thumb/v7e-m+fp/hard/libc_nano.a(lib_a-impure.o)
                0x0000000020000000                _impure_ptr
 .data          0x0000000020000064        0x2 /usr/lib/gcc/arm-none-eabi/9.2.1/../../../arm-none-eabi/lib/thumb/v7e-m+fp/hard/libc_nano.a(lib_a-lnumeric.o)
 *fill*         0x0000000020000066        0x2 
 .data          0x0000000020000068      0x16c /usr/lib/gcc/arm-none-eabi/9.2.1/../../../arm-none-eabi/lib/thumb/v7e-m+fp/hard/libc_nano.a(lib_a-locale.o)
                0x0000000020000068                __global_locale
 *(.data*)
 .data.set_connectable
                0x00000000200001d4        0x1 build/PumpService.o
                0x00000000200001d4                set_connectable
 .data.user_button_init_state
                0x00000000200001d5        0x1 build/app_x-cube-ble1.o
 *fill*         0x00000000200001d6        0x2 
 .data.COM_USART
                0x00000000200001d8        0x4 build/stm32f4xx_nucleo.o
                0x00000000200001d8                COM_USART
 .data.hpb_exti
                0x00000000200001dc        0x8 build/stm32f4xx_nucleo.o
                0x00000000200001dc                hpb_exti
 .data.uwTickFreq
                0x00000000200001e4        0x1 build/stm32f4xx_hal.o
                0x00000000200001e4                uwTickFreq
 *fill*         0x00000000200001e5        0x3 
 .data.uwTickPrio
                0x00000000200001e8        0x4 build/stm32f4xx_hal.o
                0x00000000200001e8                uwTickPrio
 .data.SystemCoreClock
                0x00000000200001ec        0x4 build/system_stm32f4xx.o
                0x00000000200001ec                SystemCoreClock
                0x00000000200001f0                . = ALIGN (0x4)
                0x00000000200001f0                _edata = .

.tm_clone_table
                0x00000000200001f0        0x0 load address 0x000000000800aa74
 .tm_clone_table
                0x00000000200001f0        0x0 /usr/lib/gcc/arm-none-eabi/9.2.1/thumb/v7e-m+fp/hard/crtbegin.o
 .tm_clone_table
                0x00000000200001f0        0x0 /usr/lib/gcc/arm-none-eabi/9.2.1/thumb/v7e-m+fp/hard/crtend.o

.igot.plt       0x00000000200001f0        0x0 load address 0x000000000800aa74
 .igot.plt      0x00000000200001f0        0x0 /usr/lib/gcc/arm-none-eabi/9.2.1/thumb/v7e-m+fp/hard/crtbegin.o
                0x00000000200001f0                . = ALIGN (0x4)

.bss            0x00000000200001f0     0x1094 load address 0x000000000800aa74
                0x00000000200001f0                _sbss = .
                0x00000000200001f0                __bss_start__ = _sbss
 *(.bss)
 .bss           0x00000000200001f0       0x1c /usr/lib/gcc/arm-none-eabi/9.2.1/thumb/v7e-m+fp/hard/crtbegin.o
 .bss           0x000000002000020c        0x8 /usr/lib/gcc/arm-none-eabi/9.2.1/../../../arm-none-eabi/lib/thumb/v7e-m+fp/hard/libc_nano.a(lib_a-nano-mallocr.o)
                0x000000002000020c                __malloc_free_list
                0x0000000020000210                __malloc_sbrk_start
 .bss           0x0000000020000214        0x4 /usr/lib/gcc/arm-none-eabi/9.2.1/../../../arm-none-eabi/lib/thumb/v7e-m+fp/hard/libnosys.a(sbrk.o)
 *(.bss*)
 .bss.OPERATING_MODE
                0x0000000020000218        0x1 build/main.o
                0x0000000020000218                OPERATING_MODE
 *fill*         0x0000000020000219        0x3 
 .bss.connected
                0x000000002000021c        0x4 build/PumpService.o
                0x000000002000021c                connected
 .bss.connection_handle
                0x0000000020000220        0x2 build/PumpService.o
                0x0000000020000220                connection_handle
 .bss.notification_enabled
                0x0000000020000222        0x1 build/PumpService.o
                0x0000000020000222                notification_enabled
 *fill*         0x0000000020000223        0x1 
 .bss.read_char_buf.8847
                0x0000000020000224       0xff build/hci_tl_interface.o
 .bss.bnrg_expansion_board
                0x0000000020000323        0x1 build/app_x-cube-ble1.o
                0x0000000020000323                bnrg_expansion_board
 .bss.user_button_pressed
                0x0000000020000324        0x1 build/app_x-cube-ble1.o
 *fill*         0x0000000020000325        0x3 
 .bss.SPI1InitCounter
                0x0000000020000328        0x4 build/stm32f4xx_nucleo_bus.o
 .bss.BolusConfig
                0x000000002000032c        0x4 build/InsulinController.o
                0x000000002000032c                BolusConfig
 .bss.T_iterator
                0x0000000020000330        0x4 build/InsulinController.o
                0x0000000020000330                T_iterator
 .bss.dpv       0x0000000020000334      0x244 build/InsulinController.o
 .bss.ie        0x0000000020000578      0x244 build/InsulinController.o
 .bss.op        0x00000000200007bc      0x244 build/InsulinController.o
 .bss.pv        0x0000000020000a00      0x244 build/InsulinController.o
 .bss.sp        0x0000000020000c44      0x244 build/InsulinController.o
 .bss.hciContext
                0x0000000020000e88       0x20 build/hci_tl.o
 .bss.hciReadPacketBuffer
                0x0000000020000ea8      0x2bc build/hci_tl.o
 *(COMMON)
 COMMON         0x0000000020001164       0x20 build/main.o
                0x0000000020001164                FloatBuffer
 COMMON         0x0000000020001184        0x6 build/PumpService.o
                0x0000000020001184                bolusCharHandle
                0x0000000020001186                modeCharHandle
                0x0000000020001188                pumpServHandle
 *fill*         0x000000002000118a        0x2 
 COMMON         0x000000002000118c        0x8 build/hci_tl_interface.o
                0x000000002000118c                hexti0
 COMMON         0x0000000020001194       0x58 build/stm32f4xx_nucleo_bus.o
                0x0000000020001194                hspi1
 COMMON         0x00000000200011ec       0x40 build/stm32f4xx_nucleo.o
                0x00000000200011ec                hcom_uart
 COMMON         0x000000002000122c        0x4 build/stm32f4xx_hal.o
                0x000000002000122c                uwTick
 COMMON         0x0000000020001230       0x10 build/hci_tl.o
                0x0000000020001230                hciReadPktPool
                0x0000000020001238                hciReadPktRxQueue
 COMMON         0x0000000020001240       0x40 build/stm32f4xx_hal_timebase_tim.o
                0x0000000020001240                htim1
 COMMON         0x0000000020001280        0x4 /usr/lib/gcc/arm-none-eabi/9.2.1/../../../arm-none-eabi/lib/thumb/v7e-m+fp/hard/libc_nano.a(lib_a-reent.o)
                0x0000000020001280                errno
                0x0000000020001284                . = ALIGN (0x4)
                0x0000000020001284                _ebss = .
                0x0000000020001284                __bss_end__ = _ebss

._user_heap_stack
                0x0000000020001284      0x604 load address 0x000000000800aa74
                0x0000000020001288                . = ALIGN (0x8)
 *fill*         0x0000000020001284        0x4 
                0x0000000020001288                PROVIDE (end = .)
                [!provide]                        PROVIDE (_end = .)
                0x0000000020001488                . = (. + _Min_Heap_Size)
 *fill*         0x0000000020001288      0x200 
                0x0000000020001888                . = (. + _Min_Stack_Size)
 *fill*         0x0000000020001488      0x400 
                0x0000000020001888                . = ALIGN (0x8)

/DISCARD/
 libc.a(*)
 libm.a(*)
 libgcc.a(*)

.ARM.attributes
                0x0000000000000000       0x30
 *(.ARM.attributes)
 .ARM.attributes
                0x0000000000000000       0x1e /usr/lib/gcc/arm-none-eabi/9.2.1/thumb/v7e-m+fp/hard/crti.o
 .ARM.attributes
                0x000000000000001e       0x34 /usr/lib/gcc/arm-none-eabi/9.2.1/thumb/v7e-m+fp/hard/crtbegin.o
 .ARM.attributes
                0x0000000000000052       0x34 build/main.o
 .ARM.attributes
                0x0000000000000086       0x34 build/PumpService.o
 .ARM.attributes
                0x00000000000000ba       0x34 build/hci_tl_interface.o
 .ARM.attributes
                0x00000000000000ee       0x34 build/app_x-cube-ble1.o
 .ARM.attributes
                0x0000000000000122       0x34 build/stm32f4xx_nucleo_bus.o
 .ARM.attributes
                0x0000000000000156       0x34 build/stm32f4xx_it.o
 .ARM.attributes
                0x000000000000018a       0x34 build/stm32f4xx_hal_msp.o
 .ARM.attributes
                0x00000000000001be       0x34 build/InsulinController.o
 .ARM.attributes
                0x00000000000001f2       0x34 build/stm32f4xx_nucleo.o
 .ARM.attributes
                0x0000000000000226       0x34 build/stm32f4xx_hal_spi.o
 .ARM.attributes
                0x000000000000025a       0x34 build/stm32f4xx_hal_rcc.o
 .ARM.attributes
                0x000000000000028e       0x34 build/stm32f4xx_hal_rcc_ex.o
 .ARM.attributes
                0x00000000000002c2       0x34 build/stm32f4xx_hal_gpio.o
 .ARM.attributes
                0x00000000000002f6       0x34 build/stm32f4xx_hal_dma.o
 .ARM.attributes
                0x000000000000032a       0x34 build/stm32f4xx_hal_cortex.o
 .ARM.attributes
                0x000000000000035e       0x34 build/stm32f4xx_hal.o
 .ARM.attributes
                0x0000000000000392       0x34 build/stm32f4xx_hal_exti.o
 .ARM.attributes
                0x00000000000003c6       0x34 build/stm32f4xx_hal_tim.o
 .ARM.attributes
                0x00000000000003fa       0x34 build/stm32f4xx_hal_tim_ex.o
 .ARM.attributes
                0x000000000000042e       0x34 build/stm32f4xx_hal_uart.o
 .ARM.attributes
                0x0000000000000462       0x34 build/system_stm32f4xx.o
 .ARM.attributes
                0x0000000000000496       0x34 build/hci_tl.o
 .ARM.attributes
                0x00000000000004ca       0x34 build/hci_le.o
 .ARM.attributes
                0x00000000000004fe       0x34 build/bluenrg_gap_aci.o
 .ARM.attributes
                0x0000000000000532       0x34 build/bluenrg_gatt_aci.o
 .ARM.attributes
                0x0000000000000566       0x34 build/bluenrg_hal_aci.o
 .ARM.attributes
                0x000000000000059a       0x34 build/bluenrg_utils_small.o
 .ARM.attributes
                0x00000000000005ce       0x34 build/ble_list.o
 .ARM.attributes
                0x0000000000000602       0x34 build/stm32f4xx_hal_timebase_tim.o
 .ARM.attributes
                0x0000000000000636       0x21 build/startup_stm32f446xx.o
 .ARM.attributes
                0x0000000000000657       0x34 /usr/lib/gcc/arm-none-eabi/9.2.1/../../../arm-none-eabi/lib/thumb/v7e-m+fp/hard/libc_nano.a(lib_a-atof.o)
 .ARM.attributes
                0x000000000000068b       0x34 /usr/lib/gcc/arm-none-eabi/9.2.1/../../../arm-none-eabi/lib/thumb/v7e-m+fp/hard/libc_nano.a(lib_a-atoi.o)
 .ARM.attributes
                0x00000000000006bf       0x32 /usr/lib/gcc/arm-none-eabi/9.2.1/../../../arm-none-eabi/lib/thumb/v7e-m+fp/hard/libc_nano.a(lib_a-impure.o)
 .ARM.attributes
                0x00000000000006f1       0x34 /usr/lib/gcc/arm-none-eabi/9.2.1/../../../arm-none-eabi/lib/thumb/v7e-m+fp/hard/libc_nano.a(lib_a-init.o)
 .ARM.attributes
                0x0000000000000725       0x1c /usr/lib/gcc/arm-none-eabi/9.2.1/../../../arm-none-eabi/lib/thumb/v7e-m+fp/hard/libc_nano.a(lib_a-memcpy.o)
 .ARM.attributes
                0x0000000000000741       0x34 /usr/lib/gcc/arm-none-eabi/9.2.1/../../../arm-none-eabi/lib/thumb/v7e-m+fp/hard/libc_nano.a(lib_a-memset.o)
 .ARM.attributes
                0x0000000000000775       0x34 /usr/lib/gcc/arm-none-eabi/9.2.1/../../../arm-none-eabi/lib/thumb/v7e-m+fp/hard/libc_nano.a(lib_a-nano-vfprintf_float.o)
 .ARM.attributes
                0x00000000000007a9       0x34 /usr/lib/gcc/arm-none-eabi/9.2.1/../../../arm-none-eabi/lib/thumb/v7e-m+fp/hard/libc_nano.a(lib_a-nano-vfprintf_i.o)
 .ARM.attributes
                0x00000000000007dd       0x34 /usr/lib/gcc/arm-none-eabi/9.2.1/../../../arm-none-eabi/lib/thumb/v7e-m+fp/hard/libc_nano.a(lib_a-printf.o)
 .ARM.attributes
                0x0000000000000811       0x34 /usr/lib/gcc/arm-none-eabi/9.2.1/../../../arm-none-eabi/lib/thumb/v7e-m+fp/hard/libc_nano.a(lib_a-puts.o)
 .ARM.attributes
                0x0000000000000845       0x1c /usr/lib/gcc/arm-none-eabi/9.2.1/../../../arm-none-eabi/lib/thumb/v7e-m+fp/hard/libc_nano.a(lib_a-strlen.o)
 .ARM.attributes
                0x0000000000000861       0x34 /usr/lib/gcc/arm-none-eabi/9.2.1/../../../arm-none-eabi/lib/thumb/v7e-m+fp/hard/libc_nano.a(lib_a-strtod.o)
 .ARM.attributes
                0x0000000000000895       0x34 /usr/lib/gcc/arm-none-eabi/9.2.1/../../../arm-none-eabi/lib/thumb/v7e-m+fp/hard/libc_nano.a(lib_a-strtol.o)
 .ARM.attributes
                0x00000000000008c9       0x34 /usr/lib/gcc/arm-none-eabi/9.2.1/../../../arm-none-eabi/lib/thumb/v7e-m+fp/hard/libc_nano.a(lib_a-wbuf.o)
 .ARM.attributes
                0x00000000000008fd       0x34 /usr/lib/gcc/arm-none-eabi/9.2.1/../../../arm-none-eabi/lib/thumb/v7e-m+fp/hard/libc_nano.a(lib_a-wsetup.o)
 .ARM.attributes
                0x0000000000000931       0x32 /usr/lib/gcc/arm-none-eabi/9.2.1/../../../arm-none-eabi/lib/thumb/v7e-m+fp/hard/libc_nano.a(lib_a-ctype_.o)
 .ARM.attributes
                0x0000000000000963       0x34 /usr/lib/gcc/arm-none-eabi/9.2.1/../../../arm-none-eabi/lib/thumb/v7e-m+fp/hard/libc_nano.a(lib_a-dtoa.o)
 .ARM.attributes
                0x0000000000000997       0x34 /usr/lib/gcc/arm-none-eabi/9.2.1/../../../arm-none-eabi/lib/thumb/v7e-m+fp/hard/libc_nano.a(lib_a-errno.o)
 .ARM.attributes
                0x00000000000009cb       0x34 /usr/lib/gcc/arm-none-eabi/9.2.1/../../../arm-none-eabi/lib/thumb/v7e-m+fp/hard/libc_nano.a(lib_a-fflush.o)
 .ARM.attributes
                0x00000000000009ff       0x34 /usr/lib/gcc/arm-none-eabi/9.2.1/../../../arm-none-eabi/lib/thumb/v7e-m+fp/hard/libc_nano.a(lib_a-findfp.o)
 .ARM.attributes
                0x0000000000000a33       0x34 /usr/lib/gcc/arm-none-eabi/9.2.1/../../../arm-none-eabi/lib/thumb/v7e-m+fp/hard/libc_nano.a(lib_a-fwalk.o)
 .ARM.attributes
                0x0000000000000a67       0x34 /usr/lib/gcc/arm-none-eabi/9.2.1/../../../arm-none-eabi/lib/thumb/v7e-m+fp/hard/libc_nano.a(lib_a-gdtoa-gethex.o)
 .ARM.attributes
                0x0000000000000a9b       0x34 /usr/lib/gcc/arm-none-eabi/9.2.1/../../../arm-none-eabi/lib/thumb/v7e-m+fp/hard/libc_nano.a(lib_a-gdtoa-hexnan.o)
 .ARM.attributes
                0x0000000000000acf       0x34 /usr/lib/gcc/arm-none-eabi/9.2.1/../../../arm-none-eabi/lib/thumb/v7e-m+fp/hard/libc_nano.a(lib_a-lnumeric.o)
 .ARM.attributes
                0x0000000000000b03       0x34 /usr/lib/gcc/arm-none-eabi/9.2.1/../../../arm-none-eabi/lib/thumb/v7e-m+fp/hard/libc_nano.a(lib_a-locale.o)
 .ARM.attributes
                0x0000000000000b37       0x34 /usr/lib/gcc/arm-none-eabi/9.2.1/../../../arm-none-eabi/lib/thumb/v7e-m+fp/hard/libc_nano.a(lib_a-localeconv.o)
 .ARM.attributes
                0x0000000000000b6b       0x34 /usr/lib/gcc/arm-none-eabi/9.2.1/../../../arm-none-eabi/lib/thumb/v7e-m+fp/hard/libc_nano.a(lib_a-makebuf.o)
 .ARM.attributes
                0x0000000000000b9f       0x34 /usr/lib/gcc/arm-none-eabi/9.2.1/../../../arm-none-eabi/lib/thumb/v7e-m+fp/hard/libc_nano.a(lib_a-malloc.o)
 .ARM.attributes
                0x0000000000000bd3       0x34 /usr/lib/gcc/arm-none-eabi/9.2.1/../../../arm-none-eabi/lib/thumb/v7e-m+fp/hard/libc_nano.a(lib_a-mbtowc_r.o)
 .ARM.attributes
                0x0000000000000c07       0x1c /usr/lib/gcc/arm-none-eabi/9.2.1/../../../arm-none-eabi/lib/thumb/v7e-m+fp/hard/libc_nano.a(lib_a-memchr.o)
 .ARM.attributes
                0x0000000000000c23       0x34 /usr/lib/gcc/arm-none-eabi/9.2.1/../../../arm-none-eabi/lib/thumb/v7e-m+fp/hard/libc_nano.a(lib_a-mprec.o)
 .ARM.attributes
                0x0000000000000c57       0x34 /usr/lib/gcc/arm-none-eabi/9.2.1/../../../arm-none-eabi/lib/thumb/v7e-m+fp/hard/libc_nano.a(lib_a-nano-callocr.o)
 .ARM.attributes
                0x0000000000000c8b       0x34 /usr/lib/gcc/arm-none-eabi/9.2.1/../../../arm-none-eabi/lib/thumb/v7e-m+fp/hard/libc_nano.a(lib_a-nano-freer.o)
 .ARM.attributes
                0x0000000000000cbf       0x34 /usr/lib/gcc/arm-none-eabi/9.2.1/../../../arm-none-eabi/lib/thumb/v7e-m+fp/hard/libc_nano.a(lib_a-nano-mallocr.o)
 .ARM.attributes
                0x0000000000000cf3       0x34 /usr/lib/gcc/arm-none-eabi/9.2.1/../../../arm-none-eabi/lib/thumb/v7e-m+fp/hard/libc_nano.a(lib_a-nano-vfprintf.o)
 .ARM.attributes
                0x0000000000000d27       0x34 /usr/lib/gcc/arm-none-eabi/9.2.1/../../../arm-none-eabi/lib/thumb/v7e-m+fp/hard/libc_nano.a(lib_a-s_nan.o)
 .ARM.attributes
                0x0000000000000d5b       0x34 /usr/lib/gcc/arm-none-eabi/9.2.1/../../../arm-none-eabi/lib/thumb/v7e-m+fp/hard/libc_nano.a(lib_a-sbrkr.o)
 .ARM.attributes
                0x0000000000000d8f       0x34 /usr/lib/gcc/arm-none-eabi/9.2.1/../../../arm-none-eabi/lib/thumb/v7e-m+fp/hard/libc_nano.a(lib_a-sf_nan.o)
 .ARM.attributes
                0x0000000000000dc3       0x34 /usr/lib/gcc/arm-none-eabi/9.2.1/../../../arm-none-eabi/lib/thumb/v7e-m+fp/hard/libc_nano.a(lib_a-stdio.o)
 .ARM.attributes
                0x0000000000000df7       0x34 /usr/lib/gcc/arm-none-eabi/9.2.1/../../../arm-none-eabi/lib/thumb/v7e-m+fp/hard/libc_nano.a(lib_a-strncmp.o)
 .ARM.attributes
                0x0000000000000e2b       0x34 /usr/lib/gcc/arm-none-eabi/9.2.1/../../../arm-none-eabi/lib/thumb/v7e-m+fp/hard/libc_nano.a(lib_a-wctomb_r.o)
 .ARM.attributes
                0x0000000000000e5f       0x34 /usr/lib/gcc/arm-none-eabi/9.2.1/../../../arm-none-eabi/lib/thumb/v7e-m+fp/hard/libc_nano.a(lib_a-writer.o)
 .ARM.attributes
                0x0000000000000e93       0x34 /usr/lib/gcc/arm-none-eabi/9.2.1/../../../arm-none-eabi/lib/thumb/v7e-m+fp/hard/libc_nano.a(lib_a-assert.o)
 .ARM.attributes
                0x0000000000000ec7       0x34 /usr/lib/gcc/arm-none-eabi/9.2.1/../../../arm-none-eabi/lib/thumb/v7e-m+fp/hard/libc_nano.a(lib_a-closer.o)
 .ARM.attributes
                0x0000000000000efb       0x34 /usr/lib/gcc/arm-none-eabi/9.2.1/../../../arm-none-eabi/lib/thumb/v7e-m+fp/hard/libc_nano.a(lib_a-fprintf.o)
 .ARM.attributes
                0x0000000000000f2f       0x34 /usr/lib/gcc/arm-none-eabi/9.2.1/../../../arm-none-eabi/lib/thumb/v7e-m+fp/hard/libc_nano.a(lib_a-fstatr.o)
 .ARM.attributes
                0x0000000000000f63       0x34 /usr/lib/gcc/arm-none-eabi/9.2.1/../../../arm-none-eabi/lib/thumb/v7e-m+fp/hard/libc_nano.a(lib_a-fvwrite.o)
 .ARM.attributes
                0x0000000000000f97       0x34 /usr/lib/gcc/arm-none-eabi/9.2.1/../../../arm-none-eabi/lib/thumb/v7e-m+fp/hard/libc_nano.a(lib_a-isattyr.o)
 .ARM.attributes
                0x0000000000000fcb       0x34 /usr/lib/gcc/arm-none-eabi/9.2.1/../../../arm-none-eabi/lib/thumb/v7e-m+fp/hard/libc_nano.a(lib_a-lseekr.o)
 .ARM.attributes
                0x0000000000000fff       0x34 /usr/lib/gcc/arm-none-eabi/9.2.1/../../../arm-none-eabi/lib/thumb/v7e-m+fp/hard/libc_nano.a(lib_a-memmove.o)
 .ARM.attributes
                0x0000000000001033       0x34 /usr/lib/gcc/arm-none-eabi/9.2.1/../../../arm-none-eabi/lib/thumb/v7e-m+fp/hard/libc_nano.a(lib_a-mlock.o)
 .ARM.attributes
                0x0000000000001067       0x34 /usr/lib/gcc/arm-none-eabi/9.2.1/../../../arm-none-eabi/lib/thumb/v7e-m+fp/hard/libc_nano.a(lib_a-nano-reallocr.o)
 .ARM.attributes
                0x000000000000109b       0x34 /usr/lib/gcc/arm-none-eabi/9.2.1/../../../arm-none-eabi/lib/thumb/v7e-m+fp/hard/libc_nano.a(lib_a-readr.o)
 .ARM.attributes
                0x00000000000010cf       0x34 /usr/lib/gcc/arm-none-eabi/9.2.1/../../../arm-none-eabi/lib/thumb/v7e-m+fp/hard/libc_nano.a(lib_a-reent.o)
 .ARM.attributes
                0x0000000000001103       0x34 /usr/lib/gcc/arm-none-eabi/9.2.1/../../../arm-none-eabi/lib/thumb/v7e-m+fp/hard/libc_nano.a(lib_a-abort.o)
 .ARM.attributes
                0x0000000000001137       0x34 /usr/lib/gcc/arm-none-eabi/9.2.1/../../../arm-none-eabi/lib/thumb/v7e-m+fp/hard/libc_nano.a(lib_a-nano-msizer.o)
 .ARM.attributes
                0x000000000000116b       0x34 /usr/lib/gcc/arm-none-eabi/9.2.1/../../../arm-none-eabi/lib/thumb/v7e-m+fp/hard/libc_nano.a(lib_a-signal.o)
 .ARM.attributes
                0x000000000000119f       0x34 /usr/lib/gcc/arm-none-eabi/9.2.1/../../../arm-none-eabi/lib/thumb/v7e-m+fp/hard/libc_nano.a(lib_a-signalr.o)
 .ARM.attributes
                0x00000000000011d3       0x34 /usr/lib/gcc/arm-none-eabi/9.2.1/../../../arm-none-eabi/lib/thumb/v7e-m+fp/hard/libnosys.a(getpid.o)
 .ARM.attributes
                0x0000000000001207       0x34 /usr/lib/gcc/arm-none-eabi/9.2.1/../../../arm-none-eabi/lib/thumb/v7e-m+fp/hard/libnosys.a(kill.o)
 .ARM.attributes
                0x000000000000123b       0x34 /usr/lib/gcc/arm-none-eabi/9.2.1/../../../arm-none-eabi/lib/thumb/v7e-m+fp/hard/libnosys.a(sbrk.o)
 .ARM.attributes
                0x000000000000126f       0x34 /usr/lib/gcc/arm-none-eabi/9.2.1/../../../arm-none-eabi/lib/thumb/v7e-m+fp/hard/libnosys.a(_exit.o)
 .ARM.attributes
                0x00000000000012a3       0x1e /usr/lib/gcc/arm-none-eabi/9.2.1/thumb/v7e-m+fp/hard/libgcc.a(_arm_addsubdf3.o)
 .ARM.attributes
                0x00000000000012c1       0x1e /usr/lib/gcc/arm-none-eabi/9.2.1/thumb/v7e-m+fp/hard/libgcc.a(_arm_muldivdf3.o)
 .ARM.attributes
                0x00000000000012df       0x1e /usr/lib/gcc/arm-none-eabi/9.2.1/thumb/v7e-m+fp/hard/libgcc.a(_arm_cmpdf2.o)
 .ARM.attributes
                0x00000000000012fd       0x1e /usr/lib/gcc/arm-none-eabi/9.2.1/thumb/v7e-m+fp/hard/libgcc.a(_arm_unorddf2.o)
 .ARM.attributes
                0x000000000000131b       0x1e /usr/lib/gcc/arm-none-eabi/9.2.1/thumb/v7e-m+fp/hard/libgcc.a(_arm_fixdfsi.o)
 .ARM.attributes
                0x0000000000001339       0x1e /usr/lib/gcc/arm-none-eabi/9.2.1/thumb/v7e-m+fp/hard/libgcc.a(_arm_fixunsdfsi.o)
 .ARM.attributes
                0x0000000000001357       0x1e /usr/lib/gcc/arm-none-eabi/9.2.1/thumb/v7e-m+fp/hard/libgcc.a(_arm_truncdfsf2.o)
 .ARM.attributes
                0x0000000000001375       0x1e /usr/lib/gcc/arm-none-eabi/9.2.1/thumb/v7e-m+fp/hard/libgcc.a(_aeabi_uldivmod.o)
 .ARM.attributes
                0x0000000000001393       0x34 /usr/lib/gcc/arm-none-eabi/9.2.1/thumb/v7e-m+fp/hard/libgcc.a(_fixdfdi.o)
 .ARM.attributes
                0x00000000000013c7       0x34 /usr/lib/gcc/arm-none-eabi/9.2.1/thumb/v7e-m+fp/hard/libgcc.a(_fixunsdfdi.o)
 .ARM.attributes
                0x00000000000013fb       0x34 /usr/lib/gcc/arm-none-eabi/9.2.1/thumb/v7e-m+fp/hard/libgcc.a(_udivmoddi4.o)
 .ARM.attributes
                0x000000000000142f       0x1e /usr/lib/gcc/arm-none-eabi/9.2.1/thumb/v7e-m+fp/hard/libgcc.a(_dvmd_tls.o)
 .ARM.attributes
                0x000000000000144d       0x32 /usr/lib/gcc/arm-none-eabi/9.2.1/thumb/v7e-m+fp/hard/crtend.o
 .ARM.attributes
                0x000000000000147f       0x1e /usr/lib/gcc/arm-none-eabi/9.2.1/thumb/v7e-m+fp/hard/crtn.o
OUTPUT(build/SecPump.elf elf32-littlearm)
LOAD linker stubs
LOAD /usr/lib/gcc/arm-none-eabi/9.2.1/../../../arm-none-eabi/lib/thumb/v7e-m+fp/hard/libc.a
LOAD /usr/lib/gcc/arm-none-eabi/9.2.1/../../../arm-none-eabi/lib/thumb/v7e-m+fp/hard/libm.a
LOAD /usr/lib/gcc/arm-none-eabi/9.2.1/thumb/v7e-m+fp/hard/libgcc.a

.comment        0x0000000000000000       0xa7
 .comment       0x0000000000000000       0x59 /usr/lib/gcc/arm-none-eabi/9.2.1/thumb/v7e-m+fp/hard/crtbegin.o
                                         0x5a (size before relaxing)
 .comment       0x0000000000000059       0x5a build/main.o
 .comment       0x0000000000000059       0x5a build/PumpService.o
 .comment       0x0000000000000059       0x5a build/hci_tl_interface.o
 .comment       0x0000000000000059       0x5a build/app_x-cube-ble1.o
 .comment       0x0000000000000059       0x5a build/stm32f4xx_nucleo_bus.o
 .comment       0x0000000000000059       0x5a build/stm32f4xx_it.o
 .comment       0x0000000000000059       0x5a build/stm32f4xx_hal_msp.o
 .comment       0x0000000000000059       0x5a build/InsulinController.o
 .comment       0x0000000000000059       0x5a build/stm32f4xx_nucleo.o
 .comment       0x0000000000000059       0x5a build/stm32f4xx_hal_spi.o
 .comment       0x0000000000000059       0x5a build/stm32f4xx_hal_rcc.o
 .comment       0x0000000000000059       0x5a build/stm32f4xx_hal_rcc_ex.o
 .comment       0x0000000000000059       0x5a build/stm32f4xx_hal_gpio.o
 .comment       0x0000000000000059       0x5a build/stm32f4xx_hal_dma.o
 .comment       0x0000000000000059       0x5a build/stm32f4xx_hal_cortex.o
 .comment       0x0000000000000059       0x5a build/stm32f4xx_hal.o
 .comment       0x0000000000000059       0x5a build/stm32f4xx_hal_exti.o
 .comment       0x0000000000000059       0x5a build/stm32f4xx_hal_tim.o
 .comment       0x0000000000000059       0x5a build/stm32f4xx_hal_tim_ex.o
 .comment       0x0000000000000059       0x5a build/stm32f4xx_hal_uart.o
 .comment       0x0000000000000059       0x5a build/system_stm32f4xx.o
 .comment       0x0000000000000059       0x5a build/hci_tl.o
 .comment       0x0000000000000059       0x5a build/hci_le.o
 .comment       0x0000000000000059       0x5a build/bluenrg_gap_aci.o
 .comment       0x0000000000000059       0x5a build/bluenrg_gatt_aci.o
 .comment       0x0000000000000059       0x5a build/bluenrg_hal_aci.o
 .comment       0x0000000000000059       0x5a build/bluenrg_utils_small.o
 .comment       0x0000000000000059       0x5a build/ble_list.o
 .comment       0x0000000000000059       0x5a build/stm32f4xx_hal_timebase_tim.o
 .comment       0x0000000000000059       0x4e /usr/lib/gcc/arm-none-eabi/9.2.1/../../../arm-none-eabi/lib/thumb/v7e-m+fp/hard/libc_nano.a(lib_a-atof.o)
                                         0x4f (size before relaxing)
 .comment       0x00000000000000a7       0x4f /usr/lib/gcc/arm-none-eabi/9.2.1/../../../arm-none-eabi/lib/thumb/v7e-m+fp/hard/libc_nano.a(lib_a-atoi.o)
 .comment       0x00000000000000a7       0x4f /usr/lib/gcc/arm-none-eabi/9.2.1/../../../arm-none-eabi/lib/thumb/v7e-m+fp/hard/libc_nano.a(lib_a-impure.o)
 .comment       0x00000000000000a7       0x4f /usr/lib/gcc/arm-none-eabi/9.2.1/../../../arm-none-eabi/lib/thumb/v7e-m+fp/hard/libc_nano.a(lib_a-init.o)
 .comment       0x00000000000000a7       0x4f /usr/lib/gcc/arm-none-eabi/9.2.1/../../../arm-none-eabi/lib/thumb/v7e-m+fp/hard/libc_nano.a(lib_a-memset.o)
 .comment       0x00000000000000a7       0x4f /usr/lib/gcc/arm-none-eabi/9.2.1/../../../arm-none-eabi/lib/thumb/v7e-m+fp/hard/libc_nano.a(lib_a-nano-vfprintf_float.o)
 .comment       0x00000000000000a7       0x4f /usr/lib/gcc/arm-none-eabi/9.2.1/../../../arm-none-eabi/lib/thumb/v7e-m+fp/hard/libc_nano.a(lib_a-nano-vfprintf_i.o)
 .comment       0x00000000000000a7       0x4f /usr/lib/gcc/arm-none-eabi/9.2.1/../../../arm-none-eabi/lib/thumb/v7e-m+fp/hard/libc_nano.a(lib_a-printf.o)
 .comment       0x00000000000000a7       0x4f /usr/lib/gcc/arm-none-eabi/9.2.1/../../../arm-none-eabi/lib/thumb/v7e-m+fp/hard/libc_nano.a(lib_a-puts.o)
 .comment       0x00000000000000a7       0x4f /usr/lib/gcc/arm-none-eabi/9.2.1/../../../arm-none-eabi/lib/thumb/v7e-m+fp/hard/libc_nano.a(lib_a-strtod.o)
 .comment       0x00000000000000a7       0x4f /usr/lib/gcc/arm-none-eabi/9.2.1/../../../arm-none-eabi/lib/thumb/v7e-m+fp/hard/libc_nano.a(lib_a-strtol.o)
 .comment       0x00000000000000a7       0x4f /usr/lib/gcc/arm-none-eabi/9.2.1/../../../arm-none-eabi/lib/thumb/v7e-m+fp/hard/libc_nano.a(lib_a-wbuf.o)
 .comment       0x00000000000000a7       0x4f /usr/lib/gcc/arm-none-eabi/9.2.1/../../../arm-none-eabi/lib/thumb/v7e-m+fp/hard/libc_nano.a(lib_a-wsetup.o)
 .comment       0x00000000000000a7       0x4f /usr/lib/gcc/arm-none-eabi/9.2.1/../../../arm-none-eabi/lib/thumb/v7e-m+fp/hard/libc_nano.a(lib_a-ctype_.o)
 .comment       0x00000000000000a7       0x4f /usr/lib/gcc/arm-none-eabi/9.2.1/../../../arm-none-eabi/lib/thumb/v7e-m+fp/hard/libc_nano.a(lib_a-dtoa.o)
 .comment       0x00000000000000a7       0x4f /usr/lib/gcc/arm-none-eabi/9.2.1/../../../arm-none-eabi/lib/thumb/v7e-m+fp/hard/libc_nano.a(lib_a-errno.o)
 .comment       0x00000000000000a7       0x4f /usr/lib/gcc/arm-none-eabi/9.2.1/../../../arm-none-eabi/lib/thumb/v7e-m+fp/hard/libc_nano.a(lib_a-fflush.o)
 .comment       0x00000000000000a7       0x4f /usr/lib/gcc/arm-none-eabi/9.2.1/../../../arm-none-eabi/lib/thumb/v7e-m+fp/hard/libc_nano.a(lib_a-findfp.o)
 .comment       0x00000000000000a7       0x4f /usr/lib/gcc/arm-none-eabi/9.2.1/../../../arm-none-eabi/lib/thumb/v7e-m+fp/hard/libc_nano.a(lib_a-fwalk.o)
 .comment       0x00000000000000a7       0x4f /usr/lib/gcc/arm-none-eabi/9.2.1/../../../arm-none-eabi/lib/thumb/v7e-m+fp/hard/libc_nano.a(lib_a-gdtoa-gethex.o)
 .comment       0x00000000000000a7       0x4f /usr/lib/gcc/arm-none-eabi/9.2.1/../../../arm-none-eabi/lib/thumb/v7e-m+fp/hard/libc_nano.a(lib_a-gdtoa-hexnan.o)
 .comment       0x00000000000000a7       0x4f /usr/lib/gcc/arm-none-eabi/9.2.1/../../../arm-none-eabi/lib/thumb/v7e-m+fp/hard/libc_nano.a(lib_a-lnumeric.o)
 .comment       0x00000000000000a7       0x4f /usr/lib/gcc/arm-none-eabi/9.2.1/../../../arm-none-eabi/lib/thumb/v7e-m+fp/hard/libc_nano.a(lib_a-locale.o)
 .comment       0x00000000000000a7       0x4f /usr/lib/gcc/arm-none-eabi/9.2.1/../../../arm-none-eabi/lib/thumb/v7e-m+fp/hard/libc_nano.a(lib_a-localeconv.o)
 .comment       0x00000000000000a7       0x4f /usr/lib/gcc/arm-none-eabi/9.2.1/../../../arm-none-eabi/lib/thumb/v7e-m+fp/hard/libc_nano.a(lib_a-makebuf.o)
 .comment       0x00000000000000a7       0x4f /usr/lib/gcc/arm-none-eabi/9.2.1/../../../arm-none-eabi/lib/thumb/v7e-m+fp/hard/libc_nano.a(lib_a-malloc.o)
 .comment       0x00000000000000a7       0x4f /usr/lib/gcc/arm-none-eabi/9.2.1/../../../arm-none-eabi/lib/thumb/v7e-m+fp/hard/libc_nano.a(lib_a-mbtowc_r.o)
 .comment       0x00000000000000a7       0x4f /usr/lib/gcc/arm-none-eabi/9.2.1/../../../arm-none-eabi/lib/thumb/v7e-m+fp/hard/libc_nano.a(lib_a-mprec.o)
 .comment       0x00000000000000a7       0x4f /usr/lib/gcc/arm-none-eabi/9.2.1/../../../arm-none-eabi/lib/thumb/v7e-m+fp/hard/libc_nano.a(lib_a-nano-callocr.o)
 .comment       0x00000000000000a7       0x4f /usr/lib/gcc/arm-none-eabi/9.2.1/../../../arm-none-eabi/lib/thumb/v7e-m+fp/hard/libc_nano.a(lib_a-nano-freer.o)
 .comment       0x00000000000000a7       0x4f /usr/lib/gcc/arm-none-eabi/9.2.1/../../../arm-none-eabi/lib/thumb/v7e-m+fp/hard/libc_nano.a(lib_a-nano-mallocr.o)
 .comment       0x00000000000000a7       0x4f /usr/lib/gcc/arm-none-eabi/9.2.1/../../../arm-none-eabi/lib/thumb/v7e-m+fp/hard/libc_nano.a(lib_a-nano-vfprintf.o)
 .comment       0x00000000000000a7       0x4f /usr/lib/gcc/arm-none-eabi/9.2.1/../../../arm-none-eabi/lib/thumb/v7e-m+fp/hard/libc_nano.a(lib_a-s_nan.o)
 .comment       0x00000000000000a7       0x4f /usr/lib/gcc/arm-none-eabi/9.2.1/../../../arm-none-eabi/lib/thumb/v7e-m+fp/hard/libc_nano.a(lib_a-sbrkr.o)
 .comment       0x00000000000000a7       0x4f /usr/lib/gcc/arm-none-eabi/9.2.1/../../../arm-none-eabi/lib/thumb/v7e-m+fp/hard/libc_nano.a(lib_a-sf_nan.o)
 .comment       0x00000000000000a7       0x4f /usr/lib/gcc/arm-none-eabi/9.2.1/../../../arm-none-eabi/lib/thumb/v7e-m+fp/hard/libc_nano.a(lib_a-stdio.o)
 .comment       0x00000000000000a7       0x4f /usr/lib/gcc/arm-none-eabi/9.2.1/../../../arm-none-eabi/lib/thumb/v7e-m+fp/hard/libc_nano.a(lib_a-strncmp.o)
 .comment       0x00000000000000a7       0x4f /usr/lib/gcc/arm-none-eabi/9.2.1/../../../arm-none-eabi/lib/thumb/v7e-m+fp/hard/libc_nano.a(lib_a-wctomb_r.o)
 .comment       0x00000000000000a7       0x4f /usr/lib/gcc/arm-none-eabi/9.2.1/../../../arm-none-eabi/lib/thumb/v7e-m+fp/hard/libc_nano.a(lib_a-writer.o)
 .comment       0x00000000000000a7       0x4f /usr/lib/gcc/arm-none-eabi/9.2.1/../../../arm-none-eabi/lib/thumb/v7e-m+fp/hard/libc_nano.a(lib_a-assert.o)
 .comment       0x00000000000000a7       0x4f /usr/lib/gcc/arm-none-eabi/9.2.1/../../../arm-none-eabi/lib/thumb/v7e-m+fp/hard/libc_nano.a(lib_a-closer.o)
 .comment       0x00000000000000a7       0x4f /usr/lib/gcc/arm-none-eabi/9.2.1/../../../arm-none-eabi/lib/thumb/v7e-m+fp/hard/libc_nano.a(lib_a-fprintf.o)
 .comment       0x00000000000000a7       0x4f /usr/lib/gcc/arm-none-eabi/9.2.1/../../../arm-none-eabi/lib/thumb/v7e-m+fp/hard/libc_nano.a(lib_a-fstatr.o)
 .comment       0x00000000000000a7       0x4f /usr/lib/gcc/arm-none-eabi/9.2.1/../../../arm-none-eabi/lib/thumb/v7e-m+fp/hard/libc_nano.a(lib_a-fvwrite.o)
 .comment       0x00000000000000a7       0x4f /usr/lib/gcc/arm-none-eabi/9.2.1/../../../arm-none-eabi/lib/thumb/v7e-m+fp/hard/libc_nano.a(lib_a-isattyr.o)
 .comment       0x00000000000000a7       0x4f /usr/lib/gcc/arm-none-eabi/9.2.1/../../../arm-none-eabi/lib/thumb/v7e-m+fp/hard/libc_nano.a(lib_a-lseekr.o)
 .comment       0x00000000000000a7       0x4f /usr/lib/gcc/arm-none-eabi/9.2.1/../../../arm-none-eabi/lib/thumb/v7e-m+fp/hard/libc_nano.a(lib_a-memmove.o)
 .comment       0x00000000000000a7       0x4f /usr/lib/gcc/arm-none-eabi/9.2.1/../../../arm-none-eabi/lib/thumb/v7e-m+fp/hard/libc_nano.a(lib_a-mlock.o)