Archive member included to satisfy reference by file (symbol)

/home/cyrilb/Opt/riscv64-unknown-elf-gcc-8.3.0-2020.04.0-x86_64-linux-ubuntu14/bin/../lib/gcc/riscv64-unknown-elf/8.3.0/../../../../riscv64-unknown-elf/lib/rv32imac/ilp32/libc_nano.a(lib_a-printf.o)
                              /tmp/ccnsc3Cj.o (printf)
/home/cyrilb/Opt/riscv64-unknown-elf-gcc-8.3.0-2020.04.0-x86_64-linux-ubuntu14/bin/../lib/gcc/riscv64-unknown-elf/8.3.0/../../../../riscv64-unknown-elf/lib/rv32imac/ilp32/libc_nano.a(lib_a-findfp.o)
                              /home/cyrilb/Opt/riscv64-unknown-elf-gcc-8.3.0-2020.04.0-x86_64-linux-ubuntu14/bin/../lib/gcc/riscv64-unknown-elf/8.3.0/../../../../riscv64-unknown-elf/lib/rv32imac/ilp32/libc_nano.a(lib_a-printf.o) (__sinit)
/home/cyrilb/Opt/riscv64-unknown-elf-gcc-8.3.0-2020.04.0-x86_64-linux-ubuntu14/bin/../lib/gcc/riscv64-unknown-elf/8.3.0/../../../../riscv64-unknown-elf/lib/rv32imac/ilp32/libc_nano.a(lib_a-fwalk.o)
                              /home/cyrilb/Opt/riscv64-unknown-elf-gcc-8.3.0-2020.04.0-x86_64-linux-ubuntu14/bin/../lib/gcc/riscv64-unknown-elf/8.3.0/../../../../riscv64-unknown-elf/lib/rv32imac/ilp32/libc_nano.a(lib_a-findfp.o) (_fwalk)
/home/cyrilb/Opt/riscv64-unknown-elf-gcc-8.3.0-2020.04.0-x86_64-linux-ubuntu14/bin/../lib/gcc/riscv64-unknown-elf/8.3.0/../../../../riscv64-unknown-elf/lib/rv32imac/ilp32/libc_nano.a(lib_a-impure.o)
                              /home/cyrilb/Opt/riscv64-unknown-elf-gcc-8.3.0-2020.04.0-x86_64-linux-ubuntu14/bin/../lib/gcc/riscv64-unknown-elf/8.3.0/../../../../riscv64-unknown-elf/lib/rv32imac/ilp32/libc_nano.a(lib_a-findfp.o) (_global_impure_ptr)
/home/cyrilb/Opt/riscv64-unknown-elf-gcc-8.3.0-2020.04.0-x86_64-linux-ubuntu14/bin/../lib/gcc/riscv64-unknown-elf/8.3.0/../../../../riscv64-unknown-elf/lib/rv32imac/ilp32/libc_nano.a(lib_a-memset.o)
                              /home/cyrilb/Opt/riscv64-unknown-elf-gcc-8.3.0-2020.04.0-x86_64-linux-ubuntu14/bin/../lib/gcc/riscv64-unknown-elf/8.3.0/../../../../riscv64-unknown-elf/lib/rv32imac/ilp32/libc_nano.a(lib_a-findfp.o) (memset)
/home/cyrilb/Opt/riscv64-unknown-elf-gcc-8.3.0-2020.04.0-x86_64-linux-ubuntu14/bin/../lib/gcc/riscv64-unknown-elf/8.3.0/../../../../riscv64-unknown-elf/lib/rv32imac/ilp32/libc_nano.a(lib_a-nano-mallocr.o)
                              /home/cyrilb/Opt/riscv64-unknown-elf-gcc-8.3.0-2020.04.0-x86_64-linux-ubuntu14/bin/../lib/gcc/riscv64-unknown-elf/8.3.0/../../../../riscv64-unknown-elf/lib/rv32imac/ilp32/libc_nano.a(lib_a-findfp.o) (_malloc_r)
/home/cyrilb/Opt/riscv64-unknown-elf-gcc-8.3.0-2020.04.0-x86_64-linux-ubuntu14/bin/../lib/gcc/riscv64-unknown-elf/8.3.0/../../../../riscv64-unknown-elf/lib/rv32imac/ilp32/libc_nano.a(lib_a-nano-vfprintf.o)
                              /home/cyrilb/Opt/riscv64-unknown-elf-gcc-8.3.0-2020.04.0-x86_64-linux-ubuntu14/bin/../lib/gcc/riscv64-unknown-elf/8.3.0/../../../../riscv64-unknown-elf/lib/rv32imac/ilp32/libc_nano.a(lib_a-printf.o) (_vfprintf_r)
/home/cyrilb/Opt/riscv64-unknown-elf-gcc-8.3.0-2020.04.0-x86_64-linux-ubuntu14/bin/../lib/gcc/riscv64-unknown-elf/8.3.0/../../../../riscv64-unknown-elf/lib/rv32imac/ilp32/libc_nano.a(lib_a-sbrkr.o)
                              /home/cyrilb/Opt/riscv64-unknown-elf-gcc-8.3.0-2020.04.0-x86_64-linux-ubuntu14/bin/../lib/gcc/riscv64-unknown-elf/8.3.0/../../../../riscv64-unknown-elf/lib/rv32imac/ilp32/libc_nano.a(lib_a-nano-mallocr.o) (_sbrk_r)
/home/cyrilb/Opt/riscv64-unknown-elf-gcc-8.3.0-2020.04.0-x86_64-linux-ubuntu14/bin/../lib/gcc/riscv64-unknown-elf/8.3.0/../../../../riscv64-unknown-elf/lib/rv32imac/ilp32/libc_nano.a(lib_a-stdio.o)
                              /home/cyrilb/Opt/riscv64-unknown-elf-gcc-8.3.0-2020.04.0-x86_64-linux-ubuntu14/bin/../lib/gcc/riscv64-unknown-elf/8.3.0/../../../../riscv64-unknown-elf/lib/rv32imac/ilp32/libc_nano.a(lib_a-findfp.o) (__sread)
/home/cyrilb/Opt/riscv64-unknown-elf-gcc-8.3.0-2020.04.0-x86_64-linux-ubuntu14/bin/../lib/gcc/riscv64-unknown-elf/8.3.0/../../../../riscv64-unknown-elf/lib/rv32imac/ilp32/libc_nano.a(lib_a-wbuf.o)
                              /home/cyrilb/Opt/riscv64-unknown-elf-gcc-8.3.0-2020.04.0-x86_64-linux-ubuntu14/bin/../lib/gcc/riscv64-unknown-elf/8.3.0/../../../../riscv64-unknown-elf/lib/rv32imac/ilp32/libc_nano.a(lib_a-nano-vfprintf.o) (__swbuf_r)
/home/cyrilb/Opt/riscv64-unknown-elf-gcc-8.3.0-2020.04.0-x86_64-linux-ubuntu14/bin/../lib/gcc/riscv64-unknown-elf/8.3.0/../../../../riscv64-unknown-elf/lib/rv32imac/ilp32/libc_nano.a(lib_a-writer.o)
                              /home/cyrilb/Opt/riscv64-unknown-elf-gcc-8.3.0-2020.04.0-x86_64-linux-ubuntu14/bin/../lib/gcc/riscv64-unknown-elf/8.3.0/../../../../riscv64-unknown-elf/lib/rv32imac/ilp32/libc_nano.a(lib_a-stdio.o) (_write_r)
/home/cyrilb/Opt/riscv64-unknown-elf-gcc-8.3.0-2020.04.0-x86_64-linux-ubuntu14/bin/../lib/gcc/riscv64-unknown-elf/8.3.0/../../../../riscv64-unknown-elf/lib/rv32imac/ilp32/libc_nano.a(lib_a-wsetup.o)
[...]
Memory Configuration

Name             Origin             Length             Attributes
itim             0x0000000008000000 0x0000000000004000 axrwl
ram              0x0000000080000000 0x0000000000004000 arw !xl
rom              0x0000000020400000 0x000000001fc00000 xrl !aw
*default*        0x0000000000000000 0xffffffffffffffff

Linker script and memory map

LOAD /tmp/ccnsc3Cj.o
START GROUP
LOAD /home/cyrilb/Opt/riscv64-unknown-elf-gcc-8.3.0-2020.04.0-x86_64-linux-ubuntu14/bin/../lib/gcc/riscv64-unknown-elf/8.3.0/../../../../riscv64-unknown-elf/lib/rv32imac/ilp32/libc_nano.a
LOAD /home/cyrilb/Opt/riscv64-unknown-elf-gcc-8.3.0-2020.04.0-x86_64-linux-ubuntu14/bin/../lib/gcc/riscv64-unknown-elf/8.3.0/rv32imac/ilp32/libgcc.a
LOAD /home/cyrilb/Opt/riscv64-unknown-elf-gcc-8.3.0-2020.04.0-x86_64-linux-ubuntu14/bin/../lib/gcc/riscv64-unknown-elf/8.3.0/../../../../riscv64-unknown-elf/lib/rv32imac/ilp32/libm.a
LOAD /home/cyrilb/Documents/open-source/freedom-e-sdk/bsp/freedom-e310-arty/install/lib/release//libmetal.a
LOAD /home/cyrilb/Documents/open-source/freedom-e-sdk/bsp/freedom-e310-arty/install/lib/release//libmetal-gloss.a
END GROUP
                0x0000000000000400                __stack_size = DEFINED (__stack_size)?__stack_size:0x400
                [!provide]                        PROVIDE (__stack_size = __stack_size)
                0x0000000000000800                __heap_size = DEFINED (__heap_size)?__heap_size:0x800
                0x0000000000000000                PROVIDE (__metal_boot_hart = 0x0)
                0x0000000000000001                PROVIDE (__metal_chicken_bit = 0x1)
                0x0000000000000000                PROVIDE (__metal_eccscrub_bit = 0x0)
                [!provide]                        PROVIDE (metal_dtim_0_memory_start = 0x80000000)
                [!provide]                        PROVIDE (metal_dtim_0_memory_end = 0x80004000)
                [!provide]                        PROVIDE (metal_itim_0_memory_start = 0x8000000)
                [!provide]                        PROVIDE (metal_itim_0_memory_end = 0x8004000)

.init           0x0000000020400000      0x2d8
 *(.text.metal.init.enter)
 .text.metal.init.enter
                0x0000000020400000       0x90 /home/cyrilb/Documents/open-source/freedom-e-sdk/bsp/freedom-e310-arty/install/lib/release//libmetal.a(entry.o)
                0x0000000020400000                _enter
 *(.text.metal.init.*)
 .text.metal.init.__register_frame_info
                0x0000000020400090        0x2 /home/cyrilb/Documents/open-source/freedom-e-sdk/bsp/freedom-e310-arty/install/lib/release//libmetal.a(entry.o)
                0x0000000020400090                __register_frame_info
 .text.metal.init.scrub
                0x0000000020400092       0xaa /home/cyrilb/Documents/open-source/freedom-e-sdk/bsp/freedom-e310-arty/install/lib/release//libmetal.a(scrub.o)
                0x0000000020400092                metal_mem_scrub
                0x00000000204000d6                __metal_before_start
 *fill*         0x000000002040013c        0x0 
 .text.metal.init.trapvec
                0x000000002040013c        0xe /home/cyrilb/Documents/open-source/freedom-e-sdk/bsp/freedom-e310-arty/install/lib/release//libmetal.a(trap.o)
                0x000000002040013c                early_trap_vector
 *(SORT_NONE(.init))
 .init          0x000000002040014a        0x2 /home/cyrilb/Documents/open-source/freedom-e-sdk/bsp/freedom-e310-arty/install/lib/release//libmetal.a(synchronize_harts.o)
                0x000000002040014a                __metal_synchronize_harts
 *(.text.libgloss.start)
 .text.libgloss.start
                0x000000002040014c      0x18c /home/cyrilb/Documents/open-source/freedom-e-sdk/bsp/freedom-e310-arty/install/lib/release//libmetal-gloss.a(crt0.o)
                0x000000002040014c                _start
                0x00000000204002b8                _init
                0x00000000204002b8                _fini
                0x00000000204002ba                secondary_main

.fini
 *(SORT_NONE(.fini))

.preinit_array  0x00000000204002d8        0x0
                0x00000000204002d8                PROVIDE (__preinit_array_start = .)
 *(.preinit_array)
                0x00000000204002d8                PROVIDE (__preinit_array_end = .)

.init_array     0x00000000204002d8        0x4
                0x00000000204002d8                PROVIDE (__init_array_start = .)
 *(SORT_BY_INIT_PRIORITY(.init_array.*) SORT_BY_INIT_PRIORITY(.ctors.*))
 *(.init_array EXCLUDE_FILE(*crtend?.o *crtend.o *crtbegin?.o *crtbegin.o) .ctors)
                0x00000000204002d8                PROVIDE (__init_array_end = .)
                0x00000000204002d8                PROVIDE (metal_constructors_start = .)
 *(SORT_BY_INIT_PRIORITY(.metal.init_array.*))
 .metal.init_array.5000
                0x00000000204002d8        0x4 /home/cyrilb/Documents/open-source/freedom-e-sdk/bsp/freedom-e310-arty/install/lib/release//libmetal.a(tty.o)
                0x00000000204002d8                _metal_tty_init_ptr
 *(.metal.init_array)
                0x00000000204002dc                PROVIDE (metal_constructors_end = .)

.fini_array     0x00000000204002e0        0x0
                0x00000000204002e0                PROVIDE (__fini_array_start = .)
 *(SORT_BY_INIT_PRIORITY(.fini_array.*) SORT_BY_INIT_PRIORITY(.dtors.*))
 *(.fini_array EXCLUDE_FILE(*crtend?.o *crtend.o *crtbegin?.o *crtbegin.o) .dtors)
                0x00000000204002e0                PROVIDE (__fini_array_end = .)
                0x00000000204002e0                PROVIDE (metal_destructors_start = .)
 *(SORT_BY_INIT_PRIORITY(.metal.fini_array.*))
 *(.metal.fini_array)
                0x00000000204002e0                PROVIDE (metal_destructors_end = .)

.ctors          0x00000000204002dc       0x12
 *crtbegin.o(.ctors)
 *crtbegin?.o(.ctors)
 *(EXCLUDE_FILE(*crtend?.o *crtend.o) .ctors)
 *(SORT_BY_NAME(.ctors.*))
 *(.ctors)
 *(.metal.ctors .metal.ctors.*)
 .metal.ctors   0x00000000204002dc       0x12 /home/cyrilb/Documents/open-source/freedom-e-sdk/bsp/freedom-e310-arty/install/lib/release//libmetal.a(tty.o)
                0x00000000204002dc                metal_tty_init

.dtors
 *crtbegin.o(.dtors)
 *crtbegin?.o(.dtors)
 *(EXCLUDE_FILE(*crtend?.o *crtend.o) .dtors)
 *(SORT_BY_NAME(.dtors.*))
 *(.dtors)
 *(.metal.dtors .metal.dtors.*)

.rodata         0x00000000204002f0      0x330
 *(.rdata)
 *(.rodata .rodata.*)
 .rodata.main.str1.4
                0x00000000204002f0       0x53 /tmp/ccnsc3Cj.o
 *fill*         0x0000000020400343        0x1 
 .rodata.__sf_fake_stderr
                0x0000000020400344       0x20 /home/cyrilb/Opt/riscv64-unknown-elf-gcc-8.3.0-2020.04.0-x86_64-linux-ubuntu14/bin/../lib/gcc/riscv64-unknown-elf/8.3.0/../../../../riscv64-unknown-elf/lib/rv32imac/ilp32/libc_nano.a(lib_a-findfp.o)
                0x0000000020400344                __sf_fake_stderr
 .rodata.__sf_fake_stdin
                0x0000000020400364       0x20 /home/cyrilb/Opt/riscv64-unknown-elf-gcc-8.3.0-2020.04.0-x86_64-linux-ubuntu14/bin/../lib/gcc/riscv64-unknown-elf/8.3.0/../../../../riscv64-unknown-elf/lib/rv32imac/ilp32/libc_nano.a(lib_a-findfp.o)
                0x0000000020400364                __sf_fake_stdin
 .rodata.__sf_fake_stdout
                0x0000000020400384       0x20 /home/cyrilb/Opt/riscv64-unknown-elf-gcc-8.3.0-2020.04.0-x86_64-linux-ubuntu14/bin/../lib/gcc/riscv64-unknown-elf/8.3.0/../../../../riscv64-unknown-elf/lib/rv32imac/ilp32/libc_nano.a(lib_a-findfp.o)
                0x0000000020400384                __sf_fake_stdout
 .rodata._vfprintf_r.str1.4
                0x00000000204003a4       0x13 /home/cyrilb/Opt/riscv64-unknown-elf-gcc-8.3.0-2020.04.0-x86_64-linux-ubuntu14/bin/../lib/gcc/riscv64-unknown-elf/8.3.0/../../../../riscv64-unknown-elf/lib/rv32imac/ilp32/libc_nano.a(lib_a-nano-vfprintf.o)
 *fill*         0x00000000204003b7        0x1 
 .rodata._printf_i.str1.4
                0x00000000204003b8       0x28 /home/cyrilb/Opt/riscv64-unknown-elf-gcc-8.3.0-2020.04.0-x86_64-linux-ubuntu14/bin/../lib/gcc/riscv64-unknown-elf/8.3.0/../../../../riscv64-unknown-elf/lib/rv32imac/ilp32/libc_nano.a(lib_a-nano-vfprintf_i.o)
                                         0x25 (size before relaxing)
 .rodata.libgloss.start
                0x00000000204003e0       0x11 /home/cyrilb/Documents/open-source/freedom-e-sdk/bsp/freedom-e310-arty/install/lib/release//libmetal-gloss.a(crt0.o)
 *fill*         0x00000000204003f1        0x3 
 .rodata.__metal_driver_vtable_riscv_clint0
                0x00000000204003f4       0x64 /home/cyrilb/Documents/open-source/freedom-e-sdk/bsp/freedom-e310-arty/install/lib/release//libmetal.a(riscv_clint0.o)
                0x00000000204003f4                __metal_driver_vtable_riscv_clint0
 .rodata.__metal_driver_vtable_cpu
                0x0000000020400458       0x44 /home/cyrilb/Documents/open-source/freedom-e-sdk/bsp/freedom-e310-arty/install/lib/release//libmetal.a(riscv_cpu.o)
                0x0000000020400458                __metal_driver_vtable_cpu
 .rodata.__metal_driver_vtable_riscv_cpu_intc
                0x000000002040049c       0x64 /home/cyrilb/Documents/open-source/freedom-e-sdk/bsp/freedom-e310-arty/install/lib/release//libmetal.a(riscv_cpu.o)
                0x000000002040049c                __metal_driver_vtable_riscv_cpu_intc
 .rodata.__metal_driver_vtable_riscv_plic0
                0x0000000020400500       0x64 /home/cyrilb/Documents/open-source/freedom-e-sdk/bsp/freedom-e310-arty/install/lib/release//libmetal.a(riscv_plic0.o)
                0x0000000020400500                __metal_driver_vtable_riscv_plic0
 .rodata.__metal_driver_sifive_gpio0_config_int
                0x0000000020400564       0x20 /home/cyrilb/Documents/open-source/freedom-e-sdk/bsp/freedom-e310-arty/install/lib/release//libmetal.a(sifive_gpio0.o)
 .rodata.__metal_driver_sifive_gpio0_clear_int
                0x0000000020400584       0x1c /home/cyrilb/Documents/open-source/freedom-e-sdk/bsp/freedom-e310-arty/install/lib/release//libmetal.a(sifive_gpio0.o)
 .rodata.__metal_driver_vtable_sifive_gpio0
                0x00000000204005a0       0x3c /home/cyrilb/Documents/open-source/freedom-e-sdk/bsp/freedom-e310-arty/install/lib/release//libmetal.a(sifive_gpio0.o)
                0x00000000204005a0                __metal_driver_vtable_sifive_gpio0
 .rodata.__metal_driver_vtable_sifive_uart0
                0x00000000204005dc       0x40 /home/cyrilb/Documents/open-source/freedom-e-sdk/bsp/freedom-e310-arty/install/lib/release//libmetal.a(sifive_uart0.o)
                0x00000000204005dc                __metal_driver_vtable_sifive_uart0
 *(.gnu.linkonce.r.*)
                0x0000000020400620                . = ALIGN (0x8)
 *fill*         0x000000002040061c        0x4 
 *(.srodata.cst16)
 *(.srodata.cst8)
 *(.srodata.cst4)
 *(.srodata.cst2)
 *(.srodata .srodata.*)

.itim           0x0000000008000000        0x0 load address 0x0000000020400620
 *(.itim .itim.*)
                0x0000000020400620                PROVIDE (metal_segment_itim_source_start = LOADADDR (.itim))
                0x0000000008000000                PROVIDE (metal_segment_itim_target_start = ADDR (.itim))
                0x0000000008000000                PROVIDE (metal_segment_itim_target_end = (ADDR (.itim) + SIZEOF (.itim)))

.lim            0x0000000080000000        0x0 load address 0x0000000020400620
 *(.lim .lim.*)
                0x0000000020400620                PROVIDE (metal_segment_lim_source_start = LOADADDR (.lim))
                0x0000000080000000                PROVIDE (metal_segment_lim_target_start = ADDR (.lim))
                0x0000000080000000                PROVIDE (metal_segment_lim_target_end = (ADDR (.lim) + SIZEOF (.lim)))

.text           0x0000000020400680     0x31ba
 *(.text.unlikely .text.unlikely.*)
 *(.text.startup .text.startup.*)
 .text.startup.main
                0x0000000020400680       0x7a /tmp/ccnsc3Cj.o
                0x0000000020400680                main
 *(.text .text.*)
 .text.printf   0x00000000204006fa       0x42 /home/cyrilb/Opt/riscv64-unknown-elf-gcc-8.3.0-2020.04.0-x86_64-linux-ubuntu14/bin/../lib/gcc/riscv64-unknown-elf/8.3.0/../../../../riscv64-unknown-elf/lib/rv32imac/ilp32/libc_nano.a(lib_a-printf.o)
                0x00000000204006fa                printf
                0x00000000204006fa                iprintf
 .text.std      0x000000002040073c       0x68 /home/cyrilb/Opt/riscv64-unknown-elf-gcc-8.3.0-2020.04.0-x86_64-linux-ubuntu14/bin/../lib/gcc/riscv64-unknown-elf/8.3.0/../../../../riscv64-unknown-elf/lib/rv32imac/ilp32/libc_nano.a(lib_a-findfp.o)
 .text._cleanup_r
                0x00000000204007a4        0xa /home/cyrilb/Opt/riscv64-unknown-elf-gcc-8.3.0-2020.04.0-x86_64-linux-ubuntu14/bin/../lib/gcc/riscv64-unknown-elf/8.3.0/../../../../riscv64-unknown-elf/lib/rv32imac/ilp32/libc_nano.a(lib_a-findfp.o)
                0x00000000204007a4                _cleanup_r
 .text.__sfmoreglue
                0x00000000204007ae       0x44 /home/cyrilb/Opt/riscv64-unknown-elf-gcc-8.3.0-2020.04.0-x86_64-linux-ubuntu14/bin/../lib/gcc/riscv64-unknown-elf/8.3.0/../../../../riscv64-unknown-elf/lib/rv32imac/ilp32/libc_nano.a(lib_a-findfp.o)
                0x00000000204007ae                __sfmoreglue
 .text.__sinit  0x00000000204007f2       0x6a /home/cyrilb/Opt/riscv64-unknown-elf-gcc-8.3.0-2020.04.0-x86_64-linux-ubuntu14/bin/../lib/gcc/riscv64-unknown-elf/8.3.0/../../../../riscv64-unknown-elf/lib/rv32imac/ilp32/libc_nano.a(lib_a-findfp.o)
                0x00000000204007f2                __sinit
 .text.__sfp    0x000000002040085c       0x9e /home/cyrilb/Opt/riscv64-unknown-elf-gcc-8.3.0-2020.04.0-x86_64-linux-ubuntu14/bin/../lib/gcc/riscv64-unknown-elf/8.3.0/../../../../riscv64-unknown-elf/lib/rv32imac/ilp32/libc_nano.a(lib_a-findfp.o)
                0x000000002040085c                __sfp
 .text._fwalk_reent
                0x00000000204008fa       0x6c /home/cyrilb/Opt/riscv64-unknown-elf-gcc-8.3.0-2020.04.0-x86_64-linux-ubuntu14/bin/../lib/gcc/riscv64-unknown-elf/8.3.0/../../../../riscv64-unknown-elf/lib/rv32imac/ilp32/libc_nano.a(lib_a-fwalk.o)
                0x00000000204008fa                _fwalk_reent
 .text          0x0000000020400966       0x10 /home/cyrilb/Opt/riscv64-unknown-elf-gcc-8.3.0-2020.04.0-x86_64-linux-ubuntu14/bin/../lib/gcc/riscv64-unknown-elf/8.3.0/../../../../riscv64-unknown-elf/lib/rv32imac/ilp32/libc_nano.a(lib_a-memset.o)
                0x0000000020400966                memset
 .text._malloc_r
                0x0000000020400976       0xe4 /home/cyrilb/Opt/riscv64-unknown-elf-gcc-8.3.0-2020.04.0-x86_64-linux-ubuntu14/bin/../lib/gcc/riscv64-unknown-elf/8.3.0/../../../../riscv64-unknown-elf/lib/rv32imac/ilp32/libc_nano.a(lib_a-nano-mallocr.o)
                0x0000000020400976                _malloc_r
 .text.__sfputc_r
                0x0000000020400a5a       0x28 /home/cyrilb/Opt/riscv64-unknown-elf-gcc-8.3.0-2020.04.0-x86_64-linux-ubuntu14/bin/../lib/gcc/riscv64-unknown-elf/8.3.0/../../../../riscv64-unknown-elf/lib/rv32imac/ilp32/libc_nano.a(lib_a-nano-vfprintf.o)
 .text.__sfputs_r
                0x0000000020400a82       0x42 /home/cyrilb/Opt/riscv64-unknown-elf-gcc-8.3.0-2020.04.0-x86_64-linux-ubuntu14/bin/../lib/gcc/riscv64-unknown-elf/8.3.0/../../../../riscv64-unknown-elf/lib/rv32imac/ilp32/libc_nano.a(lib_a-nano-vfprintf.o)
                0x0000000020400a82                __sfputs_r
 .text._vfprintf_r
                0x0000000020400ac4      0x29a /home/cyrilb/Opt/riscv64-unknown-elf-gcc-8.3.0-2020.04.0-x86_64-linux-ubuntu14/bin/../lib/gcc/riscv64-unknown-elf/8.3.0/../../../../riscv64-unknown-elf/lib/rv32imac/ilp32/libc_nano.a(lib_a-nano-vfprintf.o)
                0x0000000020400ac4                _vfiprintf_r
                0x0000000020400ac4                _vfprintf_r
 .text._sbrk_r  0x0000000020400d5e       0x2a /home/cyrilb/Opt/riscv64-unknown-elf-gcc-8.3.0-2020.04.0-x86_64-linux-ubuntu14/bin/../lib/gcc/riscv64-unknown-elf/8.3.0/../../../../riscv64-unknown-elf/lib/rv32imac/ilp32/libc_nano.a(lib_a-sbrkr.o)
                0x0000000020400d5e                _sbrk_r
 .text.__sread  0x0000000020400d88       0x32 /home/cyrilb/Opt/riscv64-unknown-elf-gcc-8.3.0-2020.04.0-x86_64-linux-ubuntu14/bin/../lib/gcc/riscv64-unknown-elf/8.3.0/../../../../riscv64-unknown-elf/lib/rv32imac/ilp32/libc_nano.a(lib_a-stdio.o)
                0x0000000020400d88                __sread
 .text.__swrite
                0x0000000020400dba       0x4e /home/cyrilb/Opt/riscv64-unknown-elf-gcc-8.3.0-2020.04.0-x86_64-linux-ubuntu14/bin/../lib/gcc/riscv64-unknown-elf/8.3.0/../../../../riscv64-unknown-elf/lib/rv32imac/ilp32/libc_nano.a(lib_a-stdio.o)
                0x0000000020400dba                __swrite
 .text.__sseek  0x0000000020400e08       0x36 /home/cyrilb/Opt/riscv64-unknown-elf-gcc-8.3.0-2020.04.0-x86_64-linux-ubuntu14/bin/../lib/gcc/riscv64-unknown-elf/8.3.0/../../../../riscv64-unknown-elf/lib/rv32imac/ilp32/libc_nano.a(lib_a-stdio.o)
                0x0000000020400e08                __sseek
 .text.__sclose
                0x0000000020400e3e        0x6 /home/cyrilb/Opt/riscv64-unknown-elf-gcc-8.3.0-2020.04.0-x86_64-linux-ubuntu14/bin/../lib/gcc/riscv64-unknown-elf/8.3.0/../../../../riscv64-unknown-elf/lib/rv32imac/ilp32/libc_nano.a(lib_a-stdio.o)
                0x0000000020400e3e                __sclose
 .text.__swbuf_r
                0x0000000020400e44       0xc0 /home/cyrilb/Opt/riscv64-unknown-elf-gcc-8.3.0-2020.04.0-x86_64-linux-ubuntu14/bin/../lib/gcc/riscv64-unknown-elf/8.3.0/../../../../riscv64-unknown-elf/lib/rv32imac/ilp32/libc_nano.a(lib_a-wbuf.o)
                0x0000000020400e44                __swbuf_r
 .text._write_r
                0x0000000020400f04       0x2e /home/cyrilb/Opt/riscv64-unknown-elf-gcc-8.3.0-2020.04.0-x86_64-linux-ubuntu14/bin/../lib/gcc/riscv64-unknown-elf/8.3.0/../../../../riscv64-unknown-elf/lib/rv32imac/ilp32/libc_nano.a(lib_a-writer.o)
                0x0000000020400f04                _write_r
 .text.__swsetup_r
                0x0000000020400f32      0x112 /home/cyrilb/Opt/riscv64-unknown-elf-gcc-8.3.0-2020.04.0-x86_64-linux-ubuntu14/bin/../lib/gcc/riscv64-unknown-elf/8.3.0/../../../../riscv64-unknown-elf/lib/rv32imac/ilp32/libc_nano.a(lib_a-wsetup.o)
                0x0000000020400f32                __swsetup_r
 .text._close_r
                0x0000000020401044       0x2a /home/cyrilb/Opt/riscv64-unknown-elf-gcc-8.3.0-2020.04.0-x86_64-linux-ubuntu14/bin/../lib/gcc/riscv64-unknown-elf/8.3.0/../../../../riscv64-unknown-elf/lib/rv32imac/ilp32/libc_nano.a(lib_a-closer.o)
                0x0000000020401044                _close_r
 .text.__sflush_r
                0x000000002040106e      0x14a /home/cyrilb/Opt/riscv64-unknown-elf-gcc-8.3.0-2020.04.0-x86_64-linux-ubuntu14/bin/../lib/gcc/riscv64-unknown-elf/8.3.0/../../../../riscv64-unknown-elf/lib/rv32imac/ilp32/libc_nano.a(lib_a-fflush.o)
                0x000000002040106e                __sflush_r
 .text._fflush_r
                0x00000000204011b8       0x66 /home/cyrilb/Opt/riscv64-unknown-elf-gcc-8.3.0-2020.04.0-x86_64-linux-ubuntu14/bin/../lib/gcc/riscv64-unknown-elf/8.3.0/../../../../riscv64-unknown-elf/lib/rv32imac/ilp32/libc_nano.a(lib_a-fflush.o)
                0x00000000204011b8                _fflush_r
 .text._lseek_r
                0x000000002040121e       0x2c /home/cyrilb/Opt/riscv64-unknown-elf-gcc-8.3.0-2020.04.0-x86_64-linux-ubuntu14/bin/../lib/gcc/riscv64-unknown-elf/8.3.0/../../../../riscv64-unknown-elf/lib/rv32imac/ilp32/libc_nano.a(lib_a-lseekr.o)
                0x000000002040121e                _lseek_r
 .text.__swhatbuf_r
                0x000000002040124a       0x58 /home/cyrilb/Opt/riscv64-unknown-elf-gcc-8.3.0-2020.04.0-x86_64-linux-ubuntu14/bin/../lib/gcc/riscv64-unknown-elf/8.3.0/../../../../riscv64-unknown-elf/lib/rv32imac/ilp32/libc_nano.a(lib_a-makebuf.o)
                0x000000002040124a                __swhatbuf_r
 .text.__smakebuf_r
                0x00000000204012a2       0x9e /home/cyrilb/Opt/riscv64-unknown-elf-gcc-8.3.0-2020.04.0-x86_64-linux-ubuntu14/bin/../lib/gcc/riscv64-unknown-elf/8.3.0/../../../../riscv64-unknown-elf/lib/rv32imac/ilp32/libc_nano.a(lib_a-makebuf.o)
                0x00000000204012a2                __smakebuf_r
 .text.memchr   0x0000000020401340       0x1a /home/cyrilb/Opt/riscv64-unknown-elf-gcc-8.3.0-2020.04.0-x86_64-linux-ubuntu14/bin/../lib/gcc/riscv64-unknown-elf/8.3.0/../../../../riscv64-unknown-elf/lib/rv32imac/ilp32/libc_nano.a(lib_a-memchr.o)
                0x0000000020401340                memchr
 .text.__malloc_lock
                0x000000002040135a        0x2 /home/cyrilb/Opt/riscv64-unknown-elf-gcc-8.3.0-2020.04.0-x86_64-linux-ubuntu14/bin/../lib/gcc/riscv64-unknown-elf/8.3.0/../../../../riscv64-unknown-elf/lib/rv32imac/ilp32/libc_nano.a(lib_a-mlock.o)
                0x000000002040135a                __malloc_lock
 .text.__malloc_unlock
                0x000000002040135c        0x2 /home/cyrilb/Opt/riscv64-unknown-elf-gcc-8.3.0-2020.04.0-x86_64-linux-ubuntu14/bin/../lib/gcc/riscv64-unknown-elf/8.3.0/../../../../riscv64-unknown-elf/lib/rv32imac/ilp32/libc_nano.a(lib_a-mlock.o)
                0x000000002040135c                __malloc_unlock
 .text._free_r  0x000000002040135e       0xac /home/cyrilb/Opt/riscv64-unknown-elf-gcc-8.3.0-2020.04.0-x86_64-linux-ubuntu14/bin/../lib/gcc/riscv64-unknown-elf/8.3.0/../../../../riscv64-unknown-elf/lib/rv32imac/ilp32/libc_nano.a(lib_a-nano-freer.o)
                0x000000002040135e                _free_r
 .text._printf_common
                0x000000002040140a      0x10c /home/cyrilb/Opt/riscv64-unknown-elf-gcc-8.3.0-2020.04.0-x86_64-linux-ubuntu14/bin/../lib/gcc/riscv64-unknown-elf/8.3.0/../../../../riscv64-unknown-elf/lib/rv32imac/ilp32/libc_nano.a(lib_a-nano-vfprintf_i.o)
                0x000000002040140a                _printf_common
 .text._printf_i
                0x0000000020401516      0x2a2 /home/cyrilb/Opt/riscv64-unknown-elf-gcc-8.3.0-2020.04.0-x86_64-linux-ubuntu14/bin/../lib/gcc/riscv64-unknown-elf/8.3.0/../../../../riscv64-unknown-elf/lib/rv32imac/ilp32/libc_nano.a(lib_a-nano-vfprintf_i.o)
                0x0000000020401516                _printf_i
 .text._read_r  0x00000000204017b8       0x2c /home/cyrilb/Opt/riscv64-unknown-elf-gcc-8.3.0-2020.04.0-x86_64-linux-ubuntu14/bin/../lib/gcc/riscv64-unknown-elf/8.3.0/../../../../riscv64-unknown-elf/lib/rv32imac/ilp32/libc_nano.a(lib_a-readr.o)
                0x00000000204017b8                _read_r
 .text._fstat_r
                0x00000000204017e4       0x2a /home/cyrilb/Opt/riscv64-unknown-elf-gcc-8.3.0-2020.04.0-x86_64-linux-ubuntu14/bin/../lib/gcc/riscv64-unknown-elf/8.3.0/../../../../riscv64-unknown-elf/lib/rv32imac/ilp32/libc_nano.a(lib_a-fstatr.o)
                0x00000000204017e4                _fstat_r
 .text._isatty_r
                0x000000002040180e       0x28 /home/cyrilb/Opt/riscv64-unknown-elf-gcc-8.3.0-2020.04.0-x86_64-linux-ubuntu14/bin/../lib/gcc/riscv64-unknown-elf/8.3.0/../../../../riscv64-unknown-elf/lib/rv32imac/ilp32/libc_nano.a(lib_a-isattyr.o)
                0x000000002040180e                _isatty_r
 .text._close   0x0000000020401836       0x14 /home/cyrilb/Documents/open-source/freedom-e-sdk/bsp/freedom-e310-arty/install/lib/release//libmetal-gloss.a(sys_close.o)
                0x0000000020401836                _close
 .text._fstat   0x000000002040184a       0x14 /home/cyrilb/Documents/open-source/freedom-e-sdk/bsp/freedom-e310-arty/install/lib/release//libmetal-gloss.a(sys_fstat.o)
                0x000000002040184a                _fstat
 .text._isatty  0x000000002040185e        0x8 /home/cyrilb/Documents/open-source/freedom-e-sdk/bsp/freedom-e310-arty/install/lib/release//libmetal-gloss.a(sys_isatty.o)
                0x000000002040185e                _isatty
 .text._lseek   0x0000000020401866       0x14 /home/cyrilb/Documents/open-source/freedom-e-sdk/bsp/freedom-e310-arty/install/lib/release//libmetal-gloss.a(sys_lseek.o)
                0x0000000020401866                _lseek
 .text._read    0x000000002040187a       0x14 /home/cyrilb/Documents/open-source/freedom-e-sdk/bsp/freedom-e310-arty/install/lib/release//libmetal-gloss.a(sys_read.o)
                0x000000002040187a                _read
 .text._sbrk    0x000000002040188e       0x3a /home/cyrilb/Documents/open-source/freedom-e-sdk/bsp/freedom-e310-arty/install/lib/release//libmetal-gloss.a(sys_sbrk.o)
                0x000000002040188e                _sbrk
 .text._write   0x00000000204018c8       0x3a /home/cyrilb/Documents/open-source/freedom-e-sdk/bsp/freedom-e310-arty/install/lib/release//libmetal-gloss.a(sys_write.o)
                0x00000000204018c8                write
                0x00000000204018c8                _write
 .text.atexit   0x0000000020401902        0xa /home/cyrilb/Opt/riscv64-unknown-elf-gcc-8.3.0-2020.04.0-x86_64-linux-ubuntu14/bin/../lib/gcc/riscv64-unknown-elf/8.3.0/../../../../riscv64-unknown-elf/lib/rv32imac/ilp32/libc_nano.a(lib_a-atexit.o)
                0x0000000020401902                atexit
 .text.__errno  0x000000002040190c        0xc /home/cyrilb/Opt/riscv64-unknown-elf-gcc-8.3.0-2020.04.0-x86_64-linux-ubuntu14/bin/../lib/gcc/riscv64-unknown-elf/8.3.0/../../../../riscv64-unknown-elf/lib/rv32imac/ilp32/libc_nano.a(lib_a-errno.o)
                0x000000002040190c                __errno
 .text.exit     0x0000000020401918       0x2c /home/cyrilb/Opt/riscv64-unknown-elf-gcc-8.3.0-2020.04.0-x86_64-linux-ubuntu14/bin/../lib/gcc/riscv64-unknown-elf/8.3.0/../../../../riscv64-unknown-elf/lib/rv32imac/ilp32/libc_nano.a(lib_a-exit.o)
                0x0000000020401918                exit
 .text.__libc_fini_array
                0x0000000020401944       0x38 /home/cyrilb/Opt/riscv64-unknown-elf-gcc-8.3.0-2020.04.0-x86_64-linux-ubuntu14/bin/../lib/gcc/riscv64-unknown-elf/8.3.0/../../../../riscv64-unknown-elf/lib/rv32imac/ilp32/libc_nano.a(lib_a-fini.o)
                0x0000000020401944                __libc_fini_array
 .text.__libc_init_array
                0x000000002040197c       0x6a /home/cyrilb/Opt/riscv64-unknown-elf-gcc-8.3.0-2020.04.0-x86_64-linux-ubuntu14/bin/../lib/gcc/riscv64-unknown-elf/8.3.0/../../../../riscv64-unknown-elf/lib/rv32imac/ilp32/libc_nano.a(lib_a-init.o)
                0x000000002040197c                __libc_init_array
 .text.__register_exitproc
                0x00000000204019e6       0x88 /home/cyrilb/Opt/riscv64-unknown-elf-gcc-8.3.0-2020.04.0-x86_64-linux-ubuntu14/bin/../lib/gcc/riscv64-unknown-elf/8.3.0/../../../../riscv64-unknown-elf/lib/rv32imac/ilp32/libc_nano.a(lib_a-__atexit.o)
                0x00000000204019e6                __register_exitproc
 .text.__call_exitprocs
                0x0000000020401a6e       0xc8 /home/cyrilb/Opt/riscv64-unknown-elf-gcc-8.3.0-2020.04.0-x86_64-linux-ubuntu14/bin/../lib/gcc/riscv64-unknown-elf/8.3.0/../../../../riscv64-unknown-elf/lib/rv32imac/ilp32/libc_nano.a(lib_a-__call_atexit.o)
                0x0000000020401a6e                __call_exitprocs
 .text.metal_init
                0x0000000020401b36       0x48 /home/cyrilb/Documents/open-source/freedom-e-sdk/bsp/freedom-e310-arty/install/lib/release//libmetal.a(init.o)
                0x0000000020401b36                metal_init
 .text.metal_fini
                0x0000000020401b7e       0x48 /home/cyrilb/Documents/open-source/freedom-e-sdk/bsp/freedom-e310-arty/install/lib/release//libmetal.a(init.o)
                0x0000000020401b7e                metal_fini
 .text.metal_init_run
                0x0000000020401bc6        0x2 /home/cyrilb/Documents/open-source/freedom-e-sdk/bsp/freedom-e310-arty/install/lib/release//libmetal.a(init.o)
                0x0000000020401bc6                metal_init_run
 .text.metal_fini_run
                0x0000000020401bc8        0x2 /home/cyrilb/Documents/open-source/freedom-e-sdk/bsp/freedom-e310-arty/install/lib/release//libmetal.a(init.o)
                0x0000000020401bc8                metal_fini_run
 .text.metal_tty_putc
                0x0000000020401bca        0xc /home/cyrilb/Documents/open-source/freedom-e-sdk/bsp/freedom-e310-arty/install/lib/release//libmetal.a(tty.o)
                0x0000000020401bca                metal_tty_putc
 .text.metal_uart_init
                0x0000000020401bd6        0x8 /home/cyrilb/Documents/open-source/freedom-e-sdk/bsp/freedom-e310-arty/install/lib/release//libmetal.a(uart.o)
                0x0000000020401bd6                metal_uart_init
 .text.metal_uart_putc
                0x0000000020401bde        0x8 /home/cyrilb/Documents/open-source/freedom-e-sdk/bsp/freedom-e310-arty/install/lib/release//libmetal.a(uart.o)
                0x0000000020401bde                metal_uart_putc
 .text.metal_uart_set_baud_rate
                0x0000000020401be6        0x8 /home/cyrilb/Documents/open-source/freedom-e-sdk/bsp/freedom-e310-arty/install/lib/release//libmetal.a(uart.o)
                0x0000000020401be6                metal_uart_set_baud_rate
 .text.__metal_driver_riscv_clint0_mtimecmp_set
                0x0000000020401bee       0x2c /home/cyrilb/Documents/open-source/freedom-e-sdk/bsp/freedom-e310-arty/install/lib/release//libmetal.a(riscv_clint0.o)
                0x0000000020401bee                __metal_driver_riscv_clint0_mtimecmp_set
 .text.__metal_driver_riscv_clint0_vector_register
                0x0000000020401c1a        0x4 /home/cyrilb/Documents/open-source/freedom-e-sdk/bsp/freedom-e310-arty/install/lib/release//libmetal.a(riscv_clint0.o)
                0x0000000020401c1a                __metal_driver_riscv_clint0_vector_register
 .text.__metal_driver_riscv_clint0_get_vector_mode
                0x0000000020401c1e        0x4 /home/cyrilb/Documents/open-source/freedom-e-sdk/bsp/freedom-e310-arty/install/lib/release//libmetal.a(riscv_clint0.o)
                0x0000000020401c1e                __metal_driver_riscv_clint0_get_vector_mode
 .text._get_cpu_intc
                0x0000000020401c22       0x14 /home/cyrilb/Documents/open-source/freedom-e-sdk/bsp/freedom-e310-arty/install/lib/release//libmetal.a(riscv_clint0.o)
 .text.__metal_driver_riscv_clint0_set_vector_mode
                0x0000000020401c36       0x26 /home/cyrilb/Documents/open-source/freedom-e-sdk/bsp/freedom-e310-arty/install/lib/release//libmetal.a(riscv_clint0.o)
                0x0000000020401c36                __metal_driver_riscv_clint0_set_vector_mode
 .text.__metal_driver_riscv_clint0_init
                0x0000000020401c5c       0x56 /home/cyrilb/Documents/open-source/freedom-e-sdk/bsp/freedom-e310-arty/install/lib/release//libmetal.a(riscv_clint0.o)
                0x0000000020401c5c                __metal_driver_riscv_clint0_init
 .text.__metal_driver_riscv_clint0_disable
                0x0000000020401cb2       0x4e /home/cyrilb/Documents/open-source/freedom-e-sdk/bsp/freedom-e310-arty/install/lib/release//libmetal.a(riscv_clint0.o)
                0x0000000020401cb2                __metal_driver_riscv_clint0_disable
 .text.__metal_driver_riscv_clint0_enable
                0x0000000020401d00       0x4e /home/cyrilb/Documents/open-source/freedom-e-sdk/bsp/freedom-e310-arty/install/lib/release//libmetal.a(riscv_clint0.o)
                0x0000000020401d00                __metal_driver_riscv_clint0_enable
 .text.__metal_driver_riscv_clint0_register
                0x0000000020401d4e       0x64 /home/cyrilb/Documents/open-source/freedom-e-sdk/bsp/freedom-e310-arty/install/lib/release//libmetal.a(riscv_clint0.o)
                0x0000000020401d4e                __metal_driver_riscv_clint0_register
 .text.__metal_clint0_mtime_get
                0x0000000020401db2       0x2a /home/cyrilb/Documents/open-source/freedom-e-sdk/bsp/freedom-e310-arty/install/lib/release//libmetal.a(riscv_clint0.o)
                0x0000000020401db2                __metal_clint0_mtime_get
 .text.__metal_driver_riscv_clint0_command_request
                0x0000000020401ddc       0x88 /home/cyrilb/Documents/open-source/freedom-e-sdk/bsp/freedom-e310-arty/install/lib/release//libmetal.a(riscv_clint0.o)
                0x0000000020401ddc                __metal_driver_riscv_clint0_command_request
 .text.__metal_driver_riscv_clint0_clear_interrupt
                0x0000000020401e64       0x1e /home/cyrilb/Documents/open-source/freedom-e-sdk/bsp/freedom-e310-arty/install/lib/release//libmetal.a(riscv_clint0.o)
                0x0000000020401e64                __metal_driver_riscv_clint0_clear_interrupt
 .text.__metal_driver_riscv_clint0_set_interrupt
                0x0000000020401e82       0x1e /home/cyrilb/Documents/open-source/freedom-e-sdk/bsp/freedom-e310-arty/install/lib/release//libmetal.a(riscv_clint0.o)
                0x0000000020401e82                __metal_driver_riscv_clint0_set_interrupt
 .text.__metal_default_sw_handler
                0x0000000020401ea0       0x42 /home/cyrilb/Documents/open-source/freedom-e-sdk/bsp/freedom-e310-arty/install/lib/release//libmetal.a(riscv_cpu.o)
                0x0000000020401ea0                __metal_default_sw_handler
 .text.__metal_default_beu_handler
                0x0000000020401ee2        0x2 /home/cyrilb/Documents/open-source/freedom-e-sdk/bsp/freedom-e310-arty/install/lib/release//libmetal.a(riscv_cpu.o)
                0x0000000020401ee2                __metal_default_beu_handler
 *fill*         0x0000000020401ee4       0x1c 
 .text.__metal_exception_handler
                0x0000000020401f00       0xfa /home/cyrilb/Documents/open-source/freedom-e-sdk/bsp/freedom-e310-arty/install/lib/release//libmetal.a(riscv_cpu.o)
                0x0000000020401f00                __metal_exception_handler
 .text.__metal_driver_riscv_cpu_controller_command_request
                0x0000000020401ffa        0x4 /home/cyrilb/Documents/open-source/freedom-e-sdk/bsp/freedom-e310-arty/install/lib/release//libmetal.a(riscv_cpu.o)
                0x0000000020401ffa                __metal_driver_riscv_cpu_controller_command_request
 .text.__metal_driver_cpu_mcycle_get
                0x0000000020401ffe       0x12 /home/cyrilb/Documents/open-source/freedom-e-sdk/bsp/freedom-e310-arty/install/lib/release//libmetal.a(riscv_cpu.o)
                0x0000000020401ffe                __metal_driver_cpu_mcycle_get
 .text.__metal_driver_cpu_timebase_get
                0x0000000020402010       0x22 /home/cyrilb/Documents/open-source/freedom-e-sdk/bsp/freedom-e310-arty/install/lib/release//libmetal.a(riscv_cpu.o)
                0x0000000020402010                __metal_driver_cpu_timebase_get
 .text.__metal_driver_cpu_mtime_get
                0x0000000020402032       0x32 /home/cyrilb/Documents/open-source/freedom-e-sdk/bsp/freedom-e310-arty/install/lib/release//libmetal.a(riscv_cpu.o)
                0x0000000020402032                __metal_driver_cpu_mtime_get
 .text.__metal_driver_cpu_timer_controller_interrupt
                0x0000000020402064        0xa /home/cyrilb/Documents/open-source/freedom-e-sdk/bsp/freedom-e310-arty/install/lib/release//libmetal.a(riscv_cpu.o)
                0x0000000020402064                __metal_driver_cpu_timer_controller_interrupt
 .text.__metal_driver_cpu_get_timer_interrupt_id
                0x000000002040206e        0x4 /home/cyrilb/Documents/open-source/freedom-e-sdk/bsp/freedom-e310-arty/install/lib/release//libmetal.a(riscv_cpu.o)
                0x000000002040206e                __metal_driver_cpu_get_timer_interrupt_id
 .text.__metal_driver_cpu_get_sw_interrupt_id
                0x0000000020402072        0x4 /home/cyrilb/Documents/open-source/freedom-e-sdk/bsp/freedom-e310-arty/install/lib/release//libmetal.a(riscv_cpu.o)
                0x0000000020402072                __metal_driver_cpu_get_sw_interrupt_id
 .text.__metal_driver_cpu_set_sw_ipi
                0x0000000020402076       0x30 /home/cyrilb/Documents/open-source/freedom-e-sdk/bsp/freedom-e310-arty/install/lib/release//libmetal.a(riscv_cpu.o)
                0x0000000020402076                __metal_driver_cpu_set_sw_ipi
 .text.__metal_driver_cpu_clear_sw_ipi
                0x00000000204020a6       0x30 /home/cyrilb/Documents/open-source/freedom-e-sdk/bsp/freedom-e310-arty/install/lib/release//libmetal.a(riscv_cpu.o)
                0x00000000204020a6                __metal_driver_cpu_clear_sw_ipi
 .text.__metal_driver_cpu_get_msip
                0x00000000204020d6       0x30 /home/cyrilb/Documents/open-source/freedom-e-sdk/bsp/freedom-e310-arty/install/lib/release//libmetal.a(riscv_cpu.o)
                0x00000000204020d6                __metal_driver_cpu_get_msip
 .text.__metal_driver_cpu_controller_interrupt
                0x0000000020402106       0x16 /home/cyrilb/Documents/open-source/freedom-e-sdk/bsp/freedom-e310-arty/install/lib/release//libmetal.a(riscv_cpu.o)
                0x0000000020402106                __metal_driver_cpu_controller_interrupt
 .text.__metal_driver_cpu_get_instruction_length
                0x000000002040211c       0x12 /home/cyrilb/Documents/open-source/freedom-e-sdk/bsp/freedom-e310-arty/install/lib/release//libmetal.a(riscv_cpu.o)
                0x000000002040211c                __metal_driver_cpu_get_instruction_length
 .text.__metal_driver_cpu_get_exception_pc
                0x000000002040212e        0x6 /home/cyrilb/Documents/open-source/freedom-e-sdk/bsp/freedom-e310-arty/install/lib/release//libmetal.a(riscv_cpu.o)
                0x000000002040212e                __metal_driver_cpu_get_exception_pc
 .text.__metal_driver_cpu_set_exception_pc
                0x0000000020402134        0x8 /home/cyrilb/Documents/open-source/freedom-e-sdk/bsp/freedom-e310-arty/install/lib/release//libmetal.a(riscv_cpu.o)
                0x0000000020402134                __metal_driver_cpu_set_exception_pc
 .text.__metal_driver_cpu_get_buserror
                0x000000002040213c        0x4 /home/cyrilb/Documents/open-source/freedom-e-sdk/bsp/freedom-e310-arty/install/lib/release//libmetal.a(riscv_cpu.o)
                0x000000002040213c                __metal_driver_cpu_get_buserror
 .text.__metal_default_exception_handler
                0x0000000020402140        0xc /home/cyrilb/Documents/open-source/freedom-e-sdk/bsp/freedom-e310-arty/install/lib/release//libmetal.a(riscv_cpu.o)
                0x0000000020402140                __metal_default_exception_handler
 .text.__metal_default_interrupt_handler
                0x000000002040214c        0xc /home/cyrilb/Documents/open-source/freedom-e-sdk/bsp/freedom-e310-arty/install/lib/release//libmetal.a(riscv_cpu.o)
                0x000000002040214c                __metal_default_interrupt_handler
 .text.__metal_driver_cpu_mtimecmp_set
                0x0000000020402158       0x24 /home/cyrilb/Documents/open-source/freedom-e-sdk/bsp/freedom-e310-arty/install/lib/release//libmetal.a(riscv_cpu.o)
                0x0000000020402158                __metal_driver_cpu_mtimecmp_set
 .text.__metal_default_timer_handler
                0x000000002040217c       0x38 /home/cyrilb/Documents/open-source/freedom-e-sdk/bsp/freedom-e310-arty/install/lib/release//libmetal.a(riscv_cpu.o)
                0x000000002040217c                __metal_default_timer_handler
 .text.__metal_driver_riscv_cpu_controller_interrupt_init
                0x00000000204021b4       0x5e /home/cyrilb/Documents/open-source/freedom-e-sdk/bsp/freedom-e310-arty/install/lib/release//libmetal.a(riscv_cpu.o)
                0x00000000204021b4                __metal_driver_riscv_cpu_controller_interrupt_init
 .text.__metal_driver_cpu_exception_register
                0x0000000020402212       0x2c /home/cyrilb/Documents/open-source/freedom-e-sdk/bsp/freedom-e310-arty/install/lib/release//libmetal.a(riscv_cpu.o)
                0x0000000020402212                __metal_driver_cpu_exception_register
 .text.__metal_driver_cpu_sw_controller_interrupt
                0x000000002040223e        0xa /home/cyrilb/Documents/open-source/freedom-e-sdk/bsp/freedom-e310-arty/install/lib/release//libmetal.a(riscv_cpu.o)
                0x000000002040223e                __metal_driver_cpu_sw_controller_interrupt
 .text.__metal_driver_riscv_cpu_controller_set_vector_mode
                0x0000000020402248       0x32 /home/cyrilb/Documents/open-source/freedom-e-sdk/bsp/freedom-e310-arty/install/lib/release//libmetal.a(riscv_cpu.o)
                0x0000000020402248                __metal_driver_riscv_cpu_controller_set_vector_mode
 .text.__metal_myhart_id
                0x000000002040227a        0x6 /home/cyrilb/Documents/open-source/freedom-e-sdk/bsp/freedom-e310-arty/install/lib/release//libmetal.a(riscv_cpu.o)
                0x000000002040227a                __metal_myhart_id
 .text.metal_interrupt_vector_handler
                0x0000000020402280       0x2a /home/cyrilb/Documents/open-source/freedom-e-sdk/bsp/freedom-e310-arty/install/lib/release//libmetal.a(riscv_cpu.o)
                0x0000000020402280                metal_interrupt_vector_handler
 .text.metal_software_interrupt_vector_handler
                0x00000000204022aa       0x7c /home/cyrilb/Documents/open-source/freedom-e-sdk/bsp/freedom-e310-arty/install/lib/release//libmetal.a(riscv_cpu.o)
                0x00000000204022aa                metal_software_interrupt_vector_handler
 .text.metal_timer_interrupt_vector_handler
                0x0000000020402326       0x7c /home/cyrilb/Documents/open-source/freedom-e-sdk/bsp/freedom-e310-arty/install/lib/release//libmetal.a(riscv_cpu.o)
                0x0000000020402326                metal_timer_interrupt_vector_handler
 .text.metal_lc0_interrupt_vector_handler
                0x00000000204023a2       0x7c /home/cyrilb/Documents/open-source/freedom-e-sdk/bsp/freedom-e310-arty/install/lib/release//libmetal.a(riscv_cpu.o)
                0x00000000204023a2                metal_lc0_interrupt_vector_handler
 .text.metal_lc1_interrupt_vector_handler
                0x000000002040241e       0x7c /home/cyrilb/Documents/open-source/freedom-e-sdk/bsp/freedom-e310-arty/install/lib/release//libmetal.a(riscv_cpu.o)
                0x000000002040241e                metal_lc1_interrupt_vector_handler
 .text.metal_lc2_interrupt_vector_handler
                0x000000002040249a       0x7c /home/cyrilb/Documents/open-source/freedom-e-sdk/bsp/freedom-e310-arty/install/lib/release//libmetal.a(riscv_cpu.o)
                0x000000002040249a                metal_lc2_interrupt_vector_handler
 .text.metal_lc3_interrupt_vector_handler
                0x0000000020402516       0x7c /home/cyrilb/Documents/open-source/freedom-e-sdk/bsp/freedom-e310-arty/install/lib/release//libmetal.a(riscv_cpu.o)
                0x0000000020402516                metal_lc3_interrupt_vector_handler
 .text.metal_lc4_interrupt_vector_handler
                0x0000000020402592       0x7c /home/cyrilb/Documents/open-source/freedom-e-sdk/bsp/freedom-e310-arty/install/lib/release//libmetal.a(riscv_cpu.o)
                0x0000000020402592                metal_lc4_interrupt_vector_handler
 .text.metal_lc5_interrupt_vector_handler
                0x000000002040260e       0x7c /home/cyrilb/Documents/open-source/freedom-e-sdk/bsp/freedom-e310-arty/install/lib/release//libmetal.a(riscv_cpu.o)
                0x000000002040260e                metal_lc5_interrupt_vector_handler
 .text.metal_lc6_interrupt_vector_handler
                0x000000002040268a       0x7c /home/cyrilb/Documents/open-source/freedom-e-sdk/bsp/freedom-e310-arty/install/lib/release//libmetal.a(riscv_cpu.o)
                0x000000002040268a                metal_lc6_interrupt_vector_handler
 .text.metal_lc7_interrupt_vector_handler
                0x0000000020402706       0x7c /home/cyrilb/Documents/open-source/freedom-e-sdk/bsp/freedom-e310-arty/install/lib/release//libmetal.a(riscv_cpu.o)
                0x0000000020402706                metal_lc7_interrupt_vector_handler
 .text.metal_lc8_interrupt_vector_handler
                0x0000000020402782       0x7c /home/cyrilb/Documents/open-source/freedom-e-sdk/bsp/freedom-e310-arty/install/lib/release//libmetal.a(riscv_cpu.o)
                0x0000000020402782                metal_lc8_interrupt_vector_handler
 .text.metal_lc9_interrupt_vector_handler
                0x00000000204027fe       0x7c /home/cyrilb/Documents/open-source/freedom-e-sdk/bsp/freedom-e310-arty/install/lib/release//libmetal.a(riscv_cpu.o)
                0x00000000204027fe                metal_lc9_interrupt_vector_handler
 .text.metal_lc10_interrupt_vector_handler
                0x000000002040287a       0x7c /home/cyrilb/Documents/open-source/freedom-e-sdk/bsp/freedom-e310-arty/install/lib/release//libmetal.a(riscv_cpu.o)
                0x000000002040287a                metal_lc10_interrupt_vector_handler
 .text.metal_lc11_interrupt_vector_handler
                0x00000000204028f6       0x7c /home/cyrilb/Documents/open-source/freedom-e-sdk/bsp/freedom-e310-arty/install/lib/release//libmetal.a(riscv_cpu.o)
                0x00000000204028f6                metal_lc11_interrupt_vector_handler
 .text.metal_lc12_interrupt_vector_handler
                0x0000000020402972       0x7c /home/cyrilb/Documents/open-source/freedom-e-sdk/bsp/freedom-e310-arty/install/lib/release//libmetal.a(riscv_cpu.o)
                0x0000000020402972                metal_lc12_interrupt_vector_handler
 .text.metal_lc13_interrupt_vector_handler
                0x00000000204029ee       0x7c /home/cyrilb/Documents/open-source/freedom-e-sdk/bsp/freedom-e310-arty/install/lib/release//libmetal.a(riscv_cpu.o)
                0x00000000204029ee                metal_lc13_interrupt_vector_handler
 .text.metal_lc14_interrupt_vector_handler
                0x0000000020402a6a       0x7c /home/cyrilb/Documents/open-source/freedom-e-sdk/bsp/freedom-e310-arty/install/lib/release//libmetal.a(riscv_cpu.o)
                0x0000000020402a6a                metal_lc14_interrupt_vector_handler
 .text.metal_lc15_interrupt_vector_handler
                0x0000000020402ae6       0x7c /home/cyrilb/Documents/open-source/freedom-e-sdk/bsp/freedom-e310-arty/install/lib/release//libmetal.a(riscv_cpu.o)
                0x0000000020402ae6                metal_lc15_interrupt_vector_handler
 .text.__metal_controller_interrupt_vector_mode
                0x0000000020402b62       0x1e /home/cyrilb/Documents/open-source/freedom-e-sdk/bsp/freedom-e310-arty/install/lib/release//libmetal.a(riscv_cpu.o)
                0x0000000020402b62                __metal_controller_interrupt_vector_mode
 .text.__metal_driver_riscv_cpu_controller_get_vector_mode
                0x0000000020402b80        0x2 /home/cyrilb/Documents/open-source/freedom-e-sdk/bsp/freedom-e310-arty/install/lib/release//libmetal.a(riscv_cpu.o)
                0x0000000020402b80                __metal_driver_riscv_cpu_controller_get_vector_mode
 .text.__metal_valid_interrupt_id
                0x0000000020402b82       0x36 /home/cyrilb/Documents/open-source/freedom-e-sdk/bsp/freedom-e310-arty/install/lib/release//libmetal.a(riscv_cpu.o)
                0x0000000020402b82                __metal_valid_interrupt_id
 .text.__metal_driver_riscv_cpu_controller_interrupt_register
                0x0000000020402bb8       0xd2 /home/cyrilb/Documents/open-source/freedom-e-sdk/bsp/freedom-e310-arty/install/lib/release//libmetal.a(riscv_cpu.o)
                0x0000000020402bb8                __metal_driver_riscv_cpu_controller_interrupt_register
 .text.__metal_local_interrupt_enable
                0x0000000020402c8a       0x72 /home/cyrilb/Documents/open-source/freedom-e-sdk/bsp/freedom-e310-arty/install/lib/release//libmetal.a(riscv_cpu.o)
                0x0000000020402c8a                __metal_local_interrupt_enable
 .text.__metal_driver_riscv_cpu_controller_interrupt_enable
                0x0000000020402cfc        0x4 /home/cyrilb/Documents/open-source/freedom-e-sdk/bsp/freedom-e310-arty/install/lib/release//libmetal.a(riscv_cpu.o)
                0x0000000020402cfc                __metal_driver_riscv_cpu_controller_interrupt_enable
 .text.__metal_driver_riscv_cpu_controller_interrupt_disable
                0x0000000020402d00        0x4 /home/cyrilb/Documents/open-source/freedom-e-sdk/bsp/freedom-e310-arty/install/lib/release//libmetal.a(riscv_cpu.o)
                0x0000000020402d00                __metal_driver_riscv_cpu_controller_interrupt_disable
 .text.__metal_driver_riscv_plic0_set_priority
                0x0000000020402d04       0x26 /home/cyrilb/Documents/open-source/freedom-e-sdk/bsp/freedom-e310-arty/install/lib/release//libmetal.a(riscv_plic0.o)
                0x0000000020402d04                __metal_driver_riscv_plic0_set_priority
 .text.__metal_driver_riscv_plic0_get_priority
                0x0000000020402d2a       0x1c /home/cyrilb/Documents/open-source/freedom-e-sdk/bsp/freedom-e310-arty/install/lib/release//libmetal.a(riscv_plic0.o)
                0x0000000020402d2a                __metal_driver_riscv_plic0_get_priority
 .text.__metal_plic0_default_handler
                0x0000000020402d46        0xc /home/cyrilb/Documents/open-source/freedom-e-sdk/bsp/freedom-e310-arty/install/lib/release//libmetal.a(riscv_plic0.o)
                0x0000000020402d46                __metal_plic0_default_handler
 .text.__metal_driver_riscv_plic0_register
                0x0000000020402d52       0x7e /home/cyrilb/Documents/open-source/freedom-e-sdk/bsp/freedom-e310-arty/install/lib/release//libmetal.a(riscv_plic0.o)
                0x0000000020402d52                __metal_driver_riscv_plic0_register
 .text.__metal_plic0_claim_interrupt
                0x0000000020402dd0       0x22 /home/cyrilb/Documents/open-source/freedom-e-sdk/bsp/freedom-e310-arty/install/lib/release//libmetal.a(riscv_plic0.o)
                0x0000000020402dd0                __metal_plic0_claim_interrupt
 .text.__metal_plic0_complete_interrupt
                0x0000000020402df2       0x22 /home/cyrilb/Documents/open-source/freedom-e-sdk/bsp/freedom-e310-arty/install/lib/release//libmetal.a(riscv_plic0.o)
                0x0000000020402df2                __metal_plic0_complete_interrupt
 .text.__metal_plic0_handler
                0x0000000020402e14       0x5a /home/cyrilb/Documents/open-source/freedom-e-sdk/bsp/freedom-e310-arty/install/lib/release//libmetal.a(riscv_plic0.o)
                0x0000000020402e14                __metal_plic0_handler
 .text.__metal_plic0_set_threshold
                0x0000000020402e6e       0x22 /home/cyrilb/Documents/open-source/freedom-e-sdk/bsp/freedom-e310-arty/install/lib/release//libmetal.a(riscv_plic0.o)
                0x0000000020402e6e                __metal_plic0_set_threshold
 .text.__metal_driver_riscv_plic0_set_threshold
                0x0000000020402e90       0x1c /home/cyrilb/Documents/open-source/freedom-e-sdk/bsp/freedom-e310-arty/install/lib/release//libmetal.a(riscv_plic0.o)
                0x0000000020402e90                __metal_driver_riscv_plic0_set_threshold
 .text.__metal_driver_riscv_plic0_affinity_set_threshold
                0x0000000020402eac       0x48 /home/cyrilb/Documents/open-source/freedom-e-sdk/bsp/freedom-e310-arty/install/lib/release//libmetal.a(riscv_plic0.o)
                0x0000000020402eac                __metal_driver_riscv_plic0_affinity_set_threshold
 .text.__metal_plic0_get_threshold
                0x0000000020402ef4       0x22 /home/cyrilb/Documents/open-source/freedom-e-sdk/bsp/freedom-e310-arty/install/lib/release//libmetal.a(riscv_plic0.o)
                0x0000000020402ef4                __metal_plic0_get_threshold
 .text.__metal_driver_riscv_plic0_get_threshold
                0x0000000020402f16       0x18 /home/cyrilb/Documents/open-source/freedom-e-sdk/bsp/freedom-e310-arty/install/lib/release//libmetal.a(riscv_plic0.o)
                0x0000000020402f16                __metal_driver_riscv_plic0_get_threshold
 .text.__metal_driver_riscv_plic0_affinity_get_threshold
                0x0000000020402f2e        0xe /home/cyrilb/Documents/open-source/freedom-e-sdk/bsp/freedom-e310-arty/install/lib/release//libmetal.a(riscv_plic0.o)
                0x0000000020402f2e                __metal_driver_riscv_plic0_affinity_get_threshold
 .text.__metal_plic0_enable
                0x0000000020402f3c       0x3e /home/cyrilb/Documents/open-source/freedom-e-sdk/bsp/freedom-e310-arty/install/lib/release//libmetal.a(riscv_plic0.o)
                0x0000000020402f3c                __metal_plic0_enable
 .text.__metal_driver_riscv_plic0_init
                0x0000000020402f7a       0xce /home/cyrilb/Documents/open-source/freedom-e-sdk/bsp/freedom-e310-arty/install/lib/release//libmetal.a(riscv_plic0.o)
                0x0000000020402f7a                __metal_driver_riscv_plic0_init
 .text.__metal_driver_riscv_plic0_enable
                0x0000000020403048       0x3e /home/cyrilb/Documents/open-source/freedom-e-sdk/bsp/freedom-e310-arty/install/lib/release//libmetal.a(riscv_plic0.o)
                0x0000000020403048                __metal_driver_riscv_plic0_enable
 .text.__metal_driver_riscv_plic0_disable
                0x0000000020403086       0x3e /home/cyrilb/Documents/open-source/freedom-e-sdk/bsp/freedom-e310-arty/install/lib/release//libmetal.a(riscv_plic0.o)
                0x0000000020403086                __metal_driver_riscv_plic0_disable
 .text.__metal_driver_riscv_plic0_affinity_enable
                0x00000000204030c4       0x5e /home/cyrilb/Documents/open-source/freedom-e-sdk/bsp/freedom-e310-arty/install/lib/release//libmetal.a(riscv_plic0.o)
                0x00000000204030c4                __metal_driver_riscv_plic0_affinity_enable
 .text.__metal_driver_riscv_plic0_affinity_disable
                0x0000000020403122       0x5e /home/cyrilb/Documents/open-source/freedom-e-sdk/bsp/freedom-e310-arty/install/lib/release//libmetal.a(riscv_plic0.o)
                0x0000000020403122                __metal_driver_riscv_plic0_affinity_disable
 .text.__metal_driver_sifive_gpio0_enable_input
                0x0000000020403180       0x18 /home/cyrilb/Documents/open-source/freedom-e-sdk/bsp/freedom-e310-arty/install/lib/release//libmetal.a(sifive_gpio0.o)
                0x0000000020403180                __metal_driver_sifive_gpio0_enable_input
 .text.__metal_driver_sifive_gpio0_disable_input
                0x0000000020403198       0x1c /home/cyrilb/Documents/open-source/freedom-e-sdk/bsp/freedom-e310-arty/install/lib/release//libmetal.a(sifive_gpio0.o)
                0x0000000020403198                __metal_driver_sifive_gpio0_disable_input
 .text.__metal_driver_sifive_gpio0_input
                0x00000000204031b4       0x14 /home/cyrilb/Documents/open-source/freedom-e-sdk/bsp/freedom-e310-arty/install/lib/release//libmetal.a(sifive_gpio0.o)
                0x00000000204031b4                __metal_driver_sifive_gpio0_input
 .text.__metal_driver_sifive_gpio0_output
                0x00000000204031c8       0x14 /home/cyrilb/Documents/open-source/freedom-e-sdk/bsp/freedom-e310-arty/install/lib/release//libmetal.a(sifive_gpio0.o)
                0x00000000204031c8                __metal_driver_sifive_gpio0_output
 .text.__metal_driver_sifive_gpio0_disable_output
                0x00000000204031dc       0x1c /home/cyrilb/Documents/open-source/freedom-e-sdk/bsp/freedom-e310-arty/install/lib/release//libmetal.a(sifive_gpio0.o)
                0x00000000204031dc                __metal_driver_sifive_gpio0_disable_output
 .text.__metal_driver_sifive_gpio0_enable_output
                0x00000000204031f8       0x18 /home/cyrilb/Documents/open-source/freedom-e-sdk/bsp/freedom-e310-arty/install/lib/release//libmetal.a(sifive_gpio0.o)
                0x00000000204031f8                __metal_driver_sifive_gpio0_enable_output
 .text.__metal_driver_sifive_gpio0_output_set
                0x0000000020403210       0x18 /home/cyrilb/Documents/open-source/freedom-e-sdk/bsp/freedom-e310-arty/install/lib/release//libmetal.a(sifive_gpio0.o)
                0x0000000020403210                __metal_driver_sifive_gpio0_output_set
 .text.__metal_driver_sifive_gpio0_output_clear
                0x0000000020403228       0x1c /home/cyrilb/Documents/open-source/freedom-e-sdk/bsp/freedom-e310-arty/install/lib/release//libmetal.a(sifive_gpio0.o)
                0x0000000020403228                __metal_driver_sifive_gpio0_output_clear
 .text.__metal_driver_sifive_gpio0_output_toggle
                0x0000000020403244       0x18 /home/cyrilb/Documents/open-source/freedom-e-sdk/bsp/freedom-e310-arty/install/lib/release//libmetal.a(sifive_gpio0.o)
                0x0000000020403244                __metal_driver_sifive_gpio0_output_toggle
 .text.__metal_driver_sifive_gpio0_enable_io
                0x000000002040325c       0x1e /home/cyrilb/Documents/open-source/freedom-e-sdk/bsp/freedom-e310-arty/install/lib/release//libmetal.a(sifive_gpio0.o)
                0x000000002040325c                __metal_driver_sifive_gpio0_enable_io
 .text.__metal_driver_sifive_gpio0_disable_io
                0x000000002040327a       0x1c /home/cyrilb/Documents/open-source/freedom-e-sdk/bsp/freedom-e310-arty/install/lib/release//libmetal.a(sifive_gpio0.o)
                0x000000002040327a                __metal_driver_sifive_gpio0_disable_io
 .text.__metal_driver_sifive_gpio0_config_int
                0x0000000020403296       0x7a /home/cyrilb/Documents/open-source/freedom-e-sdk/bsp/freedom-e310-arty/install/lib/release//libmetal.a(sifive_gpio0.o)
                0x0000000020403296                __metal_driver_sifive_gpio0_config_int
 .text.__metal_driver_sifive_gpio0_clear_int
                0x0000000020403310       0x60 /home/cyrilb/Documents/open-source/freedom-e-sdk/bsp/freedom-e310-arty/install/lib/release//libmetal.a(sifive_gpio0.o)
                0x0000000020403310                __metal_driver_sifive_gpio0_clear_int
 .text.__metal_driver_gpio_interrupt_controller
                0x0000000020403370       0x16 /home/cyrilb/Documents/open-source/freedom-e-sdk/bsp/freedom-e310-arty/install/lib/release//libmetal.a(sifive_gpio0.o)
                0x0000000020403370                __metal_driver_gpio_interrupt_controller
 .text.__metal_driver_gpio_get_interrupt_id
                0x0000000020403386       0x8c /home/cyrilb/Documents/open-source/freedom-e-sdk/bsp/freedom-e310-arty/install/lib/release//libmetal.a(sifive_gpio0.o)
                0x0000000020403386                __metal_driver_gpio_get_interrupt_id
 .text.__metal_driver_sifive_uart0_interrupt_controller
                0x0000000020403412       0x1a /home/cyrilb/Documents/open-source/freedom-e-sdk/bsp/freedom-e310-arty/install/lib/release//libmetal.a(sifive_uart0.o)
                0x0000000020403412                __metal_driver_sifive_uart0_interrupt_controller
 .text.__metal_driver_sifive_uart0_get_interrupt_id
                0x000000002040342c       0x14 /home/cyrilb/Documents/open-source/freedom-e-sdk/bsp/freedom-e310-arty/install/lib/release//libmetal.a(sifive_uart0.o)
                0x000000002040342c                __metal_driver_sifive_uart0_get_interrupt_id
 .text.__metal_driver_sifive_uart0_tx_interrupt_enable
                0x0000000020403440       0x1e /home/cyrilb/Documents/open-source/freedom-e-sdk/bsp/freedom-e310-arty/install/lib/release//libmetal.a(sifive_uart0.o)
                0x0000000020403440                __metal_driver_sifive_uart0_tx_interrupt_enable
 .text.__metal_driver_sifive_uart0_tx_interrupt_disable
                0x000000002040345e       0x1c /home/cyrilb/Documents/open-source/freedom-e-sdk/bsp/freedom-e310-arty/install/lib/release//libmetal.a(sifive_uart0.o)
                0x000000002040345e                __metal_driver_sifive_uart0_tx_interrupt_disable
 .text.__metal_driver_sifive_uart0_rx_interrupt_enable
                0x000000002040347a       0x1e /home/cyrilb/Documents/open-source/freedom-e-sdk/bsp/freedom-e310-arty/install/lib/release//libmetal.a(sifive_uart0.o)
                0x000000002040347a                __metal_driver_sifive_uart0_rx_interrupt_enable
 .text.__metal_driver_sifive_uart0_rx_interrupt_disable
                0x0000000020403498       0x1c /home/cyrilb/Documents/open-source/freedom-e-sdk/bsp/freedom-e310-arty/install/lib/release//libmetal.a(sifive_uart0.o)
                0x0000000020403498                __metal_driver_sifive_uart0_rx_interrupt_disable
 .text.__metal_driver_sifive_uart0_txready
                0x00000000204034b4       0x1a /home/cyrilb/Documents/open-source/freedom-e-sdk/bsp/freedom-e310-arty/install/lib/release//libmetal.a(sifive_uart0.o)
                0x00000000204034b4                __metal_driver_sifive_uart0_txready
 .text.__metal_driver_sifive_uart0_set_tx_watermark
                0x00000000204034ce       0x24 /home/cyrilb/Documents/open-source/freedom-e-sdk/bsp/freedom-e310-arty/install/lib/release//libmetal.a(sifive_uart0.o)
                0x00000000204034ce                __metal_driver_sifive_uart0_set_tx_watermark
 .text.__metal_driver_sifive_uart0_get_tx_watermark
                0x00000000204034f2       0x1c /home/cyrilb/Documents/open-source/freedom-e-sdk/bsp/freedom-e310-arty/install/lib/release//libmetal.a(sifive_uart0.o)
                0x00000000204034f2                __metal_driver_sifive_uart0_get_tx_watermark
 .text.__metal_driver_sifive_uart0_set_rx_watermark
                0x000000002040350e       0x24 /home/cyrilb/Documents/open-source/freedom-e-sdk/bsp/freedom-e310-arty/install/lib/release//libmetal.a(sifive_uart0.o)
                0x000000002040350e                __metal_driver_sifive_uart0_set_rx_watermark
 .text.__metal_driver_sifive_uart0_get_rx_watermark
                0x0000000020403532       0x1c /home/cyrilb/Documents/open-source/freedom-e-sdk/bsp/freedom-e310-arty/install/lib/release//libmetal.a(sifive_uart0.o)
                0x0000000020403532                __metal_driver_sifive_uart0_get_rx_watermark
 .text.__metal_driver_sifive_uart0_putc
                0x000000002040354e       0x32 /home/cyrilb/Documents/open-source/freedom-e-sdk/bsp/freedom-e310-arty/install/lib/release//libmetal.a(sifive_uart0.o)
                0x000000002040354e                __metal_driver_sifive_uart0_putc
 .text.__metal_driver_sifive_uart0_getc
                0x0000000020403580       0x24 /home/cyrilb/Documents/open-source/freedom-e-sdk/bsp/freedom-e310-arty/install/lib/release//libmetal.a(sifive_uart0.o)
                0x0000000020403580                __metal_driver_sifive_uart0_getc
 .text.__metal_driver_sifive_uart0_get_baud_rate
                0x00000000204035a4        0x4 /home/cyrilb/Documents/open-source/freedom-e-sdk/bsp/freedom-e310-arty/install/lib/release//libmetal.a(sifive_uart0.o)
                0x00000000204035a4                __metal_driver_sifive_uart0_get_baud_rate
 .text.__metal_driver_sifive_uart0_set_baud_rate
                0x00000000204035a8       0x52 /home/cyrilb/Documents/open-source/freedom-e-sdk/bsp/freedom-e310-arty/install/lib/release//libmetal.a(sifive_uart0.o)
                0x00000000204035a8                __metal_driver_sifive_uart0_set_baud_rate
 .text.pre_rate_change_callback_func
                0x00000000204035fa       0x7c /home/cyrilb/Documents/open-source/freedom-e-sdk/bsp/freedom-e310-arty/install/lib/release//libmetal.a(sifive_uart0.o)
 .text.post_rate_change_callback_func
                0x0000000020403676        0x6 /home/cyrilb/Documents/open-source/freedom-e-sdk/bsp/freedom-e310-arty/install/lib/release//libmetal.a(sifive_uart0.o)
 .text.__metal_driver_sifive_uart0_init
                0x000000002040367c       0x98 /home/cyrilb/Documents/open-source/freedom-e-sdk/bsp/freedom-e310-arty/install/lib/release//libmetal.a(sifive_uart0.o)
                0x000000002040367c                __metal_driver_sifive_uart0_init
 .text._metal_clock_append_to_callbacks
                0x0000000020403714       0x18 /home/cyrilb/Documents/open-source/freedom-e-sdk/bsp/freedom-e310-arty/install/lib/release//libmetal.a(clock.o)
                0x0000000020403714                _metal_clock_append_to_callbacks
 .text.metal_cpu_interrupt_controller
                0x000000002040372c        0x8 /home/cyrilb/Documents/open-source/freedom-e-sdk/bsp/freedom-e310-arty/install/lib/release//libmetal.a(cpu.o)
                0x000000002040372c                metal_cpu_interrupt_controller
 .text.metal_cpu_get
                0x0000000020403734        0xc /home/cyrilb/Documents/open-source/freedom-e-sdk/bsp/freedom-e310-arty/install/lib/release//libmetal.a(cpu.o)
                0x0000000020403734                metal_cpu_get
 .text.metal_cpu_get_current_hartid
                0x0000000020403740        0x6 /home/cyrilb/Documents/open-source/freedom-e-sdk/bsp/freedom-e310-arty/install/lib/release//libmetal.a(cpu.o)
                0x0000000020403740                metal_cpu_get_current_hartid
 .text.metal_shutdown
                0x0000000020403746        0x4 /home/cyrilb/Documents/open-source/freedom-e-sdk/bsp/freedom-e310-arty/install/lib/release//libmetal.a(shutdown.o)
                0x0000000020403746                metal_shutdown
 *fill*         0x000000002040374a       0x36 
 .text          0x0000000020403780       0x80 /home/cyrilb/Documents/open-source/freedom-e-sdk/bsp/freedom-e310-arty/install/lib/release//libmetal.a(vector.o)
                0x0000000020403780                __metal_vector_table
 .text.__metal_driver_fixed_clock_get_rate_hz
                0x0000000020403800       0x1a /home/cyrilb/Documents/open-source/freedom-e-sdk/bsp/freedom-e310-arty/install/lib/release//libmetal.a(fixed-clock.o)
                0x0000000020403800                __metal_driver_fixed_clock_get_rate_hz
 .text.__metal_driver_fixed_clock_set_rate_hz
                0x000000002040381a       0x1a /home/cyrilb/Documents/open-source/freedom-e-sdk/bsp/freedom-e310-arty/install/lib/release//libmetal.a(fixed-clock.o)
                0x000000002040381a                __metal_driver_fixed_clock_set_rate_hz
 .text._exit    0x0000000020403834        0x6 /home/cyrilb/Documents/open-source/freedom-e-sdk/bsp/freedom-e310-arty/install/lib/release//libmetal-gloss.a(sys_exit.o)
                0x0000000020403834                _exit
 *(.gnu.linkonce.t.*)

.rela.dyn       0x000000002040383c        0x0
 .rela.text._vfprintf_r
                0x000000002040383c        0x0 /tmp/ccnsc3Cj.o
 .rela.text._sbrk_r
                0x000000002040383c        0x0 /tmp/ccnsc3Cj.o
 .rela.text._write_r
                0x000000002040383c        0x0 /tmp/ccnsc3Cj.o
 .rela.text._close_r
                0x000000002040383c        0x0 /tmp/ccnsc3Cj.o
 .rela.text._lseek_r
                0x000000002040383c        0x0 /tmp/ccnsc3Cj.o
 .rela.text._read_r
                0x000000002040383c        0x0 /tmp/ccnsc3Cj.o
 .rela.text._fstat_r
                0x000000002040383c        0x0 /tmp/ccnsc3Cj.o
 .rela.text._isatty_r
                0x000000002040383c        0x0 /tmp/ccnsc3Cj.o
 .rela.text.metal.init.enter
                0x000000002040383c        0x0 /tmp/ccnsc3Cj.o
 .rela.text.metal.init.scrub
                0x000000002040383c        0x0 /tmp/ccnsc3Cj.o
 .rela.text.libgloss.start
                0x000000002040383c        0x0 /tmp/ccnsc3Cj.o
 .rela.text._sbrk
                0x000000002040383c        0x0 /tmp/ccnsc3Cj.o
 .rela.sdata.__brk
                0x000000002040383c        0x0 /tmp/ccnsc3Cj.o
 .rela.text.__libc_fini_array
                0x000000002040383c        0x0 /tmp/ccnsc3Cj.o
 .rela.text.__libc_init_array
                0x000000002040383c        0x0 /tmp/ccnsc3Cj.o
 .rela.text.__register_exitproc
                0x000000002040383c        0x0 /tmp/ccnsc3Cj.o
 .rela.text.metal_init
                0x000000002040383c        0x0 /tmp/ccnsc3Cj.o
 .rela.text.metal_fini
                0x000000002040383c        0x0 /tmp/ccnsc3Cj.o
 .rela.text     0x000000002040383c        0x0 /tmp/ccnsc3Cj.o

.data           0x0000000080000000      0x794 load address 0x0000000020403840
 *(.data .data.*)
 .data.impure_data
                0x0000000080000000       0x60 /home/cyrilb/Opt/riscv64-unknown-elf-gcc-8.3.0-2020.04.0-x86_64-linux-ubuntu14/bin/../lib/gcc/riscv64-unknown-elf/8.3.0/../../../../riscv64-unknown-elf/lib/rv32imac/ilp32/libc_nano.a(lib_a-impure.o)
 .data.__metal_dt_clock_0
                0x0000000080000060        0xc /home/cyrilb/Documents/open-source/freedom-e-sdk/bsp/freedom-e310-arty/install/lib/release//libmetal.a(inline.o)
                0x0000000080000060                __metal_dt_clock_0
 *fill*         0x000000008000006c        0x4 
 .data.__metal_dt_cpu_0_interrupt_controller
                0x0000000080000070      0x3d0 /home/cyrilb/Documents/open-source/freedom-e-sdk/bsp/freedom-e310-arty/install/lib/release//libmetal.a(inline.o)
                0x0000000080000070                __metal_dt_cpu_0_interrupt_controller
 .data.__metal_dt_interrupt_controller_c000000
                0x0000000080000440      0x300 /home/cyrilb/Documents/open-source/freedom-e-sdk/bsp/freedom-e310-arty/install/lib/release//libmetal.a(inline.o)
                0x0000000080000440                __metal_dt_interrupt_controller_c000000
 .data.__metal_dt_serial_10013000
                0x0000000080000740       0x20 /home/cyrilb/Documents/open-source/freedom-e-sdk/bsp/freedom-e310-arty/install/lib/release//libmetal.a(inline.o)
                0x0000000080000740                __metal_dt_serial_10013000
 *(.gnu.linkonce.d.*)
                0x0000000080000760                . = ALIGN (0x8)
                0x0000000080000f60                PROVIDE (__global_pointer$ = (. + 0x800))
 *(.sdata .sdata.* .sdata2.*)
 .sdata._impure_ptr
                0x0000000080000760        0x4 /home/cyrilb/Opt/riscv64-unknown-elf-gcc-8.3.0-2020.04.0-x86_64-linux-ubuntu14/bin/../lib/gcc/riscv64-unknown-elf/8.3.0/../../../../riscv64-unknown-elf/lib/rv32imac/ilp32/libc_nano.a(lib_a-impure.o)
                0x0000000080000760                _impure_ptr
 .sdata2._global_impure_ptr
                0x0000000080000764        0x4 /home/cyrilb/Opt/riscv64-unknown-elf-gcc-8.3.0-2020.04.0-x86_64-linux-ubuntu14/bin/../lib/gcc/riscv64-unknown-elf/8.3.0/../../../../riscv64-unknown-elf/lib/rv32imac/ilp32/libc_nano.a(lib_a-impure.o)
                0x0000000080000764                _global_impure_ptr
 .sdata.__brk   0x0000000080000768        0x4 /home/cyrilb/Documents/open-source/freedom-e-sdk/bsp/freedom-e310-arty/install/lib/release//libmetal-gloss.a(sys_sbrk.o)
 .sdata.__metal_dt_clint_2000000
                0x000000008000076c        0x8 /home/cyrilb/Documents/open-source/freedom-e-sdk/bsp/freedom-e310-arty/install/lib/release//libmetal.a(inline.o)
                0x000000008000076c                __metal_dt_clint_2000000
 .sdata.__metal_dt_cpu_0
                0x0000000080000774        0x8 /home/cyrilb/Documents/open-source/freedom-e-sdk/bsp/freedom-e310-arty/install/lib/release//libmetal.a(inline.o)
                0x0000000080000774                __metal_dt_cpu_0
 .sdata.__metal_dt_gpio_10012000
                0x000000008000077c        0x4 /home/cyrilb/Documents/open-source/freedom-e-sdk/bsp/freedom-e310-arty/install/lib/release//libmetal.a(inline.o)
                0x000000008000077c                __metal_dt_gpio_10012000
 .sdata.__metal_cpu_table
                0x0000000080000780        0x4 /home/cyrilb/Documents/open-source/freedom-e-sdk/bsp/freedom-e310-arty/install/lib/release//libmetal.a(riscv_cpu.o)
 .sdata2.CSWTCH.18
                0x0000000080000784        0x3 /home/cyrilb/Documents/open-source/freedom-e-sdk/bsp/freedom-e310-arty/install/lib/release//libmetal.a(riscv_cpu.o)
 *fill*         0x0000000080000787        0x1 
 .sdata.__metal_cpu_table
                0x0000000080000788        0x4 /home/cyrilb/Documents/open-source/freedom-e-sdk/bsp/freedom-e310-arty/install/lib/release//libmetal.a(cpu.o)
 .sdata2.__metal_driver_vtable_fixed_clock
                0x000000008000078c        0x8 /home/cyrilb/Documents/open-source/freedom-e-sdk/bsp/freedom-e310-arty/install/lib/release//libmetal.a(fixed-clock.o)
                0x000000008000078c                __metal_driver_vtable_fixed_clock
 *(.gnu.linkonce.s.*)

.tdata          0x0000000080000798        0x0 load address 0x0000000020403fd8
                0x0000000080000798                PROVIDE (__tls_base = .)
 *(.tdata .tdata.* .gnu.linkonce.td.*)
                [!provide]                        PROVIDE (__tdata_source = LOADADDR (.tdata))
                [!provide]                        PROVIDE (__tdata_size = SIZEOF (.tdata))
                0x0000000020403840                PROVIDE (metal_segment_data_source_start = LOADADDR (.data))
                0x0000000080000000                PROVIDE (metal_segment_data_target_start = ADDR (.data))
                0x0000000080000798                PROVIDE (metal_segment_data_target_end = (ADDR (.tdata) + SIZEOF (.tdata)))

.tbss           0x0000000080000798        0x0
 *(.tbss .tbss.* .gnu.linkonce.tb.*)
 *(.tcommon .tcommon.*)
                [!provide]                        PROVIDE (__tls_end = .)
                0x0000000000000000                PROVIDE (__tbss_size = SIZEOF (.tbss))
                [!provide]                        PROVIDE (__tls_size = (__tls_end - __tls_base))

.tbss_space     0x0000000080000798        0x0
                0x0000000080000798                . = (. + __tbss_size)

.bss            0x0000000080000798       0xa4
 *(.sbss*)
 .sbss.__malloc_free_list
                0x0000000080000798        0x4 /home/cyrilb/Opt/riscv64-unknown-elf-gcc-8.3.0-2020.04.0-x86_64-linux-ubuntu14/bin/../lib/gcc/riscv64-unknown-elf/8.3.0/../../../../riscv64-unknown-elf/lib/rv32imac/ilp32/libc_nano.a(lib_a-nano-mallocr.o)
                0x0000000080000798                __malloc_free_list
 .sbss.__malloc_sbrk_start
                0x000000008000079c        0x4 /home/cyrilb/Opt/riscv64-unknown-elf-gcc-8.3.0-2020.04.0-x86_64-linux-ubuntu14/bin/../lib/gcc/riscv64-unknown-elf/8.3.0/../../../../riscv64-unknown-elf/lib/rv32imac/ilp32/libc_nano.a(lib_a-nano-mallocr.o)
                0x000000008000079c                __malloc_sbrk_start
 .sbss._global_atexit
                0x00000000800007a0        0x4 /home/cyrilb/Opt/riscv64-unknown-elf-gcc-8.3.0-2020.04.0-x86_64-linux-ubuntu14/bin/../lib/gcc/riscv64-unknown-elf/8.3.0/../../../../riscv64-unknown-elf/lib/rv32imac/ilp32/libc_nano.a(lib_a-__call_atexit.o)
                0x00000000800007a0                _global_atexit
 .sbss.fini_done.1540
                0x00000000800007a4        0x4 /home/cyrilb/Documents/open-source/freedom-e-sdk/bsp/freedom-e310-arty/install/lib/release//libmetal.a(init.o)
 .sbss.init_done.1531
                0x00000000800007a8        0x4 /home/cyrilb/Documents/open-source/freedom-e-sdk/bsp/freedom-e310-arty/install/lib/release//libmetal.a(init.o)
 *(.gnu.linkonce.sb.*)
 *(.bss .bss.*)
 .bss._global_atexit0
                0x00000000800007ac       0x8c /home/cyrilb/Opt/riscv64-unknown-elf-gcc-8.3.0-2020.04.0-x86_64-linux-ubuntu14/bin/../lib/gcc/riscv64-unknown-elf/8.3.0/../../../../riscv64-unknown-elf/lib/rv32imac/ilp32/libc_nano.a(lib_a-__atexit.o)
 *(.gnu.linkonce.b.*)
 *(COMMON)
 COMMON         0x0000000080000838        0x4 /home/cyrilb/Opt/riscv64-unknown-elf-gcc-8.3.0-2020.04.0-x86_64-linux-ubuntu14/bin/../lib/gcc/riscv64-unknown-elf/8.3.0/../../../../riscv64-unknown-elf/lib/rv32imac/ilp32/libc_nano.a(lib_a-reent.o)
                0x0000000080000838                errno
                [!provide]                        PROVIDE (metal_segment_bss_source_start = LOADADDR (.tbss))
                0x0000000080000798                PROVIDE (metal_segment_bss_target_start = ADDR (.tbss))
                0x000000008000083c                PROVIDE (metal_segment_bss_target_end = (ADDR (.bss) + SIZEOF (.bss)))

.stack          0x0000000080000840      0x400
                [!provide]                        PROVIDE (metal_segment_stack_begin = .)
                0x0000000080000c40                . = (. + __stack_size)
 *fill*         0x0000000080000840      0x400 
                0x0000000080000c40                PROVIDE (_sp = .)
                [!provide]                        PROVIDE (metal_segment_stack_end = .)

.heap           0x0000000080000c40      0x800
                [!provide]                        PROVIDE (__end = .)
                [!provide]                        PROVIDE (__heap_start = .)
                0x0000000080000c40                PROVIDE (metal_segment_heap_target_start = .)
                0x0000000000000800                . = DEFINED (__heap_max)?MIN ((LENGTH (ram) - (. - ORIGIN (ram))), 0x10000000):__heap_size
 *fill*         0x0000000080000c40      0x800 
                0x0000000080001440                PROVIDE (metal_segment_heap_target_end = .)
                [!provide]                        PROVIDE (_heap_end = .)
                [!provide]                        PROVIDE (__heap_end = .)

/DISCARD/
 *(.eh_frame .eh_frame.*)
OUTPUT(empty elf32-littleriscv)

.comment        0x0000000000000000       0x28
 .comment       0x0000000000000000       0x28 /tmp/ccnsc3Cj.o
                                         0x29 (size before relaxing)
 .comment       0x0000000000000028       0x29 /home/cyrilb/Opt/riscv64-unknown-elf-gcc-8.3.0-2020.04.0-x86_64-linux-ubuntu14/bin/../lib/gcc/riscv64-unknown-elf/8.3.0/../../../../riscv64-unknown-elf/lib/rv32imac/ilp32/libc_nano.a(lib_a-printf.o)
 .comment       0x0000000000000028       0x29 /home/cyrilb/Opt/riscv64-unknown-elf-gcc-8.3.0-2020.04.0-x86_64-linux-ubuntu14/bin/../lib/gcc/riscv64-unknown-elf/8.3.0/../../../../riscv64-unknown-elf/lib/rv32imac/ilp32/libc_nano.a(lib_a-findfp.o)
 .comment       0x0000000000000028       0x29 /home/cyrilb/Opt/riscv64-unknown-elf-gcc-8.3.0-2020.04.0-x86_64-linux-ubuntu14/bin/../lib/gcc/riscv64-unknown-elf/8.3.0/../../../../riscv64-unknown-elf/lib/rv32imac/ilp32/libc_nano.a(lib_a-fwalk.o)
 .comment       0x0000000000000028       0x29 /home/cyrilb/Opt/riscv64-unknown-elf-gcc-8.3.0-2020.04.0-x86_64-linux-ubuntu14/bin/../lib/gcc/riscv64-unknown-elf/8.3.0/../../../../riscv64-unknown-elf/lib/rv32imac/ilp32/libc_nano.a(lib_a-impure.o)
 .comment       0x0000000000000028       0x29 /home/cyrilb/Opt/riscv64-unknown-elf-gcc-8.3.0-2020.04.0-x86_64-linux-ubuntu14/bin/../lib/gcc/riscv64-unknown-elf/8.3.0/../../../../riscv64-unknown-elf/lib/rv32imac/ilp32/libc_nano.a(lib_a-nano-mallocr.o)
 .comment       0x0000000000000028       0x29 /home/cyrilb/Opt/riscv64-unknown-elf-gcc-8.3.0-2020.04.0-x86_64-linux-ubuntu14/bin/../lib/gcc/riscv64-unknown-elf/8.3.0/../../../../riscv64-unknown-elf/lib/rv32imac/ilp32/libc_nano.a(lib_a-nano-vfprintf.o)
 .comment       0x0000000000000028       0x29 /home/cyrilb/Opt/riscv64-unknown-elf-gcc-8.3.0-2020.04.0-x86_64-linux-ubuntu14/bin/../lib/gcc/riscv64-unknown-elf/8.3.0/../../../../riscv64-unknown-elf/lib/rv32imac/ilp32/libc_nano.a(lib_a-sbrkr.o)
 .comment       0x0000000000000028       0x29 /home/cyrilb/Opt/riscv64-unknown-elf-gcc-8.3.0-2020.04.0-x86_64-linux-ubuntu14/bin/../lib/gcc/riscv64-unknown-elf/8.3.0/../../../../riscv64-unknown-elf/lib/rv32imac/ilp32/libc_nano.a(lib_a-stdio.o)
 .comment       0x0000000000000028       0x29 /home/cyrilb/Opt/riscv64-unknown-elf-gcc-8.3.0-2020.04.0-x86_64-linux-ubuntu14/bin/../lib/gcc/riscv64-unknown-elf/8.3.0/../../../../riscv64-unknown-elf/lib/rv32imac/ilp32/libc_nano.a(lib_a-wbuf.o)
 .comment       0x0000000000000028       0x29 /home/cyrilb/Opt/riscv64-unknown-elf-gcc-8.3.0-2020.04.0-x86_64-linux-ubuntu14/bin/../lib/gcc/riscv64-unknown-elf/8.3.0/../../../../riscv64-unknown-elf/lib/rv32imac/ilp32/libc_nano.a(lib_a-writer.o)
 .comment       0x0000000000000028       0x29 /home/cyrilb/Opt/riscv64-unknown-elf-gcc-8.3.0-2020.04.0-x86_64-linux-ubuntu14/bin/../lib/gcc/riscv64-unknown-elf/8.3.0/../../../../riscv64-unknown-elf/lib/rv32imac/ilp32/libc_nano.a(lib_a-wsetup.o)
 .comment       0x0000000000000028       0x29 /home/cyrilb/Opt/riscv64-unknown-elf-gcc-8.3.0-2020.04.0-x86_64-linux-ubuntu14/bin/../lib/gcc/riscv64-unknown-elf/8.3.0/../../../../riscv64-unknown-elf/lib/rv32imac/ilp32/libc_nano.a(lib_a-closer.o)
 .comment       0x0000000000000028       0x29 /home/cyrilb/Opt/riscv64-unknown-elf-gcc-8.3.0-2020.04.0-x86_64-linux-ubuntu14/bin/../lib/gcc/riscv64-unknown-elf/8.3.0/../../../../riscv64-unknown-elf/lib/rv32imac/ilp32/libc_nano.a(lib_a-fflush.o)
 .comment       0x0000000000000028       0x29 /home/cyrilb/Opt/riscv64-unknown-elf-gcc-8.3.0-2020.04.0-x86_64-linux-ubuntu14/bin/../lib/gcc/riscv64-unknown-elf/8.3.0/../../../../riscv64-unknown-elf/lib/rv32imac/ilp32/libc_nano.a(lib_a-lseekr.o)
 .comment       0x0000000000000028       0x29 /home/cyrilb/Opt/riscv64-unknown-elf-gcc-8.3.0-2020.04.0-x86_64-linux-ubuntu14/bin/../lib/gcc/riscv64-unknown-elf/8.3.0/../../../../riscv64-unknown-elf/lib/rv32imac/ilp32/libc_nano.a(lib_a-makebuf.o)
 .comment       0x0000000000000028       0x29 /home/cyrilb/Opt/riscv64-unknown-elf-gcc-8.3.0-2020.04.0-x86_64-linux-ubuntu14/bin/../lib/gcc/riscv64-unknown-elf/8.3.0/../../../../riscv64-unknown-elf/lib/rv32imac/ilp32/libc_nano.a(lib_a-memchr.o)
 .comment       0x0000000000000028       0x29 /home/cyrilb/Opt/riscv64-unknown-elf-gcc-8.3.0-2020.04.0-x86_64-linux-ubuntu14/bin/../lib/gcc/riscv64-unknown-elf/8.3.0/../../../../riscv64-unknown-elf/lib/rv32imac/ilp32/libc_nano.a(lib_a-mlock.o)
 .comment       0x0000000000000028       0x29 /home/cyrilb/Opt/riscv64-unknown-elf-gcc-8.3.0-2020.04.0-x86_64-linux-ubuntu14/bin/../lib/gcc/riscv64-unknown-elf/8.3.0/../../../../riscv64-unknown-elf/lib/rv32imac/ilp32/libc_nano.a(lib_a-nano-freer.o)
 .comment       0x0000000000000028       0x29 /home/cyrilb/Opt/riscv64-unknown-elf-gcc-8.3.0-2020.04.0-x86_64-linux-ubuntu14/bin/../lib/gcc/riscv64-unknown-elf/8.3.0/../../../../riscv64-unknown-elf/lib/rv32imac/ilp32/libc_nano.a(lib_a-nano-vfprintf_i.o)
 .comment       0x0000000000000028       0x29 /home/cyrilb/Opt/riscv64-unknown-elf-gcc-8.3.0-2020.04.0-x86_64-linux-ubuntu14/bin/../lib/gcc/riscv64-unknown-elf/8.3.0/../../../../riscv64-unknown-elf/lib/rv32imac/ilp32/libc_nano.a(lib_a-readr.o)
 .comment       0x0000000000000028       0x29 /home/cyrilb/Opt/riscv64-unknown-elf-gcc-8.3.0-2020.04.0-x86_64-linux-ubuntu14/bin/../lib/gcc/riscv64-unknown-elf/8.3.0/../../../../riscv64-unknown-elf/lib/rv32imac/ilp32/libc_nano.a(lib_a-reent.o)
 .comment       0x0000000000000028       0x29 /home/cyrilb/Opt/riscv64-unknown-elf-gcc-8.3.0-2020.04.0-x86_64-linux-ubuntu14/bin/../lib/gcc/riscv64-unknown-elf/8.3.0/../../../../riscv64-unknown-elf/lib/rv32imac/ilp32/libc_nano.a(lib_a-fstatr.o)
 .comment       0x0000000000000028       0x29 /home/cyrilb/Opt/riscv64-unknown-elf-gcc-8.3.0-2020.04.0-x86_64-linux-ubuntu14/bin/../lib/gcc/riscv64-unknown-elf/8.3.0/../../../../riscv64-unknown-elf/lib/rv32imac/ilp32/libc_nano.a(lib_a-isattyr.o)
 .comment       0x0000000000000028       0x29 /home/cyrilb/Documents/open-source/freedom-e-sdk/bsp/freedom-e310-arty/install/lib/release//libmetal-gloss.a(sys_close.o)
 .comment       0x0000000000000028       0x29 /home/cyrilb/Documents/open-source/freedom-e-sdk/bsp/freedom-e310-arty/install/lib/release//libmetal-gloss.a(sys_fstat.o)
 .comment       0x0000000000000028       0x29 /home/cyrilb/Documents/open-source/freedom-e-sdk/bsp/freedom-e310-arty/install/lib/release//libmetal-gloss.a(sys_isatty.o)
 .comment       0x0000000000000028       0x29 /home/cyrilb/Documents/open-source/freedom-e-sdk/bsp/freedom-e310-arty/install/lib/release//libmetal-gloss.a(sys_lseek.o)
 .comment       0x0000000000000028       0x29 /home/cyrilb/Documents/open-source/freedom-e-sdk/bsp/freedom-e310-arty/install/lib/release//libmetal-gloss.a(sys_read.o)
 .comment       0x0000000000000028       0x29 /home/cyrilb/Documents/open-source/freedom-e-sdk/bsp/freedom-e310-arty/install/lib/release//libmetal-gloss.a(sys_sbrk.o)
 .comment       0x0000000000000028       0x29 /home/cyrilb/Documents/open-source/freedom-e-sdk/bsp/freedom-e310-arty/install/lib/release//libmetal-gloss.a(sys_write.o)
 .comment       0x0000000000000028       0x29 /home/cyrilb/Opt/riscv64-unknown-elf-gcc-8.3.0-2020.04.0-x86_64-linux-ubuntu14/bin/../lib/gcc/riscv64-unknown-elf/8.3.0/../../../../riscv64-unknown-elf/lib/rv32imac/ilp32/libc_nano.a(lib_a-atexit.o)
 .comment       0x0000000000000028       0x29 /home/cyrilb/Opt/riscv64-unknown-elf-gcc-8.3.0-2020.04.0-x86_64-linux-ubuntu14/bin/../lib/gcc/riscv64-unknown-elf/8.3.0/../../../../riscv64-unknown-elf/lib/rv32imac/ilp32/libc_nano.a(lib_a-errno.o)
 .comment       0x0000000000000028       0x29 /home/cyrilb/Opt/riscv64-unknown-elf-gcc-8.3.0-2020.04.0-x86_64-linux-ubuntu14/bin/../lib/gcc/riscv64-unknown-elf/8.3.0/../../../../riscv64-unknown-elf/lib/rv32imac/ilp32/libc_nano.a(lib_a-exit.o)
 .comment       0x0000000000000028       0x29 /home/cyrilb/Opt/riscv64-unknown-elf-gcc-8.3.0-2020.04.0-x86_64-linux-ubuntu14/bin/../lib/gcc/riscv64-unknown-elf/8.3.0/../../../../riscv64-unknown-elf/lib/rv32imac/ilp32/libc_nano.a(lib_a-fini.o)
 .comment       0x0000000000000028       0x29 /home/cyrilb/Opt/riscv64-unknown-elf-gcc-8.3.0-2020.04.0-x86_64-linux-ubuntu14/bin/../lib/gcc/riscv64-unknown-elf/8.3.0/../../../../riscv64-unknown-elf/lib/rv32imac/ilp32/libc_nano.a(lib_a-init.o)
 .comment       0x0000000000000028       0x29 /home/cyrilb/Opt/riscv64-unknown-elf-gcc-8.3.0-2020.04.0-x86_64-linux-ubuntu14/bin/../lib/gcc/riscv64-unknown-elf/8.3.0/../../../../riscv64-unknown-elf/lib/rv32imac/ilp32/libc_nano.a(lib_a-__atexit.o)
 .comment       0x0000000000000028       0x29 /home/cyrilb/Opt/riscv64-unknown-elf-gcc-8.3.0-2020.04.0-x86_64-linux-ubuntu14/bin/../lib/gcc/riscv64-unknown-elf/8.3.0/../../../../riscv64-unknown-elf/lib/rv32imac/ilp32/libc_nano.a(lib_a-__call_atexit.o)
 .comment       0x0000000000000028       0x29 /home/cyrilb/Documents/open-source/freedom-e-sdk/bsp/freedom-e310-arty/install/lib/release//libmetal.a(init.o)
 .comment       0x0000000000000028       0x29 /home/cyrilb/Documents/open-source/freedom-e-sdk/bsp/freedom-e310-arty/install/lib/release//libmetal.a(synchronize_harts.o)
 .comment       0x0000000000000028       0x29 /home/cyrilb/Documents/open-source/freedom-e-sdk/bsp/freedom-e310-arty/install/lib/release//libmetal.a(tty.o)
 .comment       0x0000000000000028       0x29 /home/cyrilb/Documents/open-source/freedom-e-sdk/bsp/freedom-e310-arty/install/lib/release//libmetal.a(uart.o)
 .comment       0x0000000000000028       0x29 /home/cyrilb/Documents/open-source/freedom-e-sdk/bsp/freedom-e310-arty/install/lib/release//libmetal.a(inline.o)
 .comment       0x0000000000000028       0x29 /home/cyrilb/Documents/open-source/freedom-e-sdk/bsp/freedom-e310-arty/install/lib/release//libmetal.a(riscv_clint0.o)
 .comment       0x0000000000000028       0x29 /home/cyrilb/Documents/open-source/freedom-e-sdk/bsp/freedom-e310-arty/install/lib/release//libmetal.a(riscv_cpu.o)
 .comment       0x0000000000000028       0x29 /home/cyrilb/Documents/open-source/freedom-e-sdk/bsp/freedom-e310-arty/install/lib/release//libmetal.a(riscv_plic0.o)
 .comment       0x0000000000000028       0x29 /home/cyrilb/Documents/open-source/freedom-e-sdk/bsp/freedom-e310-arty/install/lib/release//libmetal.a(sifive_gpio0.o)
 .comment       0x0000000000000028       0x29 /home/cyrilb/Documents/open-source/freedom-e-sdk/bsp/freedom-e310-arty/install/lib/release//libmetal.a(sifive_uart0.o)
 .comment       0x0000000000000028       0x29 /home/cyrilb/Documents/open-source/freedom-e-sdk/bsp/freedom-e310-arty/install/lib/release//libmetal.a(clock.o)
 .comment       0x0000000000000028       0x29 /home/cyrilb/Documents/open-source/freedom-e-sdk/bsp/freedom-e310-arty/install/lib/release//libmetal.a(cpu.o)
 .comment       0x0000000000000028       0x29 /home/cyrilb/Documents/open-source/freedom-e-sdk/bsp/freedom-e310-arty/install/lib/release//libmetal.a(shutdown.o)
 .comment       0x0000000000000028       0x29 /home/cyrilb/Documents/open-source/freedom-e-sdk/bsp/freedom-e310-arty/install/lib/release//libmetal.a(fixed-clock.o)
 .comment       0x0000000000000028       0x29 /home/cyrilb/Documents/open-source/freedom-e-sdk/bsp/freedom-e310-arty/install/lib/release//libmetal-gloss.a(sys_exit.o)

.riscv.attributes
                0x0000000000000000       0x2b
 .riscv.attributes
                0x0000000000000000       0x2b /tmp/ccnsc3Cj.o
 .riscv.attributes
                0x000000000000002b       0x2b /home/cyrilb/Opt/riscv64-unknown-elf-gcc-8.3.0-2020.04.0-x86_64-linux-ubuntu14/bin/../lib/gcc/riscv64-unknown-elf/8.3.0/../../../../riscv64-unknown-elf/lib/rv32imac/ilp32/libc_nano.a(lib_a-printf.o)
 .riscv.attributes
                0x0000000000000056       0x2b /home/cyrilb/Opt/riscv64-unknown-elf-gcc-8.3.0-2020.04.0-x86_64-linux-ubuntu14/bin/../lib/gcc/riscv64-unknown-elf/8.3.0/../../../../riscv64-unknown-elf/lib/rv32imac/ilp32/libc_nano.a(lib_a-findfp.o)
 .riscv.attributes
                0x0000000000000081       0x2b /home/cyrilb/Opt/riscv64-unknown-elf-gcc-8.3.0-2020.04.0-x86_64-linux-ubuntu14/bin/../lib/gcc/riscv64-unknown-elf/8.3.0/../../../../riscv64-unknown-elf/lib/rv32imac/ilp32/libc_nano.a(lib_a-fwalk.o)
 .riscv.attributes
                0x00000000000000ac       0x2b /home/cyrilb/Opt/riscv64-unknown-elf-gcc-8.3.0-2020.04.0-x86_64-linux-ubuntu14/bin/../lib/gcc/riscv64-unknown-elf/8.3.0/../../../../riscv64-unknown-elf/lib/rv32imac/ilp32/libc_nano.a(lib_a-impure.o)
 .riscv.attributes
                0x00000000000000d7       0x29 /home/cyrilb/Opt/riscv64-unknown-elf-gcc-8.3.0-2020.04.0-x86_64-linux-ubuntu14/bin/../lib/gcc/riscv64-unknown-elf/8.3.0/../../../../riscv64-unknown-elf/lib/rv32imac/ilp32/libc_nano.a(lib_a-memset.o)
 .riscv.attributes
                0x0000000000000100       0x2b /home/cyrilb/Opt/riscv64-unknown-elf-gcc-8.3.0-2020.04.0-x86_64-linux-ubuntu14/bin/../lib/gcc/riscv64-unknown-elf/8.3.0/../../../../riscv64-unknown-elf/lib/rv32imac/ilp32/libc_nano.a(lib_a-nano-mallocr.o)
 .riscv.attributes
                0x000000000000012b       0x2b /home/cyrilb/Opt/riscv64-unknown-elf-gcc-8.3.0-2020.04.0-x86_64-linux-ubuntu14/bin/../lib/gcc/riscv64-unknown-elf/8.3.0/../../../../riscv64-unknown-elf/lib/rv32imac/ilp32/libc_nano.a(lib_a-nano-vfprintf.o)
 .riscv.attributes
                0x0000000000000156       0x2b /home/cyrilb/Opt/riscv64-unknown-elf-gcc-8.3.0-2020.04.0-x86_64-linux-ubuntu14/bin/../lib/gcc/riscv64-unknown-elf/8.3.0/../../../../riscv64-unknown-elf/lib/rv32imac/ilp32/libc_nano.a(lib_a-sbrkr.o)
 .riscv.attributes
                0x0000000000000181       0x2b /home/cyrilb/Opt/riscv64-unknown-elf-gcc-8.3.0-2020.04.0-x86_64-linux-ubuntu14/bin/../lib/gcc/riscv64-unknown-elf/8.3.0/../../../../riscv64-unknown-elf/lib/rv32imac/ilp32/libc_nano.a(lib_a-stdio.o)
 .riscv.attributes
                0x00000000000001ac       0x2b /home/cyrilb/Opt/riscv64-unknown-elf-gcc-8.3.0-2020.04.0-x86_64-linux-ubuntu14/bin/../lib/gcc/riscv64-unknown-elf/8.3.0/../../../../riscv64-unknown-elf/lib/rv32imac/ilp32/libc_nano.a(lib_a-wbuf.o)
 .riscv.attributes
                0x00000000000001d7       0x2b /home/cyrilb/Opt/riscv64-unknown-elf-gcc-8.3.0-2020.04.0-x86_64-linux-ubuntu14/bin/../lib/gcc/riscv64-unknown-elf/8.3.0/../../../../riscv64-unknown-elf/lib/rv32imac/ilp32/libc_nano.a(lib_a-writer.o)
 .riscv.attributes
                0x0000000000000202       0x2b /home/cyrilb/Opt/riscv64-unknown-elf-gcc-8.3.0-2020.04.0-x86_64-linux-ubuntu14/bin/../lib/gcc/riscv64-unknown-elf/8.3.0/../../../../riscv64-unknown-elf/lib/rv32imac/ilp32/libc_nano.a(lib_a-wsetup.o)
 .riscv.attributes
                0x000000000000022d       0x2b /home/cyrilb/Opt/riscv64-unknown-elf-gcc-8.3.0-2020.04.0-x86_64-linux-ubuntu14/bin/../lib/gcc/riscv64-unknown-elf/8.3.0/../../../../riscv64-unknown-elf/lib/rv32imac/ilp32/libc_nano.a(lib_a-closer.o)
 .riscv.attributes
                0x0000000000000258       0x2b /home/cyrilb/Opt/riscv64-unknown-elf-gcc-8.3.0-2020.04.0-x86_64-linux-ubuntu14/bin/../lib/gcc/riscv64-unknown-elf/8.3.0/../../../../riscv64-unknown-elf/lib/rv32imac/ilp32/libc_nano.a(lib_a-fflush.o)
 .riscv.attributes
                0x0000000000000283       0x2b /home/cyrilb/Opt/riscv64-unknown-elf-gcc-8.3.0-2020.04.0-x86_64-linux-ubuntu14/bin/../lib/gcc/riscv64-unknown-elf/8.3.0/../../../../riscv64-unknown-elf/lib/rv32imac/ilp32/libc_nano.a(lib_a-lseekr.o)
 .riscv.attributes
                0x00000000000002ae       0x2b /home/cyrilb/Opt/riscv64-unknown-elf-gcc-8.3.0-2020.04.0-x86_64-linux-ubuntu14/bin/../lib/gcc/riscv64-unknown-elf/8.3.0/../../../../riscv64-unknown-elf/lib/rv32imac/ilp32/libc_nano.a(lib_a-makebuf.o)
 .riscv.attributes
                0x00000000000002d9       0x2b /home/cyrilb/Opt/riscv64-unknown-elf-gcc-8.3.0-2020.04.0-x86_64-linux-ubuntu14/bin/../lib/gcc/riscv64-unknown-elf/8.3.0/../../../../riscv64-unknown-elf/lib/rv32imac/ilp32/libc_nano.a(lib_a-memchr.o)
 .riscv.attributes
                0x0000000000000304       0x2b /home/cyrilb/Opt/riscv64-unknown-elf-gcc-8.3.0-2020.04.0-x86_64-linux-ubuntu14/bin/../lib/gcc/riscv64-unknown-elf/8.3.0/../../../../riscv64-unknown-elf/lib/rv32imac/ilp32/libc_nano.a(lib_a-mlock.o)
 .riscv.attributes
                0x000000000000032f       0x2b /home/cyrilb/Opt/riscv64-unknown-elf-gcc-8.3.0-2020.04.0-x86_64-linux-ubuntu14/bin/../lib/gcc/riscv64-unknown-elf/8.3.0/../../../../riscv64-unknown-elf/lib/rv32imac/ilp32/libc_nano.a(lib_a-nano-freer.o)
 .riscv.attributes
                0x000000000000035a       0x2b /home/cyrilb/Opt/riscv64-unknown-elf-gcc-8.3.0-2020.04.0-x86_64-linux-ubuntu14/bin/../lib/gcc/riscv64-unknown-elf/8.3.0/../../../../riscv64-unknown-elf/lib/rv32imac/ilp32/libc_nano.a(lib_a-nano-vfprintf_i.o)
 .riscv.attributes
                0x0000000000000385       0x2b /home/cyrilb/Opt/riscv64-unknown-elf-gcc-8.3.0-2020.04.0-x86_64-linux-ubuntu14/bin/../lib/gcc/riscv64-unknown-elf/8.3.0/../../../../riscv64-unknown-elf/lib/rv32imac/ilp32/libc_nano.a(lib_a-readr.o)
 .riscv.attributes
                0x00000000000003b0       0x2b /home/cyrilb/Opt/riscv64-unknown-elf-gcc-8.3.0-2020.04.0-x86_64-linux-ubuntu14/bin/../lib/gcc/riscv64-unknown-elf/8.3.0/../../../../riscv64-unknown-elf/lib/rv32imac/ilp32/libc_nano.a(lib_a-reent.o)
 .riscv.attributes
                0x00000000000003db       0x2b /home/cyrilb/Opt/riscv64-unknown-elf-gcc-8.3.0-2020.04.0-x86_64-linux-ubuntu14/bin/../lib/gcc/riscv64-unknown-elf/8.3.0/../../../../riscv64-unknown-elf/lib/rv32imac/ilp32/libc_nano.a(lib_a-fstatr.o)
 .riscv.attributes
                0x0000000000000406       0x2b /home/cyrilb/Opt/riscv64-unknown-elf-gcc-8.3.0-2020.04.0-x86_64-linux-ubuntu14/bin/../lib/gcc/riscv64-unknown-elf/8.3.0/../../../../riscv64-unknown-elf/lib/rv32imac/ilp32/libc_nano.a(lib_a-isattyr.o)
 .riscv.attributes
                0x0000000000000431       0x29 /home/cyrilb/Documents/open-source/freedom-e-sdk/bsp/freedom-e310-arty/install/lib/release//libmetal.a(entry.o)
 .riscv.attributes
                0x000000000000045a       0x29 /home/cyrilb/Documents/open-source/freedom-e-sdk/bsp/freedom-e310-arty/install/lib/release//libmetal.a(scrub.o)
 .riscv.attributes